Archive member included to satisfy reference by file (symbol)

c:/nxp/s32ds.3.6.5/s32ds/build_tools/gcc_v10.2/gcc-10.2-arm32-eabi/bin/../lib/gcc/arm-none-eabi/10.2.0/../../../../arm-none-eabi/lib/thumb/v7e-m+fp/hard\libc_nano.a(lib_a-memset.o)
                              ./Project_Settings/Startup_Code/startup.o (memset)
c:/nxp/s32ds.3.6.5/s32ds/build_tools/gcc_v10.2/gcc-10.2-arm32-eabi/bin/../lib/gcc/arm-none-eabi/10.2.0/../../../../arm-none-eabi/lib/thumb/v7e-m+fp/hard\libc_nano.a(lib_a-snprintf.o)
                              ./src/HMI.o (snprintf)
c:/nxp/s32ds.3.6.5/s32ds/build_tools/gcc_v10.2/gcc-10.2-arm32-eabi/bin/../lib/gcc/arm-none-eabi/10.2.0/../../../../arm-none-eabi/lib/thumb/v7e-m+fp/hard\libc_nano.a(lib_a-impure.o)
                              c:/nxp/s32ds.3.6.5/s32ds/build_tools/gcc_v10.2/gcc-10.2-arm32-eabi/bin/../lib/gcc/arm-none-eabi/10.2.0/../../../../arm-none-eabi/lib/thumb/v7e-m+fp/hard\libc_nano.a(lib_a-snprintf.o) (_impure_ptr)
c:/nxp/s32ds.3.6.5/s32ds/build_tools/gcc_v10.2/gcc-10.2-arm32-eabi/bin/../lib/gcc/arm-none-eabi/10.2.0/../../../../arm-none-eabi/lib/thumb/v7e-m+fp/hard\libc_nano.a(lib_a-nano-svfprintf.o)
                              c:/nxp/s32ds.3.6.5/s32ds/build_tools/gcc_v10.2/gcc-10.2-arm32-eabi/bin/../lib/gcc/arm-none-eabi/10.2.0/../../../../arm-none-eabi/lib/thumb/v7e-m+fp/hard\libc_nano.a(lib_a-snprintf.o) (_svfprintf_r)
c:/nxp/s32ds.3.6.5/s32ds/build_tools/gcc_v10.2/gcc-10.2-arm32-eabi/bin/../lib/gcc/arm-none-eabi/10.2.0/../../../../arm-none-eabi/lib/thumb/v7e-m+fp/hard\libc_nano.a(lib_a-nano-vfprintf_i.o)
                              c:/nxp/s32ds.3.6.5/s32ds/build_tools/gcc_v10.2/gcc-10.2-arm32-eabi/bin/../lib/gcc/arm-none-eabi/10.2.0/../../../../arm-none-eabi/lib/thumb/v7e-m+fp/hard\libc_nano.a(lib_a-nano-svfprintf.o) (_printf_i)
c:/nxp/s32ds.3.6.5/s32ds/build_tools/gcc_v10.2/gcc-10.2-arm32-eabi/bin/../lib/gcc/arm-none-eabi/10.2.0/../../../../arm-none-eabi/lib/thumb/v7e-m+fp/hard\libc_nano.a(lib_a-memchr.o)
                              c:/nxp/s32ds.3.6.5/s32ds/build_tools/gcc_v10.2/gcc-10.2-arm32-eabi/bin/../lib/gcc/arm-none-eabi/10.2.0/../../../../arm-none-eabi/lib/thumb/v7e-m+fp/hard\libc_nano.a(lib_a-nano-svfprintf.o) (memchr)
c:/nxp/s32ds.3.6.5/s32ds/build_tools/gcc_v10.2/gcc-10.2-arm32-eabi/bin/../lib/gcc/arm-none-eabi/10.2.0/../../../../arm-none-eabi/lib/thumb/v7e-m+fp/hard\libc_nano.a(lib_a-memcpy-stub.o)
                              c:/nxp/s32ds.3.6.5/s32ds/build_tools/gcc_v10.2/gcc-10.2-arm32-eabi/bin/../lib/gcc/arm-none-eabi/10.2.0/../../../../arm-none-eabi/lib/thumb/v7e-m+fp/hard\libc_nano.a(lib_a-nano-svfprintf.o) (memcpy)
c:/nxp/s32ds.3.6.5/s32ds/build_tools/gcc_v10.2/gcc-10.2-arm32-eabi/bin/../lib/gcc/arm-none-eabi/10.2.0/../../../../arm-none-eabi/lib/thumb/v7e-m+fp/hard\libc_nano.a(lib_a-memmove.o)
                              c:/nxp/s32ds.3.6.5/s32ds/build_tools/gcc_v10.2/gcc-10.2-arm32-eabi/bin/../lib/gcc/arm-none-eabi/10.2.0/../../../../arm-none-eabi/lib/thumb/v7e-m+fp/hard\libc_nano.a(lib_a-nano-svfprintf.o) (memmove)
c:/nxp/s32ds.3.6.5/s32ds/build_tools/gcc_v10.2/gcc-10.2-arm32-eabi/bin/../lib/gcc/arm-none-eabi/10.2.0/../../../../arm-none-eabi/lib/thumb/v7e-m+fp/hard\libc_nano.a(lib_a-nano-freer.o)
                              c:/nxp/s32ds.3.6.5/s32ds/build_tools/gcc_v10.2/gcc-10.2-arm32-eabi/bin/../lib/gcc/arm-none-eabi/10.2.0/../../../../arm-none-eabi/lib/thumb/v7e-m+fp/hard\libc_nano.a(lib_a-nano-svfprintf.o) (_free_r)
c:/nxp/s32ds.3.6.5/s32ds/build_tools/gcc_v10.2/gcc-10.2-arm32-eabi/bin/../lib/gcc/arm-none-eabi/10.2.0/../../../../arm-none-eabi/lib/thumb/v7e-m+fp/hard\libc_nano.a(lib_a-nano-mallocr.o)
                              c:/nxp/s32ds.3.6.5/s32ds/build_tools/gcc_v10.2/gcc-10.2-arm32-eabi/bin/../lib/gcc/arm-none-eabi/10.2.0/../../../../arm-none-eabi/lib/thumb/v7e-m+fp/hard\libc_nano.a(lib_a-nano-svfprintf.o) (_malloc_r)
c:/nxp/s32ds.3.6.5/s32ds/build_tools/gcc_v10.2/gcc-10.2-arm32-eabi/bin/../lib/gcc/arm-none-eabi/10.2.0/../../../../arm-none-eabi/lib/thumb/v7e-m+fp/hard\libc_nano.a(lib_a-nano-reallocr.o)
                              c:/nxp/s32ds.3.6.5/s32ds/build_tools/gcc_v10.2/gcc-10.2-arm32-eabi/bin/../lib/gcc/arm-none-eabi/10.2.0/../../../../arm-none-eabi/lib/thumb/v7e-m+fp/hard\libc_nano.a(lib_a-nano-svfprintf.o) (_realloc_r)
c:/nxp/s32ds.3.6.5/s32ds/build_tools/gcc_v10.2/gcc-10.2-arm32-eabi/bin/../lib/gcc/arm-none-eabi/10.2.0/../../../../arm-none-eabi/lib/thumb/v7e-m+fp/hard\libc_nano.a(lib_a-sbrkr.o)
                              c:/nxp/s32ds.3.6.5/s32ds/build_tools/gcc_v10.2/gcc-10.2-arm32-eabi/bin/../lib/gcc/arm-none-eabi/10.2.0/../../../../arm-none-eabi/lib/thumb/v7e-m+fp/hard\libc_nano.a(lib_a-nano-mallocr.o) (_sbrk_r)
c:/nxp/s32ds.3.6.5/s32ds/build_tools/gcc_v10.2/gcc-10.2-arm32-eabi/bin/../lib/gcc/arm-none-eabi/10.2.0/../../../../arm-none-eabi/lib/thumb/v7e-m+fp/hard\libc_nano.a(lib_a-mlock.o)
[...]
Memory Configuration

Name             Origin             Length             Attributes
int_flash_interrupts 0x00000000         0x00000400
int_flash_config 0x00000400         0x00000010
int_flash        0x00000410         0x0007fbf0
int_sram_results 0x1fff8000         0x00000100
int_sram         0x1fff8100         0x0000df00
int_sram_stack_c0 0x20006000         0x00001000
ram_rsvd2        0x20007000         0x00000000
*default*        0x00000000         0xffffffff

Linker script and memory map

LOAD ./Project_Settings/Startup_Code/Vector_Table.o
LOAD ./Project_Settings/Startup_Code/exceptions.o
LOAD ./Project_Settings/Startup_Code/nvic.o
LOAD ./Project_Settings/Startup_Code/startup.o
LOAD ./Project_Settings/Startup_Code/startup_cm4.o
LOAD ./Project_Settings/Startup_Code/system.o
LOAD ./RTD/src/Clock_Ip.o
LOAD ./RTD/src/Clock_Ip_Data.o
LOAD ./RTD/src/Clock_Ip_Divider.o
LOAD ./RTD/src/Clock_Ip_DividerTrigger.o
LOAD ./RTD/src/Clock_Ip_ExtOsc.o
LOAD ./RTD/src/Clock_Ip_FracDiv.o
LOAD ./RTD/src/Clock_Ip_Frequency.o
LOAD ./RTD/src/Clock_Ip_Gate.o
LOAD ./RTD/src/Clock_Ip_IntOsc.o
LOAD ./RTD/src/Clock_Ip_Irq.o
LOAD ./RTD/src/Clock_Ip_Monitor.o
LOAD ./RTD/src/Clock_Ip_Pll.o
LOAD ./RTD/src/Clock_Ip_ProgFreqSwitch.o
LOAD ./RTD/src/Clock_Ip_Selector.o
LOAD ./RTD/src/Clock_Ip_Specific.o
LOAD ./RTD/src/Det.o
LOAD ./RTD/src/Det_stub.o
LOAD ./RTD/src/OsIf_Interrupts.o
LOAD ./RTD/src/OsIf_Software_Semaphore.o
LOAD ./RTD/src/OsIf_Timer.o
LOAD ./RTD/src/OsIf_Timer_System.o
LOAD ./RTD/src/OsIf_Timer_System_Internal_Systick.o
LOAD ./RTD/src/Port_Ci_Port_Ip.o
LOAD ./RTD/src/SchM_Mcu.o
LOAD ./RTD/src/SchM_Port.o
LOAD ./board/Port_Ci_Port_Ip_Cfg.o
LOAD ./generate/src/Clock_Ip_Cfg.o
LOAD ./generate/src/OsIf_Cfg.o
LOAD ./src/ADC.o
LOAD ./src/Delay.o
LOAD ./src/EEPROM.o
LOAD ./src/GPIO.o
LOAD ./src/HMI.o
LOAD ./src/LCD.o
LOAD ./src/main.o
LOAD c:/nxp/s32ds.3.6.5/s32ds/build_tools/gcc_v10.2/gcc-10.2-arm32-eabi/bin/../lib/gcc/arm-none-eabi/10.2.0/../../../../arm-none-eabi/lib/thumb/v7e-m+fp/hard\libc_nano.a
LOAD c:/nxp/s32ds.3.6.5/s32ds/build_tools/gcc_v10.2/gcc-10.2-arm32-eabi/bin/../lib/gcc/arm-none-eabi/10.2.0/../../../../arm-none-eabi/lib/thumb/v7e-m+fp/hard\libm.a
LOAD c:/nxp/s32ds.3.6.5/s32ds/build_tools/gcc_v10.2/gcc-10.2-arm32-eabi/bin/../lib/gcc/arm-none-eabi/10.2.0/thumb/v7e-m+fp/hard\libgcc.a
START GROUP
LOAD c:/nxp/s32ds.3.6.5/s32ds/build_tools/gcc_v10.2/gcc-10.2-arm32-eabi/bin/../lib/gcc/arm-none-eabi/10.2.0/thumb/v7e-m+fp/hard\libgcc.a
LOAD c:/nxp/s32ds.3.6.5/s32ds/build_tools/gcc_v10.2/gcc-10.2-arm32-eabi/bin/../lib/gcc/arm-none-eabi/10.2.0/../../../../arm-none-eabi/lib/thumb/v7e-m+fp/hard\libg_nano.a
LOAD c:/nxp/s32ds.3.6.5/s32ds/build_tools/gcc_v10.2/gcc-10.2-arm32-eabi/bin/../lib/gcc/arm-none-eabi/10.2.0/../../../../arm-none-eabi/lib/thumb/v7e-m+fp/hard\libc_nano.a
END GROUP
START GROUP
LOAD c:/nxp/s32ds.3.6.5/s32ds/build_tools/gcc_v10.2/gcc-10.2-arm32-eabi/bin/../lib/gcc/arm-none-eabi/10.2.0/thumb/v7e-m+fp/hard\libgcc.a
LOAD c:/nxp/s32ds.3.6.5/s32ds/build_tools/gcc_v10.2/gcc-10.2-arm32-eabi/bin/../lib/gcc/arm-none-eabi/10.2.0/../../../../arm-none-eabi/lib/thumb/v7e-m+fp/hard\libc_nano.a
LOAD c:/nxp/s32ds.3.6.5/s32ds/build_tools/gcc_v10.2/gcc-10.2-arm32-eabi/bin/../lib/gcc/arm-none-eabi/10.2.0/../../../../arm-none-eabi/lib/thumb/v7e-m+fp/hard\libnosys.a
END GROUP
START GROUP
LOAD c:/nxp/s32ds.3.6.5/s32ds/build_tools/gcc_v10.2/gcc-10.2-arm32-eabi/bin/../lib/gcc/arm-none-eabi/10.2.0/thumb/v7e-m+fp/hard\libgcc.a
LOAD c:/nxp/s32ds.3.6.5/s32ds/build_tools/gcc_v10.2/gcc-10.2-arm32-eabi/bin/../lib/gcc/arm-none-eabi/10.2.0/../../../../arm-none-eabi/lib/thumb/v7e-m+fp/hard\libc_nano.a
LOAD c:/nxp/s32ds.3.6.5/s32ds/build_tools/gcc_v10.2/gcc-10.2-arm32-eabi/bin/../lib/gcc/arm-none-eabi/10.2.0/../../../../arm-none-eabi/lib/thumb/v7e-m+fp/hard\libnosys.a
END GROUP
                0x00000200                HEAP_SIZE = DEFINED (__heap_size__)?__heap_size__:0x200

.flash_interrupts
                0x00000000      0x310
                0x00000000                . = ALIGN (0x800)
                0x00000000                __interrupts_rom_start = .
 *(.intc_vector)
 .intc_vector   0x00000000      0x310 ./Project_Settings/Startup_Code/Vector_Table.o
                0x00000000                VTABLE
                0x00000310                . = ALIGN (0x4)
                0x00000310                __interrupts_rom_end = .

.flash_config   0x00000400       0x10
 *(.flash_config)
 .flash_config  0x00000400       0x10 ./Project_Settings/Startup_Code/startup_cm4.o

.flash          0x00000410     0x6770
                0x00000410                . = ALIGN (0x4)
 *(.startup)
 .startup       0x00000410       0xb8 ./Project_Settings/Startup_Code/startup_cm4.o
                0x00000410                Reset_Handler
                0x00000410                _start
                0x00000494                MCAL_LTB_TRACE_OFF
                0x00000496                _end_of_eunit_test
                0x000004c8                . = ALIGN (0x4)
 *(.systeminit)
 .systeminit    0x000004c8        0x2 ./Project_Settings/Startup_Code/exceptions.o
                0x000004c8                NMI_Handler
 *fill*         0x000004ca        0x2 
 .systeminit    0x000004cc       0x88 ./Project_Settings/Startup_Code/system.o
                0x000004cc                SystemInit
                0x00000554                . = ALIGN (0x4)
 *(.text.startup)
 .text.startup  0x00000554        0x2 ./src/main.o
                0x00000554                main
                0x00000558                . = ALIGN (0x4)
 *fill*         0x00000556        0x2 
 *(.text)
 .text          0x00000558        0x0 ./Project_Settings/Startup_Code/Vector_Table.o
 .text          0x00000558       0x12 ./Project_Settings/Startup_Code/exceptions.o
                0x00000558                HardFault_Handler
                0x0000055a                MemManage_Handler
                0x0000055c                BusFault_Handler
                0x0000055e                UsageFault_Handler
                0x00000560                SVC_Handler
                0x00000562                DebugMon_Handler
                0x00000564                PendSV_Handler
                0x00000568                undefined_handler
 *fill*         0x0000056a        0x2 
 .text          0x0000056c       0x5c ./Project_Settings/Startup_Code/nvic.o
                0x0000056c                NVIC_SetPriorityGrouping
                0x00000580                NVIC_EnableIRQ
                0x00000598                NVIC_DisableIRQ
                0x000005b4                NVIC_SetPriority
 .text          0x000005c8       0x50 ./Project_Settings/Startup_Code/startup.o
                0x000005c8                init_data_bss
 .text          0x00000618        0x0 ./Project_Settings/Startup_Code/startup_cm4.o
 .text          0x00000618        0x8 ./Project_Settings/Startup_Code/system.o
                0x00000618                startup_go_to_user_mode
                0x0000061a                default_interrupt_routine
                0x0000061c                Sys_GetCoreID
 .text          0x00000620        0x0 ./RTD/src/Clock_Ip.o
 .text          0x00000620        0x0 ./RTD/src/Clock_Ip_Data.o
 .text          0x00000620        0x0 ./RTD/src/Clock_Ip_Divider.o
 .text          0x00000620        0x0 ./RTD/src/Clock_Ip_DividerTrigger.o
 .text          0x00000620        0x0 ./RTD/src/Clock_Ip_ExtOsc.o
 .text          0x00000620        0x0 ./RTD/src/Clock_Ip_FracDiv.o
 .text          0x00000620        0x0 ./RTD/src/Clock_Ip_Frequency.o
 .text          0x00000620        0x0 ./RTD/src/Clock_Ip_Gate.o
 .text          0x00000620        0x0 ./RTD/src/Clock_Ip_IntOsc.o
 .text          0x00000620        0x0 ./RTD/src/Clock_Ip_Irq.o
 .text          0x00000620        0x0 ./RTD/src/Clock_Ip_Monitor.o
 .text          0x00000620        0x0 ./RTD/src/Clock_Ip_Pll.o
 .text          0x00000620        0x0 ./RTD/src/Clock_Ip_ProgFreqSwitch.o
 .text          0x00000620        0x0 ./RTD/src/Clock_Ip_Selector.o
 .text          0x00000620        0x0 ./RTD/src/Clock_Ip_Specific.o
 .text          0x00000620        0x0 ./RTD/src/Det.o
 .text          0x00000620        0x0 ./RTD/src/Det_stub.o
 .text          0x00000620        0x0 ./RTD/src/OsIf_Interrupts.o
 .text          0x00000620        0x0 ./RTD/src/OsIf_Software_Semaphore.o
 .text          0x00000620        0x0 ./RTD/src/OsIf_Timer.o
 .text          0x00000620        0x0 ./RTD/src/OsIf_Timer_System.o
 .text          0x00000620        0x0 ./RTD/src/OsIf_Timer_System_Internal_Systick.o
 .text          0x00000620       0x14 ./RTD/src/Port_Ci_Port_Ip.o
 .text          0x00000634        0x6 ./RTD/src/SchM_Mcu.o
                0x00000634                Mcu_schm_read_msr
 .text          0x0000063a        0x6 ./RTD/src/SchM_Port.o
                0x0000063a                Port_schm_read_msr
 .text          0x00000640        0x0 ./board/Port_Ci_Port_Ip_Cfg.o
 .text          0x00000640        0x0 ./generate/src/Clock_Ip_Cfg.o
 .text          0x00000640        0x0 ./generate/src/OsIf_Cfg.o
 .text          0x00000640       0xc4 ./src/ADC.o
                0x00000640                ADC_Init
                0x000006e8                ADC_Task
 .text          0x00000704       0xa8 ./src/Delay.o
                0x00000704                LPIT_Init
                0x0000071c                DelayUs
                0x0000075c                DelayMs
                0x00000784                Systick_Init
 .text          0x000007ac      0x104 ./src/EEPROM.o
                0x000007bc                EEPROM_Read
                0x000007da                EEPROM_Write
                0x00000804                EEPROM_Is_Valid
                0x00000814                EEPROM_Partition
                0x00000874                EEPROM_Init
 .text          0x000008b0      0x4cc ./src/GPIO.o
                0x000008d8                PINS_DRV_ClearPins
                0x000008dc                PINS_DRV_SetPins
                0x000008e0                PINS_DRV_TogglePins
                0x000008e4                PINS_DRV_ReadPins
                0x000008e8                Interrupt_Init
                0x000009ec                ADC0_IRQHandler
                0x00000b98                PORTA_IRQHandler
                0x00000c28                PORTB_IRQHandler
                0x00000cc0                PORTC_IRQHandler
                0x00000d14                PORTD_IRQHandler
                0x00000d48                PORTE_IRQHandler
 .text          0x00000d7c      0x760 ./src/HMI.o
                0x00000de4                HMI_Process_Event
                0x00000ef4                Update_Output
                0x000010d4                Update_Compressor_State
                0x00001128                Update_Display
                0x000011f4                HMI_Init
                0x00001294                Relay_Cntrl
                0x00001300                Led_Cntrl
                0x00001368                SysTick_Handler
                0x000013c8                LPSW_Error_Handler
                0x00001408                HPSW_Error_Handler
                0x00001448                ADC_Error_Handler
                0x00001478                Error_Handler
                0x000014c0                Check_States
 .text          0x000014dc      0x158 ./src/LCD.o
                0x0000154c                LCD_Command
                0x00001580                LCD_Init
                0x000015bc                LCD_Clear
                0x000015ce                LCD_Char
                0x00001600                LCD_String
                0x00001612                LCD_String_XY
 .text          0x00001634        0x0 ./src/main.o
 .text          0x00001634        0x0 c:/nxp/s32ds.3.6.5/s32ds/build_tools/gcc_v10.2/gcc-10.2-arm32-eabi/bin/../lib/gcc/arm-none-eabi/10.2.0/../../../../arm-none-eabi/lib/thumb/v7e-m+fp/hard\libc_nano.a(lib_a-memset.o)
 .text          0x00001634        0x0 c:/nxp/s32ds.3.6.5/s32ds/build_tools/gcc_v10.2/gcc-10.2-arm32-eabi/bin/../lib/gcc/arm-none-eabi/10.2.0/../../../../arm-none-eabi/lib/thumb/v7e-m+fp/hard\libc_nano.a(lib_a-snprintf.o)
 .text          0x00001634        0x0 c:/nxp/s32ds.3.6.5/s32ds/build_tools/gcc_v10.2/gcc-10.2-arm32-eabi/bin/../lib/gcc/arm-none-eabi/10.2.0/../../../../arm-none-eabi/lib/thumb/v7e-m+fp/hard\libc_nano.a(lib_a-impure.o)
 .text          0x00001634        0x0 c:/nxp/s32ds.3.6.5/s32ds/build_tools/gcc_v10.2/gcc-10.2-arm32-eabi/bin/../lib/gcc/arm-none-eabi/10.2.0/../../../../arm-none-eabi/lib/thumb/v7e-m+fp/hard\libc_nano.a(lib_a-nano-svfprintf.o)
 .text          0x00001634        0x0 c:/nxp/s32ds.3.6.5/s32ds/build_tools/gcc_v10.2/gcc-10.2-arm32-eabi/bin/../lib/gcc/arm-none-eabi/10.2.0/../../../../arm-none-eabi/lib/thumb/v7e-m+fp/hard\libc_nano.a(lib_a-nano-vfprintf_i.o)
 *fill*         0x00001634        0xc 
 .text          0x00001640       0xa0 c:/nxp/s32ds.3.6.5/s32ds/build_tools/gcc_v10.2/gcc-10.2-arm32-eabi/bin/../lib/gcc/arm-none-eabi/10.2.0/../../../../arm-none-eabi/lib/thumb/v7e-m+fp/hard\libc_nano.a(lib_a-memchr.o)
                0x00001640                memchr
 .text          0x000016e0        0x0 c:/nxp/s32ds.3.6.5/s32ds/build_tools/gcc_v10.2/gcc-10.2-arm32-eabi/bin/../lib/gcc/arm-none-eabi/10.2.0/../../../../arm-none-eabi/lib/thumb/v7e-m+fp/hard\libc_nano.a(lib_a-memcpy-stub.o)
 .text          0x000016e0        0x0 c:/nxp/s32ds.3.6.5/s32ds/build_tools/gcc_v10.2/gcc-10.2-arm32-eabi/bin/../lib/gcc/arm-none-eabi/10.2.0/../../../../arm-none-eabi/lib/thumb/v7e-m+fp/hard\libc_nano.a(lib_a-memmove.o)
 .text          0x000016e0        0x0 c:/nxp/s32ds.3.6.5/s32ds/build_tools/gcc_v10.2/gcc-10.2-arm32-eabi/bin/../lib/gcc/arm-none-eabi/10.2.0/../../../../arm-none-eabi/lib/thumb/v7e-m+fp/hard\libc_nano.a(lib_a-nano-freer.o)
 .text          0x000016e0        0x0 c:/nxp/s32ds.3.6.5/s32ds/build_tools/gcc_v10.2/gcc-10.2-arm32-eabi/bin/../lib/gcc/arm-none-eabi/10.2.0/../../../../arm-none-eabi/lib/thumb/v7e-m+fp/hard\libc_nano.a(lib_a-nano-mallocr.o)
 .text          0x000016e0        0x0 c:/nxp/s32ds.3.6.5/s32ds/build_tools/gcc_v10.2/gcc-10.2-arm32-eabi/bin/../lib/gcc/arm-none-eabi/10.2.0/../../../../arm-none-eabi/lib/thumb/v7e-m+fp/hard\libc_nano.a(lib_a-nano-reallocr.o)
 .text          0x000016e0        0x0 c:/nxp/s32ds.3.6.5/s32ds/build_tools/gcc_v10.2/gcc-10.2-arm32-eabi/bin/../lib/gcc/arm-none-eabi/10.2.0/../../../../arm-none-eabi/lib/thumb/v7e-m+fp/hard\libc_nano.a(lib_a-sbrkr.o)
 .text          0x000016e0        0x0 c:/nxp/s32ds.3.6.5/s32ds/build_tools/gcc_v10.2/gcc-10.2-arm32-eabi/bin/../lib/gcc/arm-none-eabi/10.2.0/../../../../arm-none-eabi/lib/thumb/v7e-m+fp/hard\libc_nano.a(lib_a-mlock.o)
 .text          0x000016e0        0x0 c:/nxp/s32ds.3.6.5/s32ds/build_tools/gcc_v10.2/gcc-10.2-arm32-eabi/bin/../lib/gcc/arm-none-eabi/10.2.0/../../../../arm-none-eabi/lib/thumb/v7e-m+fp/hard\libc_nano.a(lib_a-nano-msizer.o)
 .text          0x000016e0        0x0 c:/nxp/s32ds.3.6.5/s32ds/build_tools/gcc_v10.2/gcc-10.2-arm32-eabi/bin/../lib/gcc/arm-none-eabi/10.2.0/../../../../arm-none-eabi/lib/thumb/v7e-m+fp/hard\libc_nano.a(lib_a-reent.o)
 .text          0x000016e0        0x0 c:/nxp/s32ds.3.6.5/s32ds/build_tools/gcc_v10.2/gcc-10.2-arm32-eabi/bin/../lib/gcc/arm-none-eabi/10.2.0/../../../../arm-none-eabi/lib/thumb/v7e-m+fp/hard\libm.a(lib_a-wf_log.o)
 .text          0x000016e0        0x0 c:/nxp/s32ds.3.6.5/s32ds/build_tools/gcc_v10.2/gcc-10.2-arm32-eabi/bin/../lib/gcc/arm-none-eabi/10.2.0/../../../../arm-none-eabi/lib/thumb/v7e-m+fp/hard\libm.a(lib_a-ef_log.o)
 .text          0x000016e0        0x0 c:/nxp/s32ds.3.6.5/s32ds/build_tools/gcc_v10.2/gcc-10.2-arm32-eabi/bin/../lib/gcc/arm-none-eabi/10.2.0/../../../../arm-none-eabi/lib/thumb/v7e-m+fp/hard\libm.a(lib_a-sf_nan.o)
 .text          0x000016e0        0x0 c:/nxp/s32ds.3.6.5/s32ds/build_tools/gcc_v10.2/gcc-10.2-arm32-eabi/bin/../lib/gcc/arm-none-eabi/10.2.0/../../../../arm-none-eabi/lib/thumb/v7e-m+fp/hard\libm.a(lib_a-s_lib_ver.o)
 .text          0x000016e0       0xa0 c:/nxp/s32ds.3.6.5/s32ds/build_tools/gcc_v10.2/gcc-10.2-arm32-eabi/bin/../lib/gcc/arm-none-eabi/10.2.0/thumb/v7e-m+fp/hard\libgcc.a(_aeabi_ldivmod.o)
                0x000016e0                __aeabi_ldivmod
 .text          0x00001780       0x30 c:/nxp/s32ds.3.6.5/s32ds/build_tools/gcc_v10.2/gcc-10.2-arm32-eabi/bin/../lib/gcc/arm-none-eabi/10.2.0/thumb/v7e-m+fp/hard\libgcc.a(_aeabi_uldivmod.o)
                0x00001780                __aeabi_uldivmod
 .text          0x000017b0      0x2d8 c:/nxp/s32ds.3.6.5/s32ds/build_tools/gcc_v10.2/gcc-10.2-arm32-eabi/bin/../lib/gcc/arm-none-eabi/10.2.0/thumb/v7e-m+fp/hard\libgcc.a(_udivmoddi4.o)
                0x000017b0                __udivmoddi4
 .text          0x00001a88        0x4 c:/nxp/s32ds.3.6.5/s32ds/build_tools/gcc_v10.2/gcc-10.2-arm32-eabi/bin/../lib/gcc/arm-none-eabi/10.2.0/thumb/v7e-m+fp/hard\libgcc.a(_dvmd_tls.o)
                0x00001a88                __aeabi_idiv0
                0x00001a88                __aeabi_ldiv0
 .text          0x00001a8c        0x0 c:/nxp/s32ds.3.6.5/s32ds/build_tools/gcc_v10.2/gcc-10.2-arm32-eabi/bin/../lib/gcc/arm-none-eabi/10.2.0/../../../../arm-none-eabi/lib/thumb/v7e-m+fp/hard\libg_nano.a(lib_a-errno.o)
 .text          0x00001a8c        0x0 c:/nxp/s32ds.3.6.5/s32ds/build_tools/gcc_v10.2/gcc-10.2-arm32-eabi/bin/../lib/gcc/arm-none-eabi/10.2.0/../../../../arm-none-eabi/lib/thumb/v7e-m+fp/hard\libnosys.a(sbrk.o)
 *(.text*)
 .text.memset   0x00001a8c       0x10 c:/nxp/s32ds.3.6.5/s32ds/build_tools/gcc_v10.2/gcc-10.2-arm32-eabi/bin/../lib/gcc/arm-none-eabi/10.2.0/../../../../arm-none-eabi/lib/thumb/v7e-m+fp/hard\libc_nano.a(lib_a-memset.o)
                0x00001a8c                memset
 .text._snprintf_r
                0x00001a9c       0x5e c:/nxp/s32ds.3.6.5/s32ds/build_tools/gcc_v10.2/gcc-10.2-arm32-eabi/bin/../lib/gcc/arm-none-eabi/10.2.0/../../../../arm-none-eabi/lib/thumb/v7e-m+fp/hard\libc_nano.a(lib_a-snprintf.o)
                0x00001a9c                _snprintf_r
                0x00001a9c                _sniprintf_r
 *fill*         0x00001afa        0x2 
 .text.snprintf
                0x00001afc       0x68 c:/nxp/s32ds.3.6.5/s32ds/build_tools/gcc_v10.2/gcc-10.2-arm32-eabi/bin/../lib/gcc/arm-none-eabi/10.2.0/../../../../arm-none-eabi/lib/thumb/v7e-m+fp/hard\libc_nano.a(lib_a-snprintf.o)
                0x00001afc                sniprintf
                0x00001afc                snprintf
 .text.__ssputs_r
                0x00001b64       0xb6 c:/nxp/s32ds.3.6.5/s32ds/build_tools/gcc_v10.2/gcc-10.2-arm32-eabi/bin/../lib/gcc/arm-none-eabi/10.2.0/../../../../arm-none-eabi/lib/thumb/v7e-m+fp/hard\libc_nano.a(lib_a-nano-svfprintf.o)
                0x00001b64                __ssputs_r
 .text.__ssprint_r
                0x00001c1a       0xf6 c:/nxp/s32ds.3.6.5/s32ds/build_tools/gcc_v10.2/gcc-10.2-arm32-eabi/bin/../lib/gcc/arm-none-eabi/10.2.0/../../../../arm-none-eabi/lib/thumb/v7e-m+fp/hard\libc_nano.a(lib_a-nano-svfprintf.o)
                0x00001c1a                __ssprint_r
 .text._svfprintf_r
                0x00001d10      0x200 c:/nxp/s32ds.3.6.5/s32ds/build_tools/gcc_v10.2/gcc-10.2-arm32-eabi/bin/../lib/gcc/arm-none-eabi/10.2.0/../../../../arm-none-eabi/lib/thumb/v7e-m+fp/hard\libc_nano.a(lib_a-nano-svfprintf.o)
                0x00001d10                _svfiprintf_r
                0x00001d10                _svfprintf_r
 .text._printf_common
                0x00001f10       0xda c:/nxp/s32ds.3.6.5/s32ds/build_tools/gcc_v10.2/gcc-10.2-arm32-eabi/bin/../lib/gcc/arm-none-eabi/10.2.0/../../../../arm-none-eabi/lib/thumb/v7e-m+fp/hard\libc_nano.a(lib_a-nano-vfprintf_i.o)
                0x00001f10                _printf_common
 *fill*         0x00001fea        0x2 
 .text._printf_i
                0x00001fec      0x24c c:/nxp/s32ds.3.6.5/s32ds/build_tools/gcc_v10.2/gcc-10.2-arm32-eabi/bin/../lib/gcc/arm-none-eabi/10.2.0/../../../../arm-none-eabi/lib/thumb/v7e-m+fp/hard\libc_nano.a(lib_a-nano-vfprintf_i.o)
                0x00001fec                _printf_i
 .text.memcpy   0x00002238       0x1c c:/nxp/s32ds.3.6.5/s32ds/build_tools/gcc_v10.2/gcc-10.2-arm32-eabi/bin/../lib/gcc/arm-none-eabi/10.2.0/../../../../arm-none-eabi/lib/thumb/v7e-m+fp/hard\libc_nano.a(lib_a-memcpy-stub.o)
                0x00002238                memcpy
 .text.memmove  0x00002254       0x34 c:/nxp/s32ds.3.6.5/s32ds/build_tools/gcc_v10.2/gcc-10.2-arm32-eabi/bin/../lib/gcc/arm-none-eabi/10.2.0/../../../../arm-none-eabi/lib/thumb/v7e-m+fp/hard\libc_nano.a(lib_a-memmove.o)
                0x00002254                memmove
 .text._free_r  0x00002288       0x98 c:/nxp/s32ds.3.6.5/s32ds/build_tools/gcc_v10.2/gcc-10.2-arm32-eabi/bin/../lib/gcc/arm-none-eabi/10.2.0/../../../../arm-none-eabi/lib/thumb/v7e-m+fp/hard\libc_nano.a(lib_a-nano-freer.o)
                0x00002288                _free_r
 .text._malloc_r
                0x00002320       0xb4 c:/nxp/s32ds.3.6.5/s32ds/build_tools/gcc_v10.2/gcc-10.2-arm32-eabi/bin/../lib/gcc/arm-none-eabi/10.2.0/../../../../arm-none-eabi/lib/thumb/v7e-m+fp/hard\libc_nano.a(lib_a-nano-mallocr.o)
                0x00002320                _malloc_r
 .text._realloc_r
                0x000023d4       0x4c c:/nxp/s32ds.3.6.5/s32ds/build_tools/gcc_v10.2/gcc-10.2-arm32-eabi/bin/../lib/gcc/arm-none-eabi/10.2.0/../../../../arm-none-eabi/lib/thumb/v7e-m+fp/hard\libc_nano.a(lib_a-nano-reallocr.o)
                0x000023d4                _realloc_r
 .text._sbrk_r  0x00002420       0x20 c:/nxp/s32ds.3.6.5/s32ds/build_tools/gcc_v10.2/gcc-10.2-arm32-eabi/bin/../lib/gcc/arm-none-eabi/10.2.0/../../../../arm-none-eabi/lib/thumb/v7e-m+fp/hard\libc_nano.a(lib_a-sbrkr.o)
                0x00002420                _sbrk_r
 .text.__malloc_lock
                0x00002440        0x2 c:/nxp/s32ds.3.6.5/s32ds/build_tools/gcc_v10.2/gcc-10.2-arm32-eabi/bin/../lib/gcc/arm-none-eabi/10.2.0/../../../../arm-none-eabi/lib/thumb/v7e-m+fp/hard\libc_nano.a(lib_a-mlock.o)
                0x00002440                __malloc_lock
 .text.__malloc_unlock
                0x00002442        0x2 c:/nxp/s32ds.3.6.5/s32ds/build_tools/gcc_v10.2/gcc-10.2-arm32-eabi/bin/../lib/gcc/arm-none-eabi/10.2.0/../../../../arm-none-eabi/lib/thumb/v7e-m+fp/hard\libc_nano.a(lib_a-mlock.o)
                0x00002442                __malloc_unlock
 .text._malloc_usable_size_r
                0x00002444       0x10 c:/nxp/s32ds.3.6.5/s32ds/build_tools/gcc_v10.2/gcc-10.2-arm32-eabi/bin/../lib/gcc/arm-none-eabi/10.2.0/../../../../arm-none-eabi/lib/thumb/v7e-m+fp/hard\libc_nano.a(lib_a-nano-msizer.o)
                0x00002444                _malloc_usable_size_r
 .text.cleanup_glue
                0x00002454       0x1a c:/nxp/s32ds.3.6.5/s32ds/build_tools/gcc_v10.2/gcc-10.2-arm32-eabi/bin/../lib/gcc/arm-none-eabi/10.2.0/../../../../arm-none-eabi/lib/thumb/v7e-m+fp/hard\libc_nano.a(lib_a-reent.o)
                0x00002454                cleanup_glue
 *fill*         0x0000246e        0x2 
 .text._reclaim_reent
                0x00002470       0xb8 c:/nxp/s32ds.3.6.5/s32ds/build_tools/gcc_v10.2/gcc-10.2-arm32-eabi/bin/../lib/gcc/arm-none-eabi/10.2.0/../../../../arm-none-eabi/lib/thumb/v7e-m+fp/hard\libc_nano.a(lib_a-reent.o)
                0x00002470                _reclaim_reent
 .text.logf     0x00002528       0x6c c:/nxp/s32ds.3.6.5/s32ds/build_tools/gcc_v10.2/gcc-10.2-arm32-eabi/bin/../lib/gcc/arm-none-eabi/10.2.0/../../../../arm-none-eabi/lib/thumb/v7e-m+fp/hard\libm.a(lib_a-wf_log.o)
                0x00002528                logf
 .text.__ieee754_logf
                0x00002594      0x1e0 c:/nxp/s32ds.3.6.5/s32ds/build_tools/gcc_v10.2/gcc-10.2-arm32-eabi/bin/../lib/gcc/arm-none-eabi/10.2.0/../../../../arm-none-eabi/lib/thumb/v7e-m+fp/hard\libm.a(lib_a-ef_log.o)
                0x00002594                __ieee754_logf
 .text.nanf     0x00002774        0xc c:/nxp/s32ds.3.6.5/s32ds/build_tools/gcc_v10.2/gcc-10.2-arm32-eabi/bin/../lib/gcc/arm-none-eabi/10.2.0/../../../../arm-none-eabi/lib/thumb/v7e-m+fp/hard\libm.a(lib_a-sf_nan.o)
                0x00002774                nanf
 .text.__errno  0x00002780        0xc c:/nxp/s32ds.3.6.5/s32ds/build_tools/gcc_v10.2/gcc-10.2-arm32-eabi/bin/../lib/gcc/arm-none-eabi/10.2.0/../../../../arm-none-eabi/lib/thumb/v7e-m+fp/hard\libg_nano.a(lib_a-errno.o)
                0x00002780                __errno
 .text._sbrk    0x0000278c       0x1c c:/nxp/s32ds.3.6.5/s32ds/build_tools/gcc_v10.2/gcc-10.2-arm32-eabi/bin/../lib/gcc/arm-none-eabi/10.2.0/../../../../arm-none-eabi/lib/thumb/v7e-m+fp/hard\libnosys.a(sbrk.o)
                0x0000278c                _sbrk
                0x000027a8                . = ALIGN (0x4)
 *(.mcal_text)
 .mcal_text     0x000027a8      0x888 ./RTD/src/Clock_Ip.o
                0x000027aa                Clock_Ip_InitClock
                0x00002d80                Clock_Ip_GetPllStatus
                0x00002e24                Clock_Ip_DistributePll
                0x00002f18                Clock_Ip_Init
                0x00002f3c                Clock_Ip_DisableClockMonitor
                0x00002f60                Clock_Ip_InstallNotificationsCallback
                0x00002f6c                Clock_Ip_DisableModuleClock
                0x00002f94                Clock_Ip_EnableModuleClock
                0x00002fbc                Clock_Ip_PowerNotifications
                0x00002fe8                Clock_Ip_ReportClockErrors
                0x00002ff4                Clock_Ip_StartTimeout
                0x00003014                Clock_Ip_TimeoutExpired
 .mcal_text     0x00003030      0x230 ./RTD/src/Clock_Ip_Divider.o
                0x00003032                Clock_Ip_SetScgAsyncDiv1_TrustedCall
                0x00003068                Clock_Ip_SetScgAsyncDiv2_TrustedCall
                0x000030a0                Clock_Ip_SetScgRunDivcore_TrustedCall
                0x000030c0                Clock_Ip_SetScgRunDivbus_TrustedCall
                0x000030e0                Clock_Ip_SetScgRunDivslow_TrustedCall
                0x00003100                Clock_Ip_SetScgVlprDivcore_TrustedCall
                0x00003120                Clock_Ip_SetScgVlprDivbus_TrustedCall
                0x00003140                Clock_Ip_SetScgVlprDivslow_TrustedCall
                0x00003160                Clock_Ip_SetScgHsrunDivcore_TrustedCall
                0x00003180                Clock_Ip_SetScgHsrunDivbus_TrustedCall
                0x000031a0                Clock_Ip_SetScgHsrunDivslow_TrustedCall
                0x000031c0                Clock_Ip_SetSimClkoutDiv_TrustedCall
                0x000031e4                Clock_Ip_SetPccPcdDivFrac_TrustedCall
                0x00003228                Clock_Ip_SetSimTraceDivMul_TrustedCall
 .mcal_text     0x00003260        0x2 ./RTD/src/Clock_Ip_DividerTrigger.o
 *fill*         0x00003262        0x2 
 .mcal_text     0x00003264      0x1a0 ./RTD/src/Clock_Ip_ExtOsc.o
                0x000032b0                Clock_Ip_ResetSOSC_TrustedCall
                0x00003330                Clock_Ip_SetSOSC_TrustedCall
                0x000033e0                Clock_Ip_EnableSOSC_TrustedCall
 .mcal_text     0x00003404        0x6 ./RTD/src/Clock_Ip_FracDiv.o
 .mcal_text     0x0000340a        0x2 ./RTD/src/Clock_Ip_Frequency.o
                0x0000340a                Clock_Ip_SetExternalSignalFrequency
 .mcal_text     0x0000340c      0x17c ./RTD/src/Clock_Ip_Gate.o
                0x00003410                Clock_Ip_ClockSetPccCgcEnable_TrustedCall
                0x0000345c                Clock_Ip_ClockSetSimClkoutEnable_TrustedCall
                0x00003494                Clock_Ip_ClockSetSimLPO32KEnable_TrustedCall
                0x000034cc                Clock_Ip_ClockSetSimLPO1KEnable_TrustedCall
                0x00003500                Clock_Ip_ClockSetSimGate_TrustedCall
                0x0000354c                Clock_Ip_ClockSetSimTraceEnable_TrustedCall
 .mcal_text     0x00003588      0x538 ./RTD/src/Clock_Ip_IntOsc.o
                0x00003624                Clock_Ip_SetSirc_TrustedCall
                0x00003714                Clock_Ip_EnableSirc_TrustedCall
                0x00003774                Clock_Ip_DisableSirc_TrustedCall
                0x000037d8                Clock_Ip_SetSircVlp_TrustedCall
                0x00003814                Clock_Ip_EnableSircVlp_TrustedCall
                0x00003838                Clock_Ip_DisableSircVlp_TrustedCall
                0x00003850                Clock_Ip_SetSircStop_TrustedCall
                0x0000388c                Clock_Ip_EnableSircStop_TrustedCall
                0x000038b0                Clock_Ip_DisableSircStop_TrustedCall
                0x000038c8                Clock_Ip_SetFirc_TrustedCall
                0x00003a00                Clock_Ip_EnableFirc_TrustedCall
                0x00003a5c                Clock_Ip_DisableFirc_TrustedCall
 .mcal_text     0x00003ac0        0x6 ./RTD/src/Clock_Ip_Monitor.o
 *fill*         0x00003ac6        0x2 
 .mcal_text     0x00003ac8      0x1d4 ./RTD/src/Clock_Ip_Pll.o
                0x00003b20                Clock_Ip_ResetSpll_TrustedCall
                0x00003bbc                Clock_Ip_SetSpll_TrustedCall
                0x00003c14                Clock_Ip_DisableSpll_TrustedCall
                0x00003c78                Clock_Ip_EnableSpll_TrustedCall
 .mcal_text     0x00003c9c        0x2 ./RTD/src/Clock_Ip_ProgFreqSwitch.o
 *fill*         0x00003c9e        0x2 
 .mcal_text     0x00003ca0      0x4ec ./RTD/src/Clock_Ip_Selector.o
                0x00003ca2                Clock_Ip_ResetScgRunSel_TrustedCall
                0x00003d30                Clock_Ip_SetScgRunSel_TrustedCall
                0x00003dc4                Clock_Ip_SetScgVlprSel_TrustedCall
                0x00003df0                Clock_Ip_ResetScgHsrunSel_TrustedCall
                0x00003e7c                Clock_Ip_SetScgHsrunSel_TrustedCall
                0x00003f10                Clock_Ip_ResetSimRtcSel_TrustedCall
                0x00003f34                Clock_Ip_SetSimRtcSel_TrustedCall
                0x00003f5c                Clock_Ip_ResetSimLpoSel_TrustedCall
                0x00003f80                Clock_Ip_SetSimLpoSel_TrustedCall
                0x00003fa8                Clock_Ip_ResetScgClkoutSel_TrustedCall
                0x00003fcc                Clock_Ip_SetScgClkoutSel_TrustedCall
                0x00003ff4                Clock_Ip_ResetSimFtmoptSel_TrustedCall
                0x0000403c                Clock_Ip_SetSimFtmoptSel_TrustedCall
                0x00004084                Clock_Ip_ResetSimClkoutSel_TrustedCall
                0x0000409c                Clock_Ip_SetSimClkoutSel_TrustedCall
                0x000040c4                Clock_Ip_ResetPccPcsSelect_TrustedCall
                0x000040f8                Clock_Ip_SetPccPcsSelect_TrustedCall
                0x00004138                Clock_Ip_ResetSimTraceSel_TrustedCall
                0x00004160                Clock_Ip_SetSimTraceSel_TrustedCall
 .mcal_text     0x0000418c      0x7a4 ./RTD/src/Clock_Ip_Specific.o
                0x00004370                SetFircToResetValue_TrustedCall
                0x0000438c                SetSimLpoclksRegister_TrustedCall
                0x00004400                Clock_Ip_ClockPowerNotifications
                0x000045c4                Clock_Ip_Command
 .mcal_text     0x00004930      0x508 ./RTD/src/Det.o
                0x00004930                Det_Start
                0x00004932                Det_InitDataNode
                0x000049ba                Det_LinkNodeToHead
                0x000049ea                Det_DelAllNodesSameId
                0x00004ae8                Det_FreeNodesInLinkedList
                0x00004b1e                Det_Init
                0x00004d24                Det_ReportError
                0x00004d80                Det_ReportRuntimeError
                0x00004ddc                Det_ReportTransientFault
 .mcal_text     0x00004e38      0x1c8 ./RTD/src/Det_stub.o
                0x00004e38                Det_TestLastReportError
                0x00004e84                Det_TestLastReportRuntimeError
                0x00004ed0                Det_TestLastReportTransientFault
                0x00004f1c                Det_TestNoError
                0x00004f68                Det_TestNoRuntimeError
                0x00004fb4                Det_TestNoTransientFault
 .mcal_text     0x00005000       0x1e ./RTD/src/OsIf_Timer.o
                0x00005000                OsIf_Init
                0x00005008                OsIf_GetCounter
                0x0000500c                OsIf_GetElapsed
                0x00005014                OsIf_SetTimerFrequency
                0x00005016                OsIf_MicrosToTicks
 .mcal_text     0x0000501e       0x4a ./RTD/src/OsIf_Timer_System_Internal_Systick.o
                0x0000501e                OsIf_Timer_System_Internal_Init
                0x00005034                OsIf_Timer_System_Internal_GetCounter
                0x00005040                OsIf_Timer_System_Internal_GetElapsed
 .mcal_text     0x00005068      0x2ec ./RTD/src/Port_Ci_Port_Ip.o
                0x00005068                Port_Ci_Port_Ip_ConfigureInterleave
                0x000050fc                Port_Ci_Port_Ip_Init
                0x0000525c                Port_Ci_Port_Ip_SetMuxModeSel
                0x000052a6                Port_Ci_Port_Ip_EnableDigitalFilter
                0x000052d4                Port_Ci_Port_Ip_DisableDigitalFilter
                0x00005304                Port_Ci_Port_Ip_ConfigDigitalFilter
                0x0000532c                Port_Ci_Port_Ip_SetGlobalPinControl
 .mcal_text     0x00005354      0x12c ./RTD/src/SchM_Mcu.o
                0x00005354                SchM_Enter_Mcu_MCU_EXCLUSIVE_AREA_00
                0x00005388                SchM_Exit_Mcu_MCU_EXCLUSIVE_AREA_00
                0x000053b8                SchM_Enter_Mcu_MCU_EXCLUSIVE_AREA_01
                0x000053ec                SchM_Exit_Mcu_MCU_EXCLUSIVE_AREA_01
                0x0000541c                SchM_Enter_Mcu_MCU_EXCLUSIVE_AREA_02
                0x00005450                SchM_Exit_Mcu_MCU_EXCLUSIVE_AREA_02
 .mcal_text     0x00005480      0xaf0 ./RTD/src/SchM_Port.o
                0x00005480                SchM_Enter_Port_PORT_EXCLUSIVE_AREA_00
                0x000054b4                SchM_Exit_Port_PORT_EXCLUSIVE_AREA_00
                0x000054e4                SchM_Enter_Port_PORT_EXCLUSIVE_AREA_01
                0x00005518                SchM_Exit_Port_PORT_EXCLUSIVE_AREA_01
                0x00005548                SchM_Enter_Port_PORT_EXCLUSIVE_AREA_02
                0x0000557c                SchM_Exit_Port_PORT_EXCLUSIVE_AREA_02
                0x000055ac                SchM_Enter_Port_PORT_EXCLUSIVE_AREA_03
                0x000055e0                SchM_Exit_Port_PORT_EXCLUSIVE_AREA_03
                0x00005610                SchM_Enter_Port_PORT_EXCLUSIVE_AREA_04
                0x00005644                SchM_Exit_Port_PORT_EXCLUSIVE_AREA_04
                0x00005674                SchM_Enter_Port_PORT_EXCLUSIVE_AREA_05
                0x000056a8                SchM_Exit_Port_PORT_EXCLUSIVE_AREA_05
                0x000056d8                SchM_Enter_Port_PORT_EXCLUSIVE_AREA_06
                0x0000570c                SchM_Exit_Port_PORT_EXCLUSIVE_AREA_06
                0x0000573c                SchM_Enter_Port_PORT_EXCLUSIVE_AREA_07
                0x00005770                SchM_Exit_Port_PORT_EXCLUSIVE_AREA_07
                0x000057a0                SchM_Enter_Port_PORT_EXCLUSIVE_AREA_08
                0x000057d4                SchM_Exit_Port_PORT_EXCLUSIVE_AREA_08
                0x00005804                SchM_Enter_Port_PORT_EXCLUSIVE_AREA_09
                0x00005838                SchM_Exit_Port_PORT_EXCLUSIVE_AREA_09
                0x00005868                SchM_Enter_Port_PORT_EXCLUSIVE_AREA_10
                0x0000589c                SchM_Exit_Port_PORT_EXCLUSIVE_AREA_10
                0x000058cc                SchM_Enter_Port_PORT_EXCLUSIVE_AREA_11
                0x00005900                SchM_Exit_Port_PORT_EXCLUSIVE_AREA_11
                0x00005930                SchM_Enter_Port_PORT_EXCLUSIVE_AREA_12
                0x00005964                SchM_Exit_Port_PORT_EXCLUSIVE_AREA_12
                0x00005994                SchM_Enter_Port_PORT_EXCLUSIVE_AREA_13
                0x000059c8                SchM_Exit_Port_PORT_EXCLUSIVE_AREA_13
                0x000059f8                SchM_Enter_Port_PORT_EXCLUSIVE_AREA_14
                0x00005a2c                SchM_Exit_Port_PORT_EXCLUSIVE_AREA_14
                0x00005a5c                SchM_Enter_Port_PORT_EXCLUSIVE_AREA_15
                0x00005a90                SchM_Exit_Port_PORT_EXCLUSIVE_AREA_15
                0x00005ac0                SchM_Enter_Port_PORT_EXCLUSIVE_AREA_16
                0x00005af4                SchM_Exit_Port_PORT_EXCLUSIVE_AREA_16
                0x00005b24                SchM_Enter_Port_PORT_EXCLUSIVE_AREA_17
                0x00005b58                SchM_Exit_Port_PORT_EXCLUSIVE_AREA_17
                0x00005b88                SchM_Enter_Port_PORT_EXCLUSIVE_AREA_18
                0x00005bbc                SchM_Exit_Port_PORT_EXCLUSIVE_AREA_18
                0x00005bec                SchM_Enter_Port_PORT_EXCLUSIVE_AREA_19
                0x00005c20                SchM_Exit_Port_PORT_EXCLUSIVE_AREA_19
                0x00005c50                SchM_Enter_Port_PORT_EXCLUSIVE_AREA_20
                0x00005c84                SchM_Exit_Port_PORT_EXCLUSIVE_AREA_20
                0x00005cb4                SchM_Enter_Port_PORT_EXCLUSIVE_AREA_21
                0x00005ce8                SchM_Exit_Port_PORT_EXCLUSIVE_AREA_21
                0x00005d18                SchM_Enter_Port_PORT_EXCLUSIVE_AREA_22
                0x00005d4c                SchM_Exit_Port_PORT_EXCLUSIVE_AREA_22
                0x00005d7c                SchM_Enter_Port_PORT_EXCLUSIVE_AREA_23
                0x00005db0                SchM_Exit_Port_PORT_EXCLUSIVE_AREA_23
                0x00005de0                SchM_Enter_Port_PORT_EXCLUSIVE_AREA_24
                0x00005e14                SchM_Exit_Port_PORT_EXCLUSIVE_AREA_24
                0x00005e44                SchM_Enter_Port_PORT_EXCLUSIVE_AREA_25
                0x00005e78                SchM_Exit_Port_PORT_EXCLUSIVE_AREA_25
                0x00005ea8                SchM_Enter_Port_PORT_EXCLUSIVE_AREA_26
                0x00005edc                SchM_Exit_Port_PORT_EXCLUSIVE_AREA_26
                0x00005f0c                SchM_Enter_Port_PORT_EXCLUSIVE_AREA_27
                0x00005f40                SchM_Exit_Port_PORT_EXCLUSIVE_AREA_27
                0x00005f70                . = ALIGN (0x4)
                0x00005f70                acfls_code_rom_start = .
                0x00005f70                . = ALIGN (0x4)
 *(.acfls_code_rom)
                0x00005f70                . = ALIGN (0x4)
                0x00005f70                acfls_code_rom_end = .
                0x00005f70                acmem_43_infls_code_rom_start = .
 *(.acmem_43_infls_code_rom)
                0x00005f70                . = ALIGN (0x4)
                0x00005f70                acmem_43_infls_code_rom_end = .
 *(.init)
                0x00005f70                . = ALIGN (0x4)
 *(.fini)
                0x00005f70                . = ALIGN (0x4)
 *(.rodata)
 *(.rodata*)
 .rodata.str1.1
                0x00005f70       0x4e ./src/HMI.o
 *fill*         0x00005fbe        0x2 
 .rodata._global_impure_ptr
                0x00005fc0        0x4 c:/nxp/s32ds.3.6.5/s32ds/build_tools/gcc_v10.2/gcc-10.2-arm32-eabi/bin/../lib/gcc/arm-none-eabi/10.2.0/../../../../arm-none-eabi/lib/thumb/v7e-m+fp/hard\libc_nano.a(lib_a-impure.o)
                0x00005fc0                _global_impure_ptr
 .rodata._svfprintf_r.str1.1
                0x00005fc4       0x11 c:/nxp/s32ds.3.6.5/s32ds/build_tools/gcc_v10.2/gcc-10.2-arm32-eabi/bin/../lib/gcc/arm-none-eabi/10.2.0/../../../../arm-none-eabi/lib/thumb/v7e-m+fp/hard\libc_nano.a(lib_a-nano-svfprintf.o)
 .rodata._printf_i.str1.1
                0x00005fd5       0x22 c:/nxp/s32ds.3.6.5/s32ds/build_tools/gcc_v10.2/gcc-10.2-arm32-eabi/bin/../lib/gcc/arm-none-eabi/10.2.0/../../../../arm-none-eabi/lib/thumb/v7e-m+fp/hard\libc_nano.a(lib_a-nano-vfprintf_i.o)
 .rodata.logf.str1.1
                0x00005ff7       0x22 c:/nxp/s32ds.3.6.5/s32ds/build_tools/gcc_v10.2/gcc-10.2-arm32-eabi/bin/../lib/gcc/arm-none-eabi/10.2.0/../../../../arm-none-eabi/lib/thumb/v7e-m+fp/hard\libm.a(lib_a-wf_log.o)
                                  0x1 (size before relaxing)
                0x0000601c                . = ALIGN (0x4)
 *fill*         0x00005ff7        0x1 
 *(.mcal_const_cfg)
 .mcal_const_cfg
                0x00005ff8      0x400 ./generate/src/Clock_Ip_Cfg.o
                0x00005ff8                Clock_Ip_aClockConfig
                0x000063f8                . = ALIGN (0x4)
 *(.mcal_const)
 .mcal_const    0x000063f8      0x59e ./RTD/src/Clock_Ip_Data.o
                0x000063f8                Clock_Ip_aeHwDfsName
                0x000063fc                Clock_Ip_aeHwPllName
                0x00006400                Clock_Ip_aeSourceTypeClockName
                0x000064bc                Clock_Ip_apxScgPeriphAsyncDivs
                0x000064cc                Clock_Ip_au8DividerValueHardwareValue
                0x0000650d                Clock_Ip_au8SelectorEntrySIMHardwareValue
                0x0000653c                Clock_Ip_au8SelectorEntryPcsHardwareValue
                0x0000656b                Clock_Ip_au8SelectorEntryScsHardwareValue
                0x0000659a                Clock_Ip_au16SelectorEntryHardwareValue
                0x000065f1                Clock_Ip_au8ClockFeatures
                0x00006900                Clock_Ip_au8CmuCallbackIndex
                0x0000690f                Clock_Ip_au8PcfsCallbackIndex
                0x0000691e                Clock_Ip_au8SelectorCallbackIndex
                0x0000692d                Clock_Ip_au8PllCallbackIndex
                0x0000693c                Clock_Ip_au8FractionalDividerCallbackIndex
                0x0000694b                Clock_Ip_au8GateCallbackIndex
                0x0000695a                Clock_Ip_au8IrcoscCallbackIndex
                0x00006969                Clock_Ip_au8XoscCallbackIndex
                0x00006978                Clock_Ip_au8DividerTriggerCallbackIndex
                0x00006987                Clock_Ip_au8DividerCallbackIndex
 *fill*         0x00006996        0x2 
 .mcal_const    0x00006998       0x3c ./RTD/src/Clock_Ip_Divider.o
                0x00006998                Clock_Ip_axDividerCallbacks
 .mcal_const    0x000069d4        0x8 ./RTD/src/Clock_Ip_DividerTrigger.o
                0x000069d4                Clock_Ip_axDividerTriggerCallbacks
 .mcal_const    0x000069dc       0x20 ./RTD/src/Clock_Ip_ExtOsc.o
                0x000069dc                Clock_Ip_axExtOscCallbacks
 .mcal_const    0x000069fc        0xc ./RTD/src/Clock_Ip_FracDiv.o
                0x000069fc                Clock_Ip_axFracDivCallbacks
 .mcal_const    0x00006a08       0x38 ./RTD/src/Clock_Ip_Gate.o
                0x00006a08                Clock_Ip_axGateCallbacks
 .mcal_const    0x00006a40       0x3c ./RTD/src/Clock_Ip_IntOsc.o
                0x00006a40                Clock_Ip_axIntOscCallbacks
 .mcal_const    0x00006a7c       0x10 ./RTD/src/Clock_Ip_Monitor.o
                0x00006a7c                Clock_Ip_axCmuCallbacks
 .mcal_const    0x00006a8c       0x28 ./RTD/src/Clock_Ip_Pll.o
                0x00006a8c                Clock_Ip_axPllCallbacks
 .mcal_const    0x00006ab4        0x4 ./RTD/src/Clock_Ip_ProgFreqSwitch.o
                0x00006ab4                Clock_Ip_axPcfsCallbacks
 .mcal_const    0x00006ab8       0x58 ./RTD/src/Clock_Ip_Selector.o
                0x00006ab8                Clock_Ip_axSelectorCallbacks
 .mcal_const    0x00006b10       0x20 ./RTD/src/Clock_Ip_Specific.o
 .mcal_const    0x00006b30       0x28 ./RTD/src/Port_Ci_Port_Ip.o
                0x00006b30                Port_au32PortCiGpioBaseAddr
                0x00006b44                Port_au32PortCiPortBaseAddr
                0x00006b58                . = ALIGN (0x4)
 *(.mcal_const_no_cacheable)
                0x00006b58                . = ALIGN (0x4)
                0x00006b58                __init_table = .
 *(.init_table)
 .init_table    0x00006b58       0x1c ./Project_Settings/Startup_Code/startup_cm4.o
                0x00006b74                . = ALIGN (0x4)
                0x00006b74                __zero_table = .
 *(.zero_table)
 .zero_table    0x00006b74        0xc ./Project_Settings/Startup_Code/startup_cm4.o
                0x00006b80                . = ALIGN (0x4)
 *(.acmcu_code_rom)
                0x00006b80                . = ALIGN (0x4)
                0x00006b80                _etext = .
                0x00006b80                __DATA_ROM = .

.glue_7         0x00006b80        0x0
 .glue_7        0x00006b80        0x0 linker stubs

.glue_7t        0x00006b80        0x0
 .glue_7t       0x00006b80        0x0 linker stubs

.vfp11_veneer   0x00006b80        0x0
 .vfp11_veneer  0x00006b80        0x0 linker stubs

.v4_bx          0x00006b80        0x0
 .v4_bx         0x00006b80        0x0 linker stubs

.iplt           0x00006b80        0x0
 .iplt          0x00006b80        0x0 ./Project_Settings/Startup_Code/Vector_Table.o

.igot.plt       0x00006b80        0x0
 .igot.plt      0x00006b80        0x0 ./Project_Settings/Startup_Code/Vector_Table.o
                0x00006b80                . = ALIGN (0x4)
                [!provide]                PROVIDE (__exidx_start = .)

.ARM.exidx      0x1fff8100        0x8
 *(.ARM.exidx* .gnu.linkonce.armexidx.*)
 .ARM.exidx     0x1fff8100        0x8 c:/nxp/s32ds.3.6.5/s32ds/build_tools/gcc_v10.2/gcc-10.2-arm32-eabi/bin/../lib/gcc/arm-none-eabi/10.2.0/thumb/v7e-m+fp/hard\libgcc.a(_udivmoddi4.o)
                0x1fff8108                . = ALIGN (0x4)
                [!provide]                PROVIDE (__exidx_end = .)

.ARM.extab      0x1fff8108        0x0
 *(.ARM.extab*)
 .ARM.extab     0x1fff8108        0x0 c:/nxp/s32ds.3.6.5/s32ds/build_tools/gcc_v10.2/gcc-10.2-arm32-eabi/bin/../lib/gcc/arm-none-eabi/10.2.0/thumb/v7e-m+fp/hard\libgcc.a(_udivmoddi4.o)
                0x1fff8108                . = ALIGN (0x4)

.rel.dyn        0x1fff8108        0x0
 .rel.iplt      0x1fff8108        0x0 ./Project_Settings/Startup_Code/Vector_Table.o

.sram_interrupts
                0x1fff8108      0xa08
                0x1fff8800                . = ALIGN (0x800)
 *fill*         0x1fff8108      0x6f8 
                0x1fff8800                __interrupts_ram_start = .
                0x1fff8b10                . = (. + (__interrupts_rom_end - __interrupts_rom_start))
 *fill*         0x1fff8800      0x310 
                0x1fff8b10                . = ALIGN (0x4)
                0x1fff8b10                __interrupts_ram_end = .

.sram_data      0x1fff8b10      0x614 load address 0x00006b80
                0x1fff8b10                . = ALIGN (0x4)
                0x1fff8b10                __data_ram_start = .
 *(.ramcode)
                0x1fff8b10                . = ALIGN (0x4)
 *(.data)
 .data          0x1fff8b10        0x0 ./Project_Settings/Startup_Code/Vector_Table.o
 .data          0x1fff8b10        0x0 ./Project_Settings/Startup_Code/exceptions.o
 .data          0x1fff8b10        0x0 ./Project_Settings/Startup_Code/nvic.o
 .data          0x1fff8b10        0x0 ./Project_Settings/Startup_Code/startup.o
 .data          0x1fff8b10        0x0 ./Project_Settings/Startup_Code/startup_cm4.o
 .data          0x1fff8b10        0x0 ./Project_Settings/Startup_Code/system.o
 .data          0x1fff8b10        0x4 ./RTD/src/Clock_Ip.o
 .data          0x1fff8b14        0x0 ./RTD/src/Clock_Ip_Data.o
 .data          0x1fff8b14        0x0 ./RTD/src/Clock_Ip_Divider.o
 .data          0x1fff8b14        0x0 ./RTD/src/Clock_Ip_DividerTrigger.o
 .data          0x1fff8b14        0x0 ./RTD/src/Clock_Ip_ExtOsc.o
 .data          0x1fff8b14        0x0 ./RTD/src/Clock_Ip_FracDiv.o
 .data          0x1fff8b14        0x0 ./RTD/src/Clock_Ip_Frequency.o
 .data          0x1fff8b14        0x0 ./RTD/src/Clock_Ip_Gate.o
 .data          0x1fff8b14        0x0 ./RTD/src/Clock_Ip_IntOsc.o
 .data          0x1fff8b14        0x0 ./RTD/src/Clock_Ip_Irq.o
 .data          0x1fff8b14        0x0 ./RTD/src/Clock_Ip_Monitor.o
 .data          0x1fff8b14        0x0 ./RTD/src/Clock_Ip_Pll.o
 .data          0x1fff8b14        0x0 ./RTD/src/Clock_Ip_ProgFreqSwitch.o
 .data          0x1fff8b14        0x0 ./RTD/src/Clock_Ip_Selector.o
 .data          0x1fff8b14        0x0 ./RTD/src/Clock_Ip_Specific.o
 .data          0x1fff8b14        0x0 ./RTD/src/Det.o
 .data          0x1fff8b14        0x0 ./RTD/src/Det_stub.o
 .data          0x1fff8b14        0x0 ./RTD/src/OsIf_Interrupts.o
 .data          0x1fff8b14        0x0 ./RTD/src/OsIf_Software_Semaphore.o
 .data          0x1fff8b14        0x0 ./RTD/src/OsIf_Timer.o
 .data          0x1fff8b14        0x0 ./RTD/src/OsIf_Timer_System.o
 .data          0x1fff8b14        0x0 ./RTD/src/OsIf_Timer_System_Internal_Systick.o
 .data          0x1fff8b14        0x0 ./RTD/src/Port_Ci_Port_Ip.o
 .data          0x1fff8b14        0x0 ./RTD/src/SchM_Mcu.o
 .data          0x1fff8b14        0x0 ./RTD/src/SchM_Port.o
 .data          0x1fff8b14      0x5a0 ./board/Port_Ci_Port_Ip_Cfg.o
                0x1fff8b14                g_pin_mux_InitConfigArr_PortContainer_0_BOARD_InitPeripherals
 .data          0x1fff90b4        0x0 ./generate/src/Clock_Ip_Cfg.o
 .data          0x1fff90b4        0x0 ./generate/src/OsIf_Cfg.o
 .data          0x1fff90b4        0x0 ./src/ADC.o
 .data          0x1fff90b4        0x0 ./src/Delay.o
 .data          0x1fff90b4        0x0 ./src/EEPROM.o
 .data          0x1fff90b4        0x0 ./src/GPIO.o
 .data          0x1fff90b4        0x3 ./src/HMI.o
 .data          0x1fff90b7        0x0 ./src/LCD.o
 .data          0x1fff90b7        0x0 ./src/main.o
 .data          0x1fff90b7        0x0 c:/nxp/s32ds.3.6.5/s32ds/build_tools/gcc_v10.2/gcc-10.2-arm32-eabi/bin/../lib/gcc/arm-none-eabi/10.2.0/../../../../arm-none-eabi/lib/thumb/v7e-m+fp/hard\libc_nano.a(lib_a-memset.o)
 .data          0x1fff90b7        0x0 c:/nxp/s32ds.3.6.5/s32ds/build_tools/gcc_v10.2/gcc-10.2-arm32-eabi/bin/../lib/gcc/arm-none-eabi/10.2.0/../../../../arm-none-eabi/lib/thumb/v7e-m+fp/hard\libc_nano.a(lib_a-snprintf.o)
 .data          0x1fff90b7        0x0 c:/nxp/s32ds.3.6.5/s32ds/build_tools/gcc_v10.2/gcc-10.2-arm32-eabi/bin/../lib/gcc/arm-none-eabi/10.2.0/../../../../arm-none-eabi/lib/thumb/v7e-m+fp/hard\libc_nano.a(lib_a-impure.o)
 .data          0x1fff90b7        0x0 c:/nxp/s32ds.3.6.5/s32ds/build_tools/gcc_v10.2/gcc-10.2-arm32-eabi/bin/../lib/gcc/arm-none-eabi/10.2.0/../../../../arm-none-eabi/lib/thumb/v7e-m+fp/hard\libc_nano.a(lib_a-nano-svfprintf.o)
 .data          0x1fff90b7        0x0 c:/nxp/s32ds.3.6.5/s32ds/build_tools/gcc_v10.2/gcc-10.2-arm32-eabi/bin/../lib/gcc/arm-none-eabi/10.2.0/../../../../arm-none-eabi/lib/thumb/v7e-m+fp/hard\libc_nano.a(lib_a-nano-vfprintf_i.o)
 .data          0x1fff90b7        0x0 c:/nxp/s32ds.3.6.5/s32ds/build_tools/gcc_v10.2/gcc-10.2-arm32-eabi/bin/../lib/gcc/arm-none-eabi/10.2.0/../../../../arm-none-eabi/lib/thumb/v7e-m+fp/hard\libc_nano.a(lib_a-memchr.o)
 .data          0x1fff90b7        0x0 c:/nxp/s32ds.3.6.5/s32ds/build_tools/gcc_v10.2/gcc-10.2-arm32-eabi/bin/../lib/gcc/arm-none-eabi/10.2.0/../../../../arm-none-eabi/lib/thumb/v7e-m+fp/hard\libc_nano.a(lib_a-memcpy-stub.o)
 .data          0x1fff90b7        0x0 c:/nxp/s32ds.3.6.5/s32ds/build_tools/gcc_v10.2/gcc-10.2-arm32-eabi/bin/../lib/gcc/arm-none-eabi/10.2.0/../../../../arm-none-eabi/lib/thumb/v7e-m+fp/hard\libc_nano.a(lib_a-memmove.o)
 .data          0x1fff90b7        0x0 c:/nxp/s32ds.3.6.5/s32ds/build_tools/gcc_v10.2/gcc-10.2-arm32-eabi/bin/../lib/gcc/arm-none-eabi/10.2.0/../../../../arm-none-eabi/lib/thumb/v7e-m+fp/hard\libc_nano.a(lib_a-nano-freer.o)
 .data          0x1fff90b7        0x0 c:/nxp/s32ds.3.6.5/s32ds/build_tools/gcc_v10.2/gcc-10.2-arm32-eabi/bin/../lib/gcc/arm-none-eabi/10.2.0/../../../../arm-none-eabi/lib/thumb/v7e-m+fp/hard\libc_nano.a(lib_a-nano-mallocr.o)
 .data          0x1fff90b7        0x0 c:/nxp/s32ds.3.6.5/s32ds/build_tools/gcc_v10.2/gcc-10.2-arm32-eabi/bin/../lib/gcc/arm-none-eabi/10.2.0/../../../../arm-none-eabi/lib/thumb/v7e-m+fp/hard\libc_nano.a(lib_a-nano-reallocr.o)
 .data          0x1fff90b7        0x0 c:/nxp/s32ds.3.6.5/s32ds/build_tools/gcc_v10.2/gcc-10.2-arm32-eabi/bin/../lib/gcc/arm-none-eabi/10.2.0/../../../../arm-none-eabi/lib/thumb/v7e-m+fp/hard\libc_nano.a(lib_a-sbrkr.o)
 .data          0x1fff90b7        0x0 c:/nxp/s32ds.3.6.5/s32ds/build_tools/gcc_v10.2/gcc-10.2-arm32-eabi/bin/../lib/gcc/arm-none-eabi/10.2.0/../../../../arm-none-eabi/lib/thumb/v7e-m+fp/hard\libc_nano.a(lib_a-mlock.o)
 .data          0x1fff90b7        0x0 c:/nxp/s32ds.3.6.5/s32ds/build_tools/gcc_v10.2/gcc-10.2-arm32-eabi/bin/../lib/gcc/arm-none-eabi/10.2.0/../../../../arm-none-eabi/lib/thumb/v7e-m+fp/hard\libc_nano.a(lib_a-nano-msizer.o)
 .data          0x1fff90b7        0x0 c:/nxp/s32ds.3.6.5/s32ds/build_tools/gcc_v10.2/gcc-10.2-arm32-eabi/bin/../lib/gcc/arm-none-eabi/10.2.0/../../../../arm-none-eabi/lib/thumb/v7e-m+fp/hard\libc_nano.a(lib_a-reent.o)
 .data          0x1fff90b7        0x0 c:/nxp/s32ds.3.6.5/s32ds/build_tools/gcc_v10.2/gcc-10.2-arm32-eabi/bin/../lib/gcc/arm-none-eabi/10.2.0/../../../../arm-none-eabi/lib/thumb/v7e-m+fp/hard\libm.a(lib_a-wf_log.o)
 .data          0x1fff90b7        0x0 c:/nxp/s32ds.3.6.5/s32ds/build_tools/gcc_v10.2/gcc-10.2-arm32-eabi/bin/../lib/gcc/arm-none-eabi/10.2.0/../../../../arm-none-eabi/lib/thumb/v7e-m+fp/hard\libm.a(lib_a-ef_log.o)
 .data          0x1fff90b7        0x0 c:/nxp/s32ds.3.6.5/s32ds/build_tools/gcc_v10.2/gcc-10.2-arm32-eabi/bin/../lib/gcc/arm-none-eabi/10.2.0/../../../../arm-none-eabi/lib/thumb/v7e-m+fp/hard\libm.a(lib_a-sf_nan.o)
 .data          0x1fff90b7        0x0 c:/nxp/s32ds.3.6.5/s32ds/build_tools/gcc_v10.2/gcc-10.2-arm32-eabi/bin/../lib/gcc/arm-none-eabi/10.2.0/../../../../arm-none-eabi/lib/thumb/v7e-m+fp/hard\libm.a(lib_a-s_lib_ver.o)
 .data          0x1fff90b7        0x0 c:/nxp/s32ds.3.6.5/s32ds/build_tools/gcc_v10.2/gcc-10.2-arm32-eabi/bin/../lib/gcc/arm-none-eabi/10.2.0/thumb/v7e-m+fp/hard\libgcc.a(_aeabi_ldivmod.o)
 .data          0x1fff90b7        0x0 c:/nxp/s32ds.3.6.5/s32ds/build_tools/gcc_v10.2/gcc-10.2-arm32-eabi/bin/../lib/gcc/arm-none-eabi/10.2.0/thumb/v7e-m+fp/hard\libgcc.a(_aeabi_uldivmod.o)
 .data          0x1fff90b7        0x0 c:/nxp/s32ds.3.6.5/s32ds/build_tools/gcc_v10.2/gcc-10.2-arm32-eabi/bin/../lib/gcc/arm-none-eabi/10.2.0/thumb/v7e-m+fp/hard\libgcc.a(_udivmoddi4.o)
 .data          0x1fff90b7        0x0 c:/nxp/s32ds.3.6.5/s32ds/build_tools/gcc_v10.2/gcc-10.2-arm32-eabi/bin/../lib/gcc/arm-none-eabi/10.2.0/thumb/v7e-m+fp/hard\libgcc.a(_dvmd_tls.o)
 .data          0x1fff90b7        0x0 c:/nxp/s32ds.3.6.5/s32ds/build_tools/gcc_v10.2/gcc-10.2-arm32-eabi/bin/../lib/gcc/arm-none-eabi/10.2.0/../../../../arm-none-eabi/lib/thumb/v7e-m+fp/hard\libg_nano.a(lib_a-errno.o)
 .data          0x1fff90b7        0x0 c:/nxp/s32ds.3.6.5/s32ds/build_tools/gcc_v10.2/gcc-10.2-arm32-eabi/bin/../lib/gcc/arm-none-eabi/10.2.0/../../../../arm-none-eabi/lib/thumb/v7e-m+fp/hard\libnosys.a(sbrk.o)
 *(.data*)
 *fill*         0x1fff90b7        0x1 
 .data._impure_ptr
                0x1fff90b8        0x4 c:/nxp/s32ds.3.6.5/s32ds/build_tools/gcc_v10.2/gcc-10.2-arm32-eabi/bin/../lib/gcc/arm-none-eabi/10.2.0/../../../../arm-none-eabi/lib/thumb/v7e-m+fp/hard\libc_nano.a(lib_a-impure.o)
                0x1fff90b8                _impure_ptr
 .data.impure_data
                0x1fff90bc       0x60 c:/nxp/s32ds.3.6.5/s32ds/build_tools/gcc_v10.2/gcc-10.2-arm32-eabi/bin/../lib/gcc/arm-none-eabi/10.2.0/../../../../arm-none-eabi/lib/thumb/v7e-m+fp/hard\libc_nano.a(lib_a-impure.o)
 .data.__fdlib_version
                0x1fff911c        0x1 c:/nxp/s32ds.3.6.5/s32ds/build_tools/gcc_v10.2/gcc-10.2-arm32-eabi/bin/../lib/gcc/arm-none-eabi/10.2.0/../../../../arm-none-eabi/lib/thumb/v7e-m+fp/hard\libm.a(lib_a-s_lib_ver.o)
                0x1fff911c                __fdlib_version
                0x1fff9120                . = ALIGN (0x4)
 *fill*         0x1fff911d        0x3 
 *(.mcal_data)
 .mcal_data     0x1fff9120        0x1 ./RTD/src/Clock_Ip.o
                0x1fff9120                Clock_Ip_bSentFromUpdateDriverContext
 .mcal_data     0x1fff9121        0x2 ./RTD/src/Clock_Ip_Specific.o
                0x1fff9124                . = ALIGN (0x4)
 *fill*         0x1fff9123        0x1 
 *(.mcal_data_no_cacheable)
                0x1fff9124                . = ALIGN (0x4)
 *(.mcal_shared_data)
                0x1fff9124                . = ALIGN (0x4)
                0x1fff9124                __data_ram_end = .
                0x00007194                __DATA_ROM_END = (__DATA_ROM + (__data_ram_end - __data_ram_start))

.sram_bss       0x1fff9124      0x4fc load address 0x00007194
                0x1fff9130                . = ALIGN (0x10)
 *fill*         0x1fff9124        0xc 
                0x1fff9130                __sram_bss_start = .
 *(.bss)
 .bss           0x1fff9130        0x0 ./Project_Settings/Startup_Code/Vector_Table.o
 .bss           0x1fff9130        0x0 ./Project_Settings/Startup_Code/exceptions.o
 .bss           0x1fff9130        0x0 ./Project_Settings/Startup_Code/nvic.o
 .bss           0x1fff9130        0x0 ./Project_Settings/Startup_Code/startup.o
 .bss           0x1fff9130        0x0 ./Project_Settings/Startup_Code/startup_cm4.o
 .bss           0x1fff9130        0x4 ./Project_Settings/Startup_Code/system.o
                0x1fff9130                RESET_CATCH_CORE
 .bss           0x1fff9134        0x0 ./RTD/src/Clock_Ip.o
 .bss           0x1fff9134        0x0 ./RTD/src/Clock_Ip_Data.o
 .bss           0x1fff9134        0x0 ./RTD/src/Clock_Ip_Divider.o
 .bss           0x1fff9134        0x0 ./RTD/src/Clock_Ip_DividerTrigger.o
 .bss           0x1fff9134        0x0 ./RTD/src/Clock_Ip_ExtOsc.o
 .bss           0x1fff9134        0x0 ./RTD/src/Clock_Ip_FracDiv.o
 .bss           0x1fff9134        0x0 ./RTD/src/Clock_Ip_Frequency.o
 .bss           0x1fff9134        0x0 ./RTD/src/Clock_Ip_Gate.o
 .bss           0x1fff9134        0x0 ./RTD/src/Clock_Ip_IntOsc.o
 .bss           0x1fff9134        0x0 ./RTD/src/Clock_Ip_Irq.o
 .bss           0x1fff9134        0x0 ./RTD/src/Clock_Ip_Monitor.o
 .bss           0x1fff9134        0x0 ./RTD/src/Clock_Ip_Pll.o
 .bss           0x1fff9134        0x0 ./RTD/src/Clock_Ip_ProgFreqSwitch.o
 .bss           0x1fff9134        0x0 ./RTD/src/Clock_Ip_Selector.o
 .bss           0x1fff9134        0x0 ./RTD/src/Clock_Ip_Specific.o
 .bss           0x1fff9134        0x0 ./RTD/src/Det.o
 .bss           0x1fff9134        0x0 ./RTD/src/Det_stub.o
 .bss           0x1fff9134        0x0 ./RTD/src/OsIf_Interrupts.o
 .bss           0x1fff9134        0x0 ./RTD/src/OsIf_Software_Semaphore.o
 .bss           0x1fff9134        0x0 ./RTD/src/OsIf_Timer.o
 .bss           0x1fff9134        0x0 ./RTD/src/OsIf_Timer_System.o
 .bss           0x1fff9134        0x0 ./RTD/src/OsIf_Timer_System_Internal_Systick.o
 .bss           0x1fff9134        0x0 ./RTD/src/Port_Ci_Port_Ip.o
 .bss           0x1fff9134        0x0 ./RTD/src/SchM_Mcu.o
 .bss           0x1fff9134        0x0 ./RTD/src/SchM_Port.o
 .bss           0x1fff9134        0x0 ./board/Port_Ci_Port_Ip_Cfg.o
 .bss           0x1fff9134        0x0 ./generate/src/Clock_Ip_Cfg.o
 .bss           0x1fff9134        0x0 ./generate/src/OsIf_Cfg.o
 .bss           0x1fff9134       0x14 ./src/ADC.o
                0x1fff9134                ADC
                0x1fff9138                ADC_Data
 .bss           0x1fff9148        0x2 ./src/Delay.o
                0x1fff9148                Tick_Count
 *fill*         0x1fff914a        0x2 
 .bss           0x1fff914c       0x2c ./src/EEPROM.o
                0x1fff914c                EEPROM
 .bss           0x1fff9178       0x24 ./src/GPIO.o
                0x1fff9178                Last_Tick
 .bss           0x1fff919c       0x74 ./src/HMI.o
                0x1fff919c                HMI
                0x1fff91cc                Current_Error
                0x1fff91d4                First_EEPROM_Data
                0x1fff9200                Global_Tick_Count
                0x1fff9208                Event
                0x1fff920c                comp_ct_val
 .bss           0x1fff9210        0x0 ./src/LCD.o
 .bss           0x1fff9210        0x0 ./src/main.o
 .bss           0x1fff9210        0x0 c:/nxp/s32ds.3.6.5/s32ds/build_tools/gcc_v10.2/gcc-10.2-arm32-eabi/bin/../lib/gcc/arm-none-eabi/10.2.0/../../../../arm-none-eabi/lib/thumb/v7e-m+fp/hard\libc_nano.a(lib_a-memset.o)
 .bss           0x1fff9210        0x0 c:/nxp/s32ds.3.6.5/s32ds/build_tools/gcc_v10.2/gcc-10.2-arm32-eabi/bin/../lib/gcc/arm-none-eabi/10.2.0/../../../../arm-none-eabi/lib/thumb/v7e-m+fp/hard\libc_nano.a(lib_a-snprintf.o)
 .bss           0x1fff9210        0x0 c:/nxp/s32ds.3.6.5/s32ds/build_tools/gcc_v10.2/gcc-10.2-arm32-eabi/bin/../lib/gcc/arm-none-eabi/10.2.0/../../../../arm-none-eabi/lib/thumb/v7e-m+fp/hard\libc_nano.a(lib_a-impure.o)
 .bss           0x1fff9210        0x0 c:/nxp/s32ds.3.6.5/s32ds/build_tools/gcc_v10.2/gcc-10.2-arm32-eabi/bin/../lib/gcc/arm-none-eabi/10.2.0/../../../../arm-none-eabi/lib/thumb/v7e-m+fp/hard\libc_nano.a(lib_a-nano-svfprintf.o)
 .bss           0x1fff9210        0x0 c:/nxp/s32ds.3.6.5/s32ds/build_tools/gcc_v10.2/gcc-10.2-arm32-eabi/bin/../lib/gcc/arm-none-eabi/10.2.0/../../../../arm-none-eabi/lib/thumb/v7e-m+fp/hard\libc_nano.a(lib_a-nano-vfprintf_i.o)
 .bss           0x1fff9210        0x0 c:/nxp/s32ds.3.6.5/s32ds/build_tools/gcc_v10.2/gcc-10.2-arm32-eabi/bin/../lib/gcc/arm-none-eabi/10.2.0/../../../../arm-none-eabi/lib/thumb/v7e-m+fp/hard\libc_nano.a(lib_a-memchr.o)
 .bss           0x1fff9210        0x0 c:/nxp/s32ds.3.6.5/s32ds/build_tools/gcc_v10.2/gcc-10.2-arm32-eabi/bin/../lib/gcc/arm-none-eabi/10.2.0/../../../../arm-none-eabi/lib/thumb/v7e-m+fp/hard\libc_nano.a(lib_a-memcpy-stub.o)
 .bss           0x1fff9210        0x0 c:/nxp/s32ds.3.6.5/s32ds/build_tools/gcc_v10.2/gcc-10.2-arm32-eabi/bin/../lib/gcc/arm-none-eabi/10.2.0/../../../../arm-none-eabi/lib/thumb/v7e-m+fp/hard\libc_nano.a(lib_a-memmove.o)
 .bss           0x1fff9210        0x0 c:/nxp/s32ds.3.6.5/s32ds/build_tools/gcc_v10.2/gcc-10.2-arm32-eabi/bin/../lib/gcc/arm-none-eabi/10.2.0/../../../../arm-none-eabi/lib/thumb/v7e-m+fp/hard\libc_nano.a(lib_a-nano-freer.o)
 .bss           0x1fff9210        0x0 c:/nxp/s32ds.3.6.5/s32ds/build_tools/gcc_v10.2/gcc-10.2-arm32-eabi/bin/../lib/gcc/arm-none-eabi/10.2.0/../../../../arm-none-eabi/lib/thumb/v7e-m+fp/hard\libc_nano.a(lib_a-nano-mallocr.o)
 .bss           0x1fff9210        0x0 c:/nxp/s32ds.3.6.5/s32ds/build_tools/gcc_v10.2/gcc-10.2-arm32-eabi/bin/../lib/gcc/arm-none-eabi/10.2.0/../../../../arm-none-eabi/lib/thumb/v7e-m+fp/hard\libc_nano.a(lib_a-nano-reallocr.o)
 .bss           0x1fff9210        0x0 c:/nxp/s32ds.3.6.5/s32ds/build_tools/gcc_v10.2/gcc-10.2-arm32-eabi/bin/../lib/gcc/arm-none-eabi/10.2.0/../../../../arm-none-eabi/lib/thumb/v7e-m+fp/hard\libc_nano.a(lib_a-sbrkr.o)
 .bss           0x1fff9210        0x0 c:/nxp/s32ds.3.6.5/s32ds/build_tools/gcc_v10.2/gcc-10.2-arm32-eabi/bin/../lib/gcc/arm-none-eabi/10.2.0/../../../../arm-none-eabi/lib/thumb/v7e-m+fp/hard\libc_nano.a(lib_a-mlock.o)
 .bss           0x1fff9210        0x0 c:/nxp/s32ds.3.6.5/s32ds/build_tools/gcc_v10.2/gcc-10.2-arm32-eabi/bin/../lib/gcc/arm-none-eabi/10.2.0/../../../../arm-none-eabi/lib/thumb/v7e-m+fp/hard\libc_nano.a(lib_a-nano-msizer.o)
 .bss           0x1fff9210        0x0 c:/nxp/s32ds.3.6.5/s32ds/build_tools/gcc_v10.2/gcc-10.2-arm32-eabi/bin/../lib/gcc/arm-none-eabi/10.2.0/../../../../arm-none-eabi/lib/thumb/v7e-m+fp/hard\libc_nano.a(lib_a-reent.o)
 .bss           0x1fff9210        0x0 c:/nxp/s32ds.3.6.5/s32ds/build_tools/gcc_v10.2/gcc-10.2-arm32-eabi/bin/../lib/gcc/arm-none-eabi/10.2.0/../../../../arm-none-eabi/lib/thumb/v7e-m+fp/hard\libm.a(lib_a-wf_log.o)
 .bss           0x1fff9210        0x0 c:/nxp/s32ds.3.6.5/s32ds/build_tools/gcc_v10.2/gcc-10.2-arm32-eabi/bin/../lib/gcc/arm-none-eabi/10.2.0/../../../../arm-none-eabi/lib/thumb/v7e-m+fp/hard\libm.a(lib_a-ef_log.o)
 .bss           0x1fff9210        0x0 c:/nxp/s32ds.3.6.5/s32ds/build_tools/gcc_v10.2/gcc-10.2-arm32-eabi/bin/../lib/gcc/arm-none-eabi/10.2.0/../../../../arm-none-eabi/lib/thumb/v7e-m+fp/hard\libm.a(lib_a-sf_nan.o)
 .bss           0x1fff9210        0x0 c:/nxp/s32ds.3.6.5/s32ds/build_tools/gcc_v10.2/gcc-10.2-arm32-eabi/bin/../lib/gcc/arm-none-eabi/10.2.0/../../../../arm-none-eabi/lib/thumb/v7e-m+fp/hard\libm.a(lib_a-s_lib_ver.o)
 .bss           0x1fff9210        0x0 c:/nxp/s32ds.3.6.5/s32ds/build_tools/gcc_v10.2/gcc-10.2-arm32-eabi/bin/../lib/gcc/arm-none-eabi/10.2.0/thumb/v7e-m+fp/hard\libgcc.a(_aeabi_ldivmod.o)
 .bss           0x1fff9210        0x0 c:/nxp/s32ds.3.6.5/s32ds/build_tools/gcc_v10.2/gcc-10.2-arm32-eabi/bin/../lib/gcc/arm-none-eabi/10.2.0/thumb/v7e-m+fp/hard\libgcc.a(_aeabi_uldivmod.o)
 .bss           0x1fff9210        0x0 c:/nxp/s32ds.3.6.5/s32ds/build_tools/gcc_v10.2/gcc-10.2-arm32-eabi/bin/../lib/gcc/arm-none-eabi/10.2.0/thumb/v7e-m+fp/hard\libgcc.a(_udivmoddi4.o)
 .bss           0x1fff9210        0x0 c:/nxp/s32ds.3.6.5/s32ds/build_tools/gcc_v10.2/gcc-10.2-arm32-eabi/bin/../lib/gcc/arm-none-eabi/10.2.0/thumb/v7e-m+fp/hard\libgcc.a(_dvmd_tls.o)
 .bss           0x1fff9210        0x0 c:/nxp/s32ds.3.6.5/s32ds/build_tools/gcc_v10.2/gcc-10.2-arm32-eabi/bin/../lib/gcc/arm-none-eabi/10.2.0/../../../../arm-none-eabi/lib/thumb/v7e-m+fp/hard\libg_nano.a(lib_a-errno.o)
 .bss           0x1fff9210        0x0 c:/nxp/s32ds.3.6.5/s32ds/build_tools/gcc_v10.2/gcc-10.2-arm32-eabi/bin/../lib/gcc/arm-none-eabi/10.2.0/../../../../arm-none-eabi/lib/thumb/v7e-m+fp/hard\libnosys.a(sbrk.o)
 *(.bss*)
 .bss.__malloc_free_list
                0x1fff9210        0x4 c:/nxp/s32ds.3.6.5/s32ds/build_tools/gcc_v10.2/gcc-10.2-arm32-eabi/bin/../lib/gcc/arm-none-eabi/10.2.0/../../../../arm-none-eabi/lib/thumb/v7e-m+fp/hard\libc_nano.a(lib_a-nano-mallocr.o)
                0x1fff9210                __malloc_free_list
 .bss.__malloc_sbrk_start
                0x1fff9214        0x4 c:/nxp/s32ds.3.6.5/s32ds/build_tools/gcc_v10.2/gcc-10.2-arm32-eabi/bin/../lib/gcc/arm-none-eabi/10.2.0/../../../../arm-none-eabi/lib/thumb/v7e-m+fp/hard\libc_nano.a(lib_a-nano-mallocr.o)
                0x1fff9214                __malloc_sbrk_start
 .bss.errno     0x1fff9218        0x4 c:/nxp/s32ds.3.6.5/s32ds/build_tools/gcc_v10.2/gcc-10.2-arm32-eabi/bin/../lib/gcc/arm-none-eabi/10.2.0/../../../../arm-none-eabi/lib/thumb/v7e-m+fp/hard\libc_nano.a(lib_a-reent.o)
                0x1fff9218                errno
 .bss.heap_end.0
                0x1fff921c        0x4 c:/nxp/s32ds.3.6.5/s32ds/build_tools/gcc_v10.2/gcc-10.2-arm32-eabi/bin/../lib/gcc/arm-none-eabi/10.2.0/../../../../arm-none-eabi/lib/thumb/v7e-m+fp/hard\libnosys.a(sbrk.o)
                0x1fff9220                . = ALIGN (0x10)
 *(.mcal_bss)
 .mcal_bss      0x1fff9220       0x61 ./RTD/src/Clock_Ip.o
                0x1fff9220                Clock_Ip_FreqIds
 *fill*         0x1fff9281        0x3 
 .mcal_bss      0x1fff9284      0x13c ./RTD/src/Clock_Ip_Specific.o
                0x1fff93c0                . = ALIGN (0x10)
                0x1fff93c0                __non_cacheable_bss_start = .
 *(.mcal_bss_no_cacheable)
 .mcal_bss_no_cacheable
                0x1fff93c0      0x168 ./RTD/src/Det.o
                0x1fff93c0                Det_NextIdxList
                0x1fff93d4                Det_RuntimeErrorId
                0x1fff93e0                Det_aErrorState
                0x1fff9404                Det_Runtime_NextIdxList
                0x1fff9418                Det_aRuntimeErrorState
                0x1fff943c                Det_ModuleId
                0x1fff9450                Det_numTransientEventErrors
                0x1fff9454                Det_TransientInstanceId
                0x1fff945e                Det_RuntimeModuleId
                0x1fff9472                Det_TransientFaultId
                0x1fff947c                Det_OverflowErrorFlag
                0x1fff947e                Det_Transient_Head
                0x1fff9480                Det_RuntimeInstanceId
                0x1fff948c                Det_ModuleState
                0x1fff9490                Det_OverflowRuntimeErrorFlag
                0x1fff9491                Det_RuntimeApiId
                0x1fff949b                Det_OverflowTransientErrorFlag
                0x1fff949c                Det_Head
                0x1fff94a0                Det_numEventErrors
                0x1fff94a4                Det_Runtime_Head
                0x1fff94a6                Det_Tail
                0x1fff94a8                Det_InstanceId
                0x1fff94b4                Det_numRuntimeEventErrors
                0x1fff94b8                Det_Runtime_Tail
                0x1fff94ba                Det_TransientApiId
                0x1fff94c4                Det_ApiId
                0x1fff94ce                Det_Transient_NextIdxList
                0x1fff94e4                Det_aTransientErrorState
                0x1fff9508                Det_Transient_Tail
                0x1fff950a                Det_ErrorId
                0x1fff9514                Det_TransientModuleId
 .mcal_bss_no_cacheable
                0x1fff9528       0x18 ./RTD/src/SchM_Mcu.o
 .mcal_bss_no_cacheable
                0x1fff9540       0xe0 ./RTD/src/SchM_Port.o
                0x1fff9620                . = ALIGN (0x10)
                0x1fff9620                __non_cacheable_bss_end = .
                0x1fff9620                __shareable_bss_start = .
 *(.mcal_shared_bss)
                0x1fff9620                . = ALIGN (0x10)
                0x1fff9620                __shareable_bss_end = .
                0x1fff9620                __sram_bss_end = .

.acfls_code_ram
                0x1fff9620        0x0
                0x1fff9620                . = (. + (acfls_code_rom_end - acfls_code_rom_start))

.acmem_43_infls_code_ram
                0x1fff9620        0x0
                0x1fff9620                . = (. + (acmem_43_infls_code_rom_end - acmem_43_infls_code_rom_start))

.heap           0x1fff9620      0x200 load address 0x00007690
                0x1fff9620                . = ALIGN (0x4)
                0x1fff9620                _end = .
                0x1fff9620                end = .
                0x1fff9620                _heap_start = .
                0x1fff9820                . = (. + HEAP_SIZE)
 *fill*         0x1fff9620      0x200 
                0x1fff9820                _heap_end = .

int_results     0x1fff8000      0x100
                0x1fff8000                . = ALIGN (0x4)
 *(.int_results)
                0x1fff8100                . = (. + 0x100)
 *fill*         0x1fff8000      0x100 
                0x20006000                __Stack_end_c0 = ORIGIN (int_sram_stack_c0)
                0x20007000                __Stack_start_c0 = (ORIGIN (int_sram_stack_c0) + LENGTH (int_sram_stack_c0))
                0x1fff8000                __INT_SRAM_START = ORIGIN (int_sram_results)
                0x20007000                __INT_SRAM_END = ORIGIN (ram_rsvd2)
                0x1fff8b10                __RAM_INIT_START = __data_ram_start
                0x1fff9124                __RAM_INIT_END = __data_ram_end
                0x00006b80                __ROM_INIT_START = __DATA_ROM
                0x00007194                __ROM_INIT_END = __DATA_ROM_END
                0x1fff9130                __BSS_SRAM_START = __sram_bss_start
                0x1fff9620                __BSS_SRAM_END = __sram_bss_end
                0x000004f0                __BSS_SRAM_SIZE = (__sram_bss_end - __sram_bss_start)
                0x1fff8800                __RAM_INTERRUPT_START = __interrupts_ram_start
                0x00000000                __ROM_INTERRUPT_START = __interrupts_rom_start
                0x00000310                __ROM_INTERRUPT_END = __interrupts_rom_end
                0x00006b58                __INIT_TABLE = __init_table
                0x00006b74                __ZERO_TABLE = __zero_table
                0x00000001                __RAM_INIT = 0x1
                0x00005f70                Fls_ACEraseRomStart = acfls_code_rom_start
                0x00005f70                Fls_ACEraseRomEnd = acfls_code_rom_end
                0x00000000                Fls_ACEraseSize = (((acfls_code_rom_end - acfls_code_rom_start) + 0x3) / 0x4)
                0x00005f70                Fls_ACWriteRomStart = acfls_code_rom_start
                0x00005f70                Fls_ACWriteRomEnd = acfls_code_rom_end
                0x00000000                Fls_ACWriteSize = (((acfls_code_rom_end - acfls_code_rom_start) + 0x3) / 0x4)
                0x1fff9620                _ERASE_FUNC_ADDRESS_ = ADDR (.acfls_code_ram)
                0x1fff9620                _WRITE_FUNC_ADDRESS_ = ADDR (.acfls_code_ram)
                0x00005f70                Mem_43_INFLS_ACEraseRomStart = acmem_43_infls_code_rom_start
                0x00005f70                Mem_43_INFLS_ACEraseRomEnd = acmem_43_infls_code_rom_end
                0x00000000                Mem_43_INFLS_ACEraseSize = (((acmem_43_infls_code_rom_end - acmem_43_infls_code_rom_start) + 0x3) / 0x4)
                0x00005f70                Mem_43_INFLS_ACWriteRomStart = acmem_43_infls_code_rom_start
                0x00005f70                Mem_43_INFLS_ACWriteRomEnd = acmem_43_infls_code_rom_end
                0x00000000                Mem_43_INFLS_ACWriteSize = (((acmem_43_infls_code_rom_end - acmem_43_infls_code_rom_start) + 0x3) / 0x4)
                0x1fff9620                _MEM_43_INFLS_ERASE_FUNC_ADDRESS_ = ADDR (.acmem_43_infls_code_ram)
                0x1fff9620                _MEM_43_INFLS_WRITE_FUNC_ADDRESS_ = ADDR (.acmem_43_infls_code_ram)
                0x1fff8800                __ENTRY_VTABLE = __RAM_INTERRUPT_START
OUTPUT(HMI_V1.elf elf32-littlearm)
LOAD linker stubs

.ARM.attributes
                0x00000000       0x30
 .ARM.attributes
                0x00000000       0x20 ./Project_Settings/Startup_Code/Vector_Table.o
 .ARM.attributes
                0x00000020       0x34 ./Project_Settings/Startup_Code/exceptions.o
 .ARM.attributes
                0x00000054       0x34 ./Project_Settings/Startup_Code/nvic.o
 .ARM.attributes
                0x00000088       0x34 ./Project_Settings/Startup_Code/startup.o
 .ARM.attributes
                0x000000bc       0x1f ./Project_Settings/Startup_Code/startup_cm4.o
 .ARM.attributes
                0x000000db       0x34 ./Project_Settings/Startup_Code/system.o
 .ARM.attributes
                0x0000010f       0x34 ./RTD/src/Clock_Ip.o
 .ARM.attributes
                0x00000143       0x39 ./RTD/src/Clock_Ip_Data.o
 .ARM.attributes
                0x0000017c       0x34 ./RTD/src/Clock_Ip_Divider.o
 .ARM.attributes
                0x000001b0       0x34 ./RTD/src/Clock_Ip_DividerTrigger.o
 .ARM.attributes
                0x000001e4       0x34 ./RTD/src/Clock_Ip_ExtOsc.o
 .ARM.attributes
                0x00000218       0x34 ./RTD/src/Clock_Ip_FracDiv.o
 .ARM.attributes
                0x0000024c       0x34 ./RTD/src/Clock_Ip_Frequency.o
 .ARM.attributes
                0x00000280       0x34 ./RTD/src/Clock_Ip_Gate.o
 .ARM.attributes
                0x000002b4       0x34 ./RTD/src/Clock_Ip_IntOsc.o
 .ARM.attributes
                0x000002e8       0x39 ./RTD/src/Clock_Ip_Irq.o
 .ARM.attributes
                0x00000321       0x34 ./RTD/src/Clock_Ip_Monitor.o
 .ARM.attributes
                0x00000355       0x34 ./RTD/src/Clock_Ip_Pll.o
 .ARM.attributes
                0x00000389       0x34 ./RTD/src/Clock_Ip_ProgFreqSwitch.o
 .ARM.attributes
                0x000003bd       0x34 ./RTD/src/Clock_Ip_Selector.o
 .ARM.attributes
                0x000003f1       0x34 ./RTD/src/Clock_Ip_Specific.o
 .ARM.attributes
                0x00000425       0x34 ./RTD/src/Det.o
 .ARM.attributes
                0x00000459       0x34 ./RTD/src/Det_stub.o
 .ARM.attributes
                0x0000048d       0x39 ./RTD/src/OsIf_Interrupts.o
 .ARM.attributes
                0x000004c6       0x39 ./RTD/src/OsIf_Software_Semaphore.o
 .ARM.attributes
                0x000004ff       0x34 ./RTD/src/OsIf_Timer.o
 .ARM.attributes
                0x00000533       0x39 ./RTD/src/OsIf_Timer_System.o
 .ARM.attributes
                0x0000056c       0x34 ./RTD/src/OsIf_Timer_System_Internal_Systick.o
 .ARM.attributes
                0x000005a0       0x34 ./RTD/src/Port_Ci_Port_Ip.o
 .ARM.attributes
                0x000005d4       0x34 ./RTD/src/SchM_Mcu.o
 .ARM.attributes
                0x00000608       0x34 ./RTD/src/SchM_Port.o
 .ARM.attributes
                0x0000063c       0x39 ./board/Port_Ci_Port_Ip_Cfg.o
 .ARM.attributes
                0x00000675       0x39 ./generate/src/Clock_Ip_Cfg.o
 .ARM.attributes
                0x000006ae       0x39 ./generate/src/OsIf_Cfg.o
 .ARM.attributes
                0x000006e7       0x34 ./src/ADC.o
 .ARM.attributes
                0x0000071b       0x34 ./src/Delay.o
 .ARM.attributes
                0x0000074f       0x34 ./src/EEPROM.o
 .ARM.attributes
                0x00000783       0x34 ./src/GPIO.o
 .ARM.attributes
                0x000007b7       0x34 ./src/HMI.o
 .ARM.attributes
                0x000007eb       0x34 ./src/LCD.o
 .ARM.attributes
                0x0000081f       0x34 ./src/main.o
 .ARM.attributes
                0x00000853       0x34 c:/nxp/s32ds.3.6.5/s32ds/build_tools/gcc_v10.2/gcc-10.2-arm32-eabi/bin/../lib/gcc/arm-none-eabi/10.2.0/../../../../arm-none-eabi/lib/thumb/v7e-m+fp/hard\libc_nano.a(lib_a-memset.o)
 .ARM.attributes
                0x00000887       0x34 c:/nxp/s32ds.3.6.5/s32ds/build_tools/gcc_v10.2/gcc-10.2-arm32-eabi/bin/../lib/gcc/arm-none-eabi/10.2.0/../../../../arm-none-eabi/lib/thumb/v7e-m+fp/hard\libc_nano.a(lib_a-snprintf.o)
 .ARM.attributes
                0x000008bb       0x32 c:/nxp/s32ds.3.6.5/s32ds/build_tools/gcc_v10.2/gcc-10.2-arm32-eabi/bin/../lib/gcc/arm-none-eabi/10.2.0/../../../../arm-none-eabi/lib/thumb/v7e-m+fp/hard\libc_nano.a(lib_a-impure.o)
 .ARM.attributes
                0x000008ed       0x34 c:/nxp/s32ds.3.6.5/s32ds/build_tools/gcc_v10.2/gcc-10.2-arm32-eabi/bin/../lib/gcc/arm-none-eabi/10.2.0/../../../../arm-none-eabi/lib/thumb/v7e-m+fp/hard\libc_nano.a(lib_a-nano-svfprintf.o)
 .ARM.attributes
                0x00000921       0x34 c:/nxp/s32ds.3.6.5/s32ds/build_tools/gcc_v10.2/gcc-10.2-arm32-eabi/bin/../lib/gcc/arm-none-eabi/10.2.0/../../../../arm-none-eabi/lib/thumb/v7e-m+fp/hard\libc_nano.a(lib_a-nano-vfprintf_i.o)
 .ARM.attributes
                0x00000955       0x1c c:/nxp/s32ds.3.6.5/s32ds/build_tools/gcc_v10.2/gcc-10.2-arm32-eabi/bin/../lib/gcc/arm-none-eabi/10.2.0/../../../../arm-none-eabi/lib/thumb/v7e-m+fp/hard\libc_nano.a(lib_a-memchr.o)
 .ARM.attributes
                0x00000971       0x34 c:/nxp/s32ds.3.6.5/s32ds/build_tools/gcc_v10.2/gcc-10.2-arm32-eabi/bin/../lib/gcc/arm-none-eabi/10.2.0/../../../../arm-none-eabi/lib/thumb/v7e-m+fp/hard\libc_nano.a(lib_a-memcpy-stub.o)
 .ARM.attributes
                0x000009a5       0x34 c:/nxp/s32ds.3.6.5/s32ds/build_tools/gcc_v10.2/gcc-10.2-arm32-eabi/bin/../lib/gcc/arm-none-eabi/10.2.0/../../../../arm-none-eabi/lib/thumb/v7e-m+fp/hard\libc_nano.a(lib_a-memmove.o)
 .ARM.attributes
                0x000009d9       0x34 c:/nxp/s32ds.3.6.5/s32ds/build_tools/gcc_v10.2/gcc-10.2-arm32-eabi/bin/../lib/gcc/arm-none-eabi/10.2.0/../../../../arm-none-eabi/lib/thumb/v7e-m+fp/hard\libc_nano.a(lib_a-nano-freer.o)
 .ARM.attributes
                0x00000a0d       0x34 c:/nxp/s32ds.3.6.5/s32ds/build_tools/gcc_v10.2/gcc-10.2-arm32-eabi/bin/../lib/gcc/arm-none-eabi/10.2.0/../../../../arm-none-eabi/lib/thumb/v7e-m+fp/hard\libc_nano.a(lib_a-nano-mallocr.o)
 .ARM.attributes
                0x00000a41       0x34 c:/nxp/s32ds.3.6.5/s32ds/build_tools/gcc_v10.2/gcc-10.2-arm32-eabi/bin/../lib/gcc/arm-none-eabi/10.2.0/../../../../arm-none-eabi/lib/thumb/v7e-m+fp/hard\libc_nano.a(lib_a-nano-reallocr.o)
 .ARM.attributes
                0x00000a75       0x34 c:/nxp/s32ds.3.6.5/s32ds/build_tools/gcc_v10.2/gcc-10.2-arm32-eabi/bin/../lib/gcc/arm-none-eabi/10.2.0/../../../../arm-none-eabi/lib/thumb/v7e-m+fp/hard\libc_nano.a(lib_a-sbrkr.o)
 .ARM.attributes
                0x00000aa9       0x34 c:/nxp/s32ds.3.6.5/s32ds/build_tools/gcc_v10.2/gcc-10.2-arm32-eabi/bin/../lib/gcc/arm-none-eabi/10.2.0/../../../../arm-none-eabi/lib/thumb/v7e-m+fp/hard\libc_nano.a(lib_a-mlock.o)
 .ARM.attributes
                0x00000add       0x34 c:/nxp/s32ds.3.6.5/s32ds/build_tools/gcc_v10.2/gcc-10.2-arm32-eabi/bin/../lib/gcc/arm-none-eabi/10.2.0/../../../../arm-none-eabi/lib/thumb/v7e-m+fp/hard\libc_nano.a(lib_a-nano-msizer.o)
 .ARM.attributes
                0x00000b11       0x34 c:/nxp/s32ds.3.6.5/s32ds/build_tools/gcc_v10.2/gcc-10.2-arm32-eabi/bin/../lib/gcc/arm-none-eabi/10.2.0/../../../../arm-none-eabi/lib/thumb/v7e-m+fp/hard\libc_nano.a(lib_a-reent.o)
 .ARM.attributes
                0x00000b45       0x34 c:/nxp/s32ds.3.6.5/s32ds/build_tools/gcc_v10.2/gcc-10.2-arm32-eabi/bin/../lib/gcc/arm-none-eabi/10.2.0/../../../../arm-none-eabi/lib/thumb/v7e-m+fp/hard\libm.a(lib_a-wf_log.o)
 .ARM.attributes
                0x00000b79       0x34 c:/nxp/s32ds.3.6.5/s32ds/build_tools/gcc_v10.2/gcc-10.2-arm32-eabi/bin/../lib/gcc/arm-none-eabi/10.2.0/../../../../arm-none-eabi/lib/thumb/v7e-m+fp/hard\libm.a(lib_a-ef_log.o)
 .ARM.attributes
                0x00000bad       0x34 c:/nxp/s32ds.3.6.5/s32ds/build_tools/gcc_v10.2/gcc-10.2-arm32-eabi/bin/../lib/gcc/arm-none-eabi/10.2.0/../../../../arm-none-eabi/lib/thumb/v7e-m+fp/hard\libm.a(lib_a-sf_nan.o)
 .ARM.attributes
                0x00000be1       0x32 c:/nxp/s32ds.3.6.5/s32ds/build_tools/gcc_v10.2/gcc-10.2-arm32-eabi/bin/../lib/gcc/arm-none-eabi/10.2.0/../../../../arm-none-eabi/lib/thumb/v7e-m+fp/hard\libm.a(lib_a-s_lib_ver.o)
 .ARM.attributes
                0x00000c13       0x1e c:/nxp/s32ds.3.6.5/s32ds/build_tools/gcc_v10.2/gcc-10.2-arm32-eabi/bin/../lib/gcc/arm-none-eabi/10.2.0/thumb/v7e-m+fp/hard\libgcc.a(_aeabi_ldivmod.o)
 .ARM.attributes
                0x00000c31       0x1e c:/nxp/s32ds.3.6.5/s32ds/build_tools/gcc_v10.2/gcc-10.2-arm32-eabi/bin/../lib/gcc/arm-none-eabi/10.2.0/thumb/v7e-m+fp/hard\libgcc.a(_aeabi_uldivmod.o)
 .ARM.attributes
                0x00000c4f       0x34 c:/nxp/s32ds.3.6.5/s32ds/build_tools/gcc_v10.2/gcc-10.2-arm32-eabi/bin/../lib/gcc/arm-none-eabi/10.2.0/thumb/v7e-m+fp/hard\libgcc.a(_udivmoddi4.o)
 .ARM.attributes
                0x00000c83       0x1e c:/nxp/s32ds.3.6.5/s32ds/build_tools/gcc_v10.2/gcc-10.2-arm32-eabi/bin/../lib/gcc/arm-none-eabi/10.2.0/thumb/v7e-m+fp/hard\libgcc.a(_dvmd_tls.o)
 .ARM.attributes
                0x00000ca1       0x34 c:/nxp/s32ds.3.6.5/s32ds/build_tools/gcc_v10.2/gcc-10.2-arm32-eabi/bin/../lib/gcc/arm-none-eabi/10.2.0/../../../../arm-none-eabi/lib/thumb/v7e-m+fp/hard\libg_nano.a(lib_a-errno.o)
 .ARM.attributes
                0x00000cd5       0x34 c:/nxp/s32ds.3.6.5/s32ds/build_tools/gcc_v10.2/gcc-10.2-arm32-eabi/bin/../lib/gcc/arm-none-eabi/10.2.0/../../../../arm-none-eabi/lib/thumb/v7e-m+fp/hard\libnosys.a(sbrk.o)

.comment        0x00000000       0x88
 .comment       0x00000000       0x88 ./Project_Settings/Startup_Code/exceptions.o
                                 0x89 (size before relaxing)
 .comment       0x00000088       0x89 ./Project_Settings/Startup_Code/nvic.o
 .comment       0x00000088       0x89 ./Project_Settings/Startup_Code/startup.o
 .comment       0x00000088       0x89 ./Project_Settings/Startup_Code/system.o
 .comment       0x00000088       0x89 ./RTD/src/Clock_Ip.o
 .comment       0x00000088       0x89 ./RTD/src/Clock_Ip_Data.o
 .comment       0x00000088       0x89 ./RTD/src/Clock_Ip_Divider.o
 .comment       0x00000088       0x89 ./RTD/src/Clock_Ip_DividerTrigger.o
 .comment       0x00000088       0x89 ./RTD/src/Clock_Ip_ExtOsc.o
 .comment       0x00000088       0x89 ./RTD/src/Clock_Ip_FracDiv.o
 .comment       0x00000088       0x89 ./RTD/src/Clock_Ip_Frequency.o
 .comment       0x00000088       0x89 ./RTD/src/Clock_Ip_Gate.o
 .comment       0x00000088       0x89 ./RTD/src/Clock_Ip_IntOsc.o
 .comment       0x00000088       0x89 ./RTD/src/Clock_Ip_Irq.o
 .comment       0x00000088       0x89 ./RTD/src/Clock_Ip_Monitor.o
 .comment       0x00000088       0x89 ./RTD/src/Clock_Ip_Pll.o
 .comment       0x00000088       0x89 ./RTD/src/Clock_Ip_ProgFreqSwitch.o
 .comment       0x00000088       0x89 ./RTD/src/Clock_Ip_Selector.o
 .comment       0x00000088       0x89 ./RTD/src/Clock_Ip_Specific.o
 .comment       0x00000088       0x89 ./RTD/src/Det.o
 .comment       0x00000088       0x89 ./RTD/src/Det_stub.o
 .comment       0x00000088       0x89 ./RTD/src/OsIf_Interrupts.o
 .comment       0x00000088       0x89 ./RTD/src/OsIf_Software_Semaphore.o
 .comment       0x00000088       0x89 ./RTD/src/OsIf_Timer.o
 .comment       0x00000088       0x89 ./RTD/src/OsIf_Timer_System.o
 .comment       0x00000088       0x89 ./RTD/src/OsIf_Timer_System_Internal_Systick.o
 .comment       0x00000088       0x89 ./RTD/src/Port_Ci_Port_Ip.o
 .comment       0x00000088       0x89 ./RTD/src/SchM_Mcu.o
 .comment       0x00000088       0x89 ./RTD/src/SchM_Port.o
 .comment       0x00000088       0x89 ./board/Port_Ci_Port_Ip_Cfg.o
 .comment       0x00000088       0x89 ./generate/src/Clock_Ip_Cfg.o
 .comment       0x00000088       0x89 ./generate/src/OsIf_Cfg.o
 .comment       0x00000088       0x89 ./src/ADC.o
 .comment       0x00000088       0x89 ./src/Delay.o
 .comment       0x00000088       0x89 ./src/EEPROM.o
 .comment       0x00000088       0x89 ./src/GPIO.o
 .comment       0x00000088       0x89 ./src/HMI.o
 .comment       0x00000088       0x89 ./src/LCD.o
 .comment       0x00000088       0x89 ./src/main.o
 .comment       0x00000088       0x89 c:/nxp/s32ds.3.6.5/s32ds/build_tools/gcc_v10.2/gcc-10.2-arm32-eabi/bin/../lib/gcc/arm-none-eabi/10.2.0/../../../../arm-none-eabi/lib/thumb/v7e-m+fp/hard\libc_nano.a(lib_a-memset.o)
 .comment       0x00000088       0x89 c:/nxp/s32ds.3.6.5/s32ds/build_tools/gcc_v10.2/gcc-10.2-arm32-eabi/bin/../lib/gcc/arm-none-eabi/10.2.0/../../../../arm-none-eabi/lib/thumb/v7e-m+fp/hard\libc_nano.a(lib_a-snprintf.o)
 .comment       0x00000088       0x89 c:/nxp/s32ds.3.6.5/s32ds/build_tools/gcc_v10.2/gcc-10.2-arm32-eabi/bin/../lib/gcc/arm-none-eabi/10.2.0/../../../../arm-none-eabi/lib/thumb/v7e-m+fp/hard\libc_nano.a(lib_a-impure.o)
 .comment       0x00000088       0x89 c:/nxp/s32ds.3.6.5/s32ds/build_tools/gcc_v10.2/gcc-10.2-arm32-eabi/bin/../lib/gcc/arm-none-eabi/10.2.0/../../../../arm-none-eabi/lib/thumb/v7e-m+fp/hard\libc_nano.a(lib_a-nano-svfprintf.o)
 .comment       0x00000088       0x89 c:/nxp/s32ds.3.6.5/s32ds/build_tools/gcc_v10.2/gcc-10.2-arm32-eabi/bin/../lib/gcc/arm-none-eabi/10.2.0/../../../../arm-none-eabi/lib/thumb/v7e-m+fp/hard\libc_nano.a(lib_a-nano-vfprintf_i.o)
 .comment       0x00000088       0x89 c:/nxp/s32ds.3.6.5/s32ds/build_tools/gcc_v10.2/gcc-10.2-arm32-eabi/bin/../lib/gcc/arm-none-eabi/10.2.0/../../../../arm-none-eabi/lib/thumb/v7e-m+fp/hard\libc_nano.a(lib_a-memcpy-stub.o)
 .comment       0x00000088       0x89 c:/nxp/s32ds.3.6.5/s32ds/build_tools/gcc_v10.2/gcc-10.2-arm32-eabi/bin/../lib/gcc/arm-none-eabi/10.2.0/../../../../arm-none-eabi/lib/thumb/v7e-m+fp/hard\libc_nano.a(lib_a-memmove.o)
 .comment       0x00000088       0x89 c:/nxp/s32ds.3.6.5/s32ds/build_tools/gcc_v10.2/gcc-10.2-arm32-eabi/bin/../lib/gcc/arm-none-eabi/10.2.0/../../../../arm-none-eabi/lib/thumb/v7e-m+fp/hard\libc_nano.a(lib_a-nano-freer.o)
 .comment       0x00000088       0x89 c:/nxp/s32ds.3.6.5/s32ds/build_tools/gcc_v10.2/gcc-10.2-arm32-eabi/bin/../lib/gcc/arm-none-eabi/10.2.0/../../../../arm-none-eabi/lib/thumb/v7e-m+fp/hard\libc_nano.a(lib_a-nano-mallocr.o)
 .comment       0x00000088       0x89 c:/nxp/s32ds.3.6.5/s32ds/build_tools/gcc_v10.2/gcc-10.2-arm32-eabi/bin/../lib/gcc/arm-none-eabi/10.2.0/../../../../arm-none-eabi/lib/thumb/v7e-m+fp/hard\libc_nano.a(lib_a-nano-reallocr.o)
 .comment       0x00000088       0x89 c:/nxp/s32ds.3.6.5/s32ds/build_tools/gcc_v10.2/gcc-10.2-arm32-eabi/bin/../lib/gcc/arm-none-eabi/10.2.0/../../../../arm-none-eabi/lib/thumb/v7e-m+fp/hard\libc_nano.a(lib_a-sbrkr.o)
 .comment       0x00000088       0x89 c:/nxp/s32ds.3.6.5/s32ds/build_tools/gcc_v10.2/gcc-10.2-arm32-eabi/bin/../lib/gcc/arm-none-eabi/10.2.0/../../../../arm-none-eabi/lib/thumb/v7e-m+fp/hard\libc_nano.a(lib_a-mlock.o)
 .comment       0x00000088       0x89 c:/nxp/s32ds.3.6.5/s32ds/build_tools/gcc_v10.2/gcc-10.2-arm32-eabi/bin/../lib/gcc/arm-none-eabi/10.2.0/../../../../arm-none-eabi/lib/thumb/v7e-m+fp/hard\libc_nano.a(lib_a-nano-msizer.o)
 .comment       0x00000088       0x89 c:/nxp/s32ds.3.6.5/s32ds/build_tools/gcc_v10.2/gcc-10.2-arm32-eabi/bin/../lib/gcc/arm-none-eabi/10.2.0/../../../../arm-none-eabi/lib/thumb/v7e-m+fp/hard\libc_nano.a(lib_a-reent.o)
 .comment       0x00000088       0x89 c:/nxp/s32ds.3.6.5/s32ds/build_tools/gcc_v10.2/gcc-10.2-arm32-eabi/bin/../lib/gcc/arm-none-eabi/10.2.0/../../../../arm-none-eabi/lib/thumb/v7e-m+fp/hard\libm.a(lib_a-wf_log.o)
 .comment       0x00000088       0x89 c:/nxp/s32ds.3.6.5/s32ds/build_tools/gcc_v10.2/gcc-10.2-arm32-eabi/bin/../lib/gcc/arm-none-eabi/10.2.0/../../../../arm-none-eabi/lib/thumb/v7e-m+fp/hard\libm.a(lib_a-ef_log.o)
 .comment       0x00000088       0x89 c:/nxp/s32ds.3.6.5/s32ds/build_tools/gcc_v10.2/gcc-10.2-arm32-eabi/bin/../lib/gcc/arm-none-eabi/10.2.0/../../../../arm-none-eabi/lib/thumb/v7e-m+fp/hard\libm.a(lib_a-sf_nan.o)
 .comment       0x00000088       0x89 c:/nxp/s32ds.3.6.5/s32ds/build_tools/gcc_v10.2/gcc-10.2-arm32-eabi/bin/../lib/gcc/arm-none-eabi/10.2.0/../../../../arm-none-eabi/lib/thumb/v7e-m+fp/hard\libm.a(lib_a-s_lib_ver.o)
 .comment       0x00000088       0x89 c:/nxp/s32ds.3.6.5/s32ds/build_tools/gcc_v10.2/gcc-10.2-arm32-eabi/bin/../lib/gcc/arm-none-eabi/10.2.0/../../../../arm-none-eabi/lib/thumb/v7e-m+fp/hard\libg_nano.a(lib_a-errno.o)
 .comment       0x00000088       0x89 c:/nxp/s32ds.3.6.5/s32ds/build_tools/gcc_v10.2/gcc-10.2-arm32-eabi/bin/../lib/gcc/arm-none-eabi/10.2.0/../../../../arm-none-eabi/lib/thumb/v7e-m+fp/hard\libnosys.a(sbrk.o)

.debug_info     0x00000000    0x16aee
 .debug_info    0x00000000      0x139 ./Project_Settings/Startup_Code/exceptions.o
 .debug_info    0x00000139      0x47e ./Project_Settings/Startup_Code/nvic.o
 .debug_info    0x000005b7      0x260 ./Project_Settings/Startup_Code/startup.o
 .debug_info    0x00000817       0x26 ./Project_Settings/Startup_Code/startup_cm4.o
 .debug_info    0x0000083d      0x470 ./Project_Settings/Startup_Code/system.o
 .debug_info    0x00000cad     0x2208 ./RTD/src/Clock_Ip.o
 .debug_info    0x00002eb5      0x887 ./RTD/src/Clock_Ip_Data.o
 .debug_info    0x0000373c      0xec4 ./RTD/src/Clock_Ip_Divider.o
 .debug_info    0x00004600      0x45b ./RTD/src/Clock_Ip_DividerTrigger.o
 .debug_info    0x00004a5b      0xb25 ./RTD/src/Clock_Ip_ExtOsc.o
 .debug_info    0x00005580      0x4f5 ./RTD/src/Clock_Ip_FracDiv.o
 .debug_info    0x00005a75      0x367 ./RTD/src/Clock_Ip_Frequency.o
 .debug_info    0x00005ddc      0xce5 ./RTD/src/Clock_Ip_Gate.o
 .debug_info    0x00006ac1     0x156d ./RTD/src/Clock_Ip_IntOsc.o
 .debug_info    0x0000802e       0x7d ./RTD/src/Clock_Ip_Irq.o
 .debug_info    0x000080ab      0x772 ./RTD/src/Clock_Ip_Monitor.o
 .debug_info    0x0000881d      0xdb6 ./RTD/src/Clock_Ip_Pll.o
 .debug_info    0x000095d3      0x46b ./RTD/src/Clock_Ip_ProgFreqSwitch.o
 .debug_info    0x00009a3e     0x16ee ./RTD/src/Clock_Ip_Selector.o
 .debug_info    0x0000b12c     0x201b ./RTD/src/Clock_Ip_Specific.o
 .debug_info    0x0000d147      0xe0f ./RTD/src/Det.o
 .debug_info    0x0000df56      0x5d6 ./RTD/src/Det_stub.o
 .debug_info    0x0000e52c       0x7d ./RTD/src/OsIf_Interrupts.o
 .debug_info    0x0000e5a9       0x7d ./RTD/src/OsIf_Software_Semaphore.o
 .debug_info    0x0000e626      0x2ce ./RTD/src/OsIf_Timer.o
 .debug_info    0x0000e8f4       0x7d ./RTD/src/OsIf_Timer_System.o
 .debug_info    0x0000e971      0x197 ./RTD/src/OsIf_Timer_System_Internal_Systick.o
 .debug_info    0x0000eb08      0xe06 ./RTD/src/Port_Ci_Port_Ip.o
 .debug_info    0x0000f90e      0x39d ./RTD/src/SchM_Mcu.o
 .debug_info    0x0000fcab     0x17a2 ./RTD/src/SchM_Port.o
 .debug_info    0x0001144d      0x41a ./board/Port_Ci_Port_Ip_Cfg.o
 .debug_info    0x00011867      0xe1e ./generate/src/Clock_Ip_Cfg.o
 .debug_info    0x00012685       0x7d ./generate/src/OsIf_Cfg.o
 .debug_info    0x00012702      0x851 ./src/ADC.o
 .debug_info    0x00012f53      0x350 ./src/Delay.o
 .debug_info    0x000132a3      0x73e ./src/EEPROM.o
 .debug_info    0x000139e1      0xca3 ./src/GPIO.o
 .debug_info    0x00014684     0x1815 ./src/HMI.o
 .debug_info    0x00015e99      0x620 ./src/LCD.o
 .debug_info    0x000164b9       0xa2 ./src/main.o
 .debug_info    0x0001655b       0x26 c:/nxp/s32ds.3.6.5/s32ds/build_tools/gcc_v10.2/gcc-10.2-arm32-eabi/bin/../lib/gcc/arm-none-eabi/10.2.0/thumb/v7e-m+fp/hard\libgcc.a(_aeabi_ldivmod.o)
 .debug_info    0x00016581       0x26 c:/nxp/s32ds.3.6.5/s32ds/build_tools/gcc_v10.2/gcc-10.2-arm32-eabi/bin/../lib/gcc/arm-none-eabi/10.2.0/thumb/v7e-m+fp/hard\libgcc.a(_aeabi_uldivmod.o)
 .debug_info    0x000165a7      0x521 c:/nxp/s32ds.3.6.5/s32ds/build_tools/gcc_v10.2/gcc-10.2-arm32-eabi/bin/../lib/gcc/arm-none-eabi/10.2.0/thumb/v7e-m+fp/hard\libgcc.a(_udivmoddi4.o)
 .debug_info    0x00016ac8       0x26 c:/nxp/s32ds.3.6.5/s32ds/build_tools/gcc_v10.2/gcc-10.2-arm32-eabi/bin/../lib/gcc/arm-none-eabi/10.2.0/thumb/v7e-m+fp/hard\libgcc.a(_dvmd_tls.o)

.debug_abbrev   0x00000000     0x3f6d
 .debug_abbrev  0x00000000       0x47 ./Project_Settings/Startup_Code/exceptions.o
 .debug_abbrev  0x00000047      0x111 ./Project_Settings/Startup_Code/nvic.o
 .debug_abbrev  0x00000158      0x128 ./Project_Settings/Startup_Code/startup.o
 .debug_abbrev  0x00000280       0x14 ./Project_Settings/Startup_Code/startup_cm4.o
 .debug_abbrev  0x00000294      0x189 ./Project_Settings/Startup_Code/system.o
 .debug_abbrev  0x0000041d      0x3be ./RTD/src/Clock_Ip.o
 .debug_abbrev  0x000007db      0x12c ./RTD/src/Clock_Ip_Data.o
 .debug_abbrev  0x00000907      0x1fd ./RTD/src/Clock_Ip_Divider.o
 .debug_abbrev  0x00000b04      0x117 ./RTD/src/Clock_Ip_DividerTrigger.o
 .debug_abbrev  0x00000c1b      0x2d0 ./RTD/src/Clock_Ip_ExtOsc.o
 .debug_abbrev  0x00000eeb      0x163 ./RTD/src/Clock_Ip_FracDiv.o