Archive member included to satisfy reference by file (symbol)

c:/nxp/s32ds.3.6.5/s32ds/build_tools/gcc_v10.2/gcc-10.2-arm32-eabi/bin/../lib/gcc/arm-none-eabi/10.2.0/../../../../arm-none-eabi/lib/thumb/v7e-m+fp/hard\libc_nano.a(lib_a-memcmp.o)
                              ./src/main.o (memcmp)
c:/nxp/s32ds.3.6.5/s32ds/build_tools/gcc_v10.2/gcc-10.2-arm32-eabi/bin/../lib/gcc/arm-none-eabi/10.2.0/../../../../arm-none-eabi/lib/thumb/v7e-m+fp/hard\libc_nano.a(lib_a-memset.o)
                              ./Project_Settings/Startup_Code/startup.o (memset)
c:/nxp/s32ds.3.6.5/s32ds/build_tools/gcc_v10.2/gcc-10.2-arm32-eabi/bin/../lib/gcc/arm-none-eabi/10.2.0/../../../../arm-none-eabi/lib/thumb/v7e-m+fp/hard\libc_nano.a(lib_a-snprintf.o)
                              ./src/HMI.o (snprintf)
c:/nxp/s32ds.3.6.5/s32ds/build_tools/gcc_v10.2/gcc-10.2-arm32-eabi/bin/../lib/gcc/arm-none-eabi/10.2.0/../../../../arm-none-eabi/lib/thumb/v7e-m+fp/hard\libc_nano.a(lib_a-impure.o)
                              c:/nxp/s32ds.3.6.5/s32ds/build_tools/gcc_v10.2/gcc-10.2-arm32-eabi/bin/../lib/gcc/arm-none-eabi/10.2.0/../../../../arm-none-eabi/lib/thumb/v7e-m+fp/hard\libc_nano.a(lib_a-snprintf.o) (_impure_ptr)
c:/nxp/s32ds.3.6.5/s32ds/build_tools/gcc_v10.2/gcc-10.2-arm32-eabi/bin/../lib/gcc/arm-none-eabi/10.2.0/../../../../arm-none-eabi/lib/thumb/v7e-m+fp/hard\libc_nano.a(lib_a-nano-svfprintf.o)
                              c:/nxp/s32ds.3.6.5/s32ds/build_tools/gcc_v10.2/gcc-10.2-arm32-eabi/bin/../lib/gcc/arm-none-eabi/10.2.0/../../../../arm-none-eabi/lib/thumb/v7e-m+fp/hard\libc_nano.a(lib_a-snprintf.o) (_svfprintf_r)
c:/nxp/s32ds.3.6.5/s32ds/build_tools/gcc_v10.2/gcc-10.2-arm32-eabi/bin/../lib/gcc/arm-none-eabi/10.2.0/../../../../arm-none-eabi/lib/thumb/v7e-m+fp/hard\libc_nano.a(lib_a-nano-vfprintf_i.o)
                              c:/nxp/s32ds.3.6.5/s32ds/build_tools/gcc_v10.2/gcc-10.2-arm32-eabi/bin/../lib/gcc/arm-none-eabi/10.2.0/../../../../arm-none-eabi/lib/thumb/v7e-m+fp/hard\libc_nano.a(lib_a-nano-svfprintf.o) (_printf_i)
c:/nxp/s32ds.3.6.5/s32ds/build_tools/gcc_v10.2/gcc-10.2-arm32-eabi/bin/../lib/gcc/arm-none-eabi/10.2.0/../../../../arm-none-eabi/lib/thumb/v7e-m+fp/hard\libc_nano.a(lib_a-memchr.o)
                              c:/nxp/s32ds.3.6.5/s32ds/build_tools/gcc_v10.2/gcc-10.2-arm32-eabi/bin/../lib/gcc/arm-none-eabi/10.2.0/../../../../arm-none-eabi/lib/thumb/v7e-m+fp/hard\libc_nano.a(lib_a-nano-svfprintf.o) (memchr)
c:/nxp/s32ds.3.6.5/s32ds/build_tools/gcc_v10.2/gcc-10.2-arm32-eabi/bin/../lib/gcc/arm-none-eabi/10.2.0/../../../../arm-none-eabi/lib/thumb/v7e-m+fp/hard\libc_nano.a(lib_a-memcpy-stub.o)
                              c:/nxp/s32ds.3.6.5/s32ds/build_tools/gcc_v10.2/gcc-10.2-arm32-eabi/bin/../lib/gcc/arm-none-eabi/10.2.0/../../../../arm-none-eabi/lib/thumb/v7e-m+fp/hard\libc_nano.a(lib_a-nano-svfprintf.o) (memcpy)
c:/nxp/s32ds.3.6.5/s32ds/build_tools/gcc_v10.2/gcc-10.2-arm32-eabi/bin/../lib/gcc/arm-none-eabi/10.2.0/../../../../arm-none-eabi/lib/thumb/v7e-m+fp/hard\libc_nano.a(lib_a-memmove.o)
                              c:/nxp/s32ds.3.6.5/s32ds/build_tools/gcc_v10.2/gcc-10.2-arm32-eabi/bin/../lib/gcc/arm-none-eabi/10.2.0/../../../../arm-none-eabi/lib/thumb/v7e-m+fp/hard\libc_nano.a(lib_a-nano-svfprintf.o) (memmove)
c:/nxp/s32ds.3.6.5/s32ds/build_tools/gcc_v10.2/gcc-10.2-arm32-eabi/bin/../lib/gcc/arm-none-eabi/10.2.0/../../../../arm-none-eabi/lib/thumb/v7e-m+fp/hard\libc_nano.a(lib_a-nano-freer.o)
                              c:/nxp/s32ds.3.6.5/s32ds/build_tools/gcc_v10.2/gcc-10.2-arm32-eabi/bin/../lib/gcc/arm-none-eabi/10.2.0/../../../../arm-none-eabi/lib/thumb/v7e-m+fp/hard\libc_nano.a(lib_a-nano-svfprintf.o) (_free_r)
c:/nxp/s32ds.3.6.5/s32ds/build_tools/gcc_v10.2/gcc-10.2-arm32-eabi/bin/../lib/gcc/arm-none-eabi/10.2.0/../../../../arm-none-eabi/lib/thumb/v7e-m+fp/hard\libc_nano.a(lib_a-nano-mallocr.o)
                              c:/nxp/s32ds.3.6.5/s32ds/build_tools/gcc_v10.2/gcc-10.2-arm32-eabi/bin/../lib/gcc/arm-none-eabi/10.2.0/../../../../arm-none-eabi/lib/thumb/v7e-m+fp/hard\libc_nano.a(lib_a-nano-svfprintf.o) (_malloc_r)
c:/nxp/s32ds.3.6.5/s32ds/build_tools/gcc_v10.2/gcc-10.2-arm32-eabi/bin/../lib/gcc/arm-none-eabi/10.2.0/../../../../arm-none-eabi/lib/thumb/v7e-m+fp/hard\libc_nano.a(lib_a-nano-reallocr.o)
                              c:/nxp/s32ds.3.6.5/s32ds/build_tools/gcc_v10.2/gcc-10.2-arm32-eabi/bin/../lib/gcc/arm-none-eabi/10.2.0/../../../../arm-none-eabi/lib/thumb/v7e-m+fp/hard\libc_nano.a(lib_a-nano-svfprintf.o) (_realloc_r)
c:/nxp/s32ds.3.6.5/s32ds/build_tools/gcc_v10.2/gcc-10.2-arm32-eabi/bin/../lib/gcc/arm-none-eabi/10.2.0/../../../../arm-none-eabi/lib/thumb/v7e-m+fp/hard\libc_nano.a(lib_a-sbrkr.o)
                              c:/nxp/s32ds.3.6.5/s32ds/build_tools/gcc_v10.2/gcc-10.2-arm32-eabi/bin/../lib/gcc/arm-none-eabi/10.2.0/../../../../arm-none-eabi/lib/thumb/v7e-m+fp/hard\libc_nano.a(lib_a-nano-mallocr.o) (_sbrk_r)
[...]
Memory Configuration

Name             Origin             Length             Attributes
int_flash_interrupts 0x00000000         0x00000400
int_flash_config 0x00000400         0x00000010
int_flash        0x00000410         0x0007fbf0
int_sram_results 0x1fff8000         0x00000100
int_sram         0x1fff8100         0x0000df00
int_sram_stack_c0 0x20006000         0x00001000
ram_rsvd2        0x20007000         0x00000000
*default*        0x00000000         0xffffffff

Linker script and memory map

LOAD ./Project_Settings/Startup_Code/Vector_Table.o
LOAD ./Project_Settings/Startup_Code/exceptions.o
LOAD ./Project_Settings/Startup_Code/nvic.o
LOAD ./Project_Settings/Startup_Code/startup.o
LOAD ./Project_Settings/Startup_Code/startup_cm4.o
LOAD ./Project_Settings/Startup_Code/system.o
LOAD ./RTD/src/Clock_Ip.o
LOAD ./RTD/src/Clock_Ip_Data.o
LOAD ./RTD/src/Clock_Ip_Divider.o
LOAD ./RTD/src/Clock_Ip_DividerTrigger.o
LOAD ./RTD/src/Clock_Ip_ExtOsc.o
LOAD ./RTD/src/Clock_Ip_FracDiv.o
LOAD ./RTD/src/Clock_Ip_Frequency.o
LOAD ./RTD/src/Clock_Ip_Gate.o
LOAD ./RTD/src/Clock_Ip_IntOsc.o
LOAD ./RTD/src/Clock_Ip_Irq.o
LOAD ./RTD/src/Clock_Ip_Monitor.o
LOAD ./RTD/src/Clock_Ip_Pll.o
LOAD ./RTD/src/Clock_Ip_ProgFreqSwitch.o
LOAD ./RTD/src/Clock_Ip_Selector.o
LOAD ./RTD/src/Clock_Ip_Specific.o
LOAD ./RTD/src/Det.o
LOAD ./RTD/src/Det_stub.o
LOAD ./RTD/src/Gpio_Dio_Ip.o
LOAD ./RTD/src/OsIf_Interrupts.o
LOAD ./RTD/src/OsIf_Software_Semaphore.o
LOAD ./RTD/src/OsIf_Timer.o
LOAD ./RTD/src/OsIf_Timer_System.o
LOAD ./RTD/src/OsIf_Timer_System_Internal_Systick.o
LOAD ./RTD/src/Port_Ci_Port_Ip.o
LOAD ./RTD/src/SchM_Dio.o
LOAD ./RTD/src/SchM_Mcu.o
LOAD ./RTD/src/SchM_Port.o
LOAD ./board/Port_Ci_Port_Ip_Cfg.o
LOAD ./generate/src/Clock_Ip_Cfg.o
LOAD ./generate/src/OsIf_Cfg.o
LOAD ./src/ADC.o
LOAD ./src/Delay.o
LOAD ./src/EEPROM.o
LOAD ./src/GPIO.o
LOAD ./src/HMI.o
LOAD ./src/LCD.o
LOAD ./src/main.o
LOAD c:/nxp/s32ds.3.6.5/s32ds/build_tools/gcc_v10.2/gcc-10.2-arm32-eabi/bin/../lib/gcc/arm-none-eabi/10.2.0/../../../../arm-none-eabi/lib/thumb/v7e-m+fp/hard\libc_nano.a
LOAD c:/nxp/s32ds.3.6.5/s32ds/build_tools/gcc_v10.2/gcc-10.2-arm32-eabi/bin/../lib/gcc/arm-none-eabi/10.2.0/../../../../arm-none-eabi/lib/thumb/v7e-m+fp/hard\libm.a
LOAD c:/nxp/s32ds.3.6.5/s32ds/build_tools/gcc_v10.2/gcc-10.2-arm32-eabi/bin/../lib/gcc/arm-none-eabi/10.2.0/thumb/v7e-m+fp/hard\libgcc.a
START GROUP
LOAD c:/nxp/s32ds.3.6.5/s32ds/build_tools/gcc_v10.2/gcc-10.2-arm32-eabi/bin/../lib/gcc/arm-none-eabi/10.2.0/thumb/v7e-m+fp/hard\libgcc.a
LOAD c:/nxp/s32ds.3.6.5/s32ds/build_tools/gcc_v10.2/gcc-10.2-arm32-eabi/bin/../lib/gcc/arm-none-eabi/10.2.0/../../../../arm-none-eabi/lib/thumb/v7e-m+fp/hard\libg_nano.a
LOAD c:/nxp/s32ds.3.6.5/s32ds/build_tools/gcc_v10.2/gcc-10.2-arm32-eabi/bin/../lib/gcc/arm-none-eabi/10.2.0/../../../../arm-none-eabi/lib/thumb/v7e-m+fp/hard\libc_nano.a
END GROUP
START GROUP
LOAD c:/nxp/s32ds.3.6.5/s32ds/build_tools/gcc_v10.2/gcc-10.2-arm32-eabi/bin/../lib/gcc/arm-none-eabi/10.2.0/thumb/v7e-m+fp/hard\libgcc.a
LOAD c:/nxp/s32ds.3.6.5/s32ds/build_tools/gcc_v10.2/gcc-10.2-arm32-eabi/bin/../lib/gcc/arm-none-eabi/10.2.0/../../../../arm-none-eabi/lib/thumb/v7e-m+fp/hard\libc_nano.a
LOAD c:/nxp/s32ds.3.6.5/s32ds/build_tools/gcc_v10.2/gcc-10.2-arm32-eabi/bin/../lib/gcc/arm-none-eabi/10.2.0/../../../../arm-none-eabi/lib/thumb/v7e-m+fp/hard\libnosys.a
END GROUP
START GROUP
LOAD c:/nxp/s32ds.3.6.5/s32ds/build_tools/gcc_v10.2/gcc-10.2-arm32-eabi/bin/../lib/gcc/arm-none-eabi/10.2.0/thumb/v7e-m+fp/hard\libgcc.a
LOAD c:/nxp/s32ds.3.6.5/s32ds/build_tools/gcc_v10.2/gcc-10.2-arm32-eabi/bin/../lib/gcc/arm-none-eabi/10.2.0/../../../../arm-none-eabi/lib/thumb/v7e-m+fp/hard\libc_nano.a
LOAD c:/nxp/s32ds.3.6.5/s32ds/build_tools/gcc_v10.2/gcc-10.2-arm32-eabi/bin/../lib/gcc/arm-none-eabi/10.2.0/../../../../arm-none-eabi/lib/thumb/v7e-m+fp/hard\libnosys.a
END GROUP
                0x00000200                HEAP_SIZE = DEFINED (__heap_size__)?__heap_size__:0x200

.flash_interrupts
                0x00000000      0x310
                0x00000000                . = ALIGN (0x800)
                0x00000000                __interrupts_rom_start = .
 *(.intc_vector)
 .intc_vector   0x00000000      0x310 ./Project_Settings/Startup_Code/Vector_Table.o
                0x00000000                VTABLE
                0x00000310                . = ALIGN (0x4)
                0x00000310                __interrupts_rom_end = .

.flash_config   0x00000400       0x10
 *(.flash_config)
 .flash_config  0x00000400       0x10 ./Project_Settings/Startup_Code/startup_cm4.o

.flash          0x00000410     0x739c
                0x00000410                . = ALIGN (0x4)
 *(.startup)
 .startup       0x00000410       0xb8 ./Project_Settings/Startup_Code/startup_cm4.o
                0x00000410                Reset_Handler
                0x00000410                _start
                0x00000494                MCAL_LTB_TRACE_OFF
                0x00000496                _end_of_eunit_test
                0x000004c8                . = ALIGN (0x4)
 *(.systeminit)
 .systeminit    0x000004c8        0x2 ./Project_Settings/Startup_Code/exceptions.o
                0x000004c8                NMI_Handler
 *fill*         0x000004ca        0x2 
 .systeminit    0x000004cc       0x88 ./Project_Settings/Startup_Code/system.o
                0x000004cc                SystemInit
                0x00000554                . = ALIGN (0x4)
 *(.text.startup)
 .text.startup  0x00000554      0x280 ./src/main.o
                0x00000554                main
                0x000007d4                . = ALIGN (0x4)
 *(.text)
 .text          0x000007d4        0x0 ./Project_Settings/Startup_Code/Vector_Table.o
 .text          0x000007d4       0x12 ./Project_Settings/Startup_Code/exceptions.o
                0x000007d4                HardFault_Handler
                0x000007d6                MemManage_Handler
                0x000007d8                BusFault_Handler
                0x000007da                UsageFault_Handler
                0x000007dc                SVC_Handler
                0x000007de                DebugMon_Handler
                0x000007e0                PendSV_Handler
                0x000007e4                undefined_handler
 *fill*         0x000007e6        0x2 
 .text          0x000007e8       0x5c ./Project_Settings/Startup_Code/nvic.o
                0x000007e8                NVIC_SetPriorityGrouping
                0x000007fc                NVIC_EnableIRQ
                0x00000814                NVIC_DisableIRQ
                0x00000830                NVIC_SetPriority
 .text          0x00000844       0x50 ./Project_Settings/Startup_Code/startup.o
                0x00000844                init_data_bss
 .text          0x00000894        0x0 ./Project_Settings/Startup_Code/startup_cm4.o
 .text          0x00000894        0x8 ./Project_Settings/Startup_Code/system.o
                0x00000894                startup_go_to_user_mode
                0x00000896                default_interrupt_routine
                0x00000898                Sys_GetCoreID
 .text          0x0000089c        0x0 ./RTD/src/Clock_Ip.o
 .text          0x0000089c        0x0 ./RTD/src/Clock_Ip_Data.o
 .text          0x0000089c        0x0 ./RTD/src/Clock_Ip_Divider.o
 .text          0x0000089c        0x0 ./RTD/src/Clock_Ip_DividerTrigger.o
 .text          0x0000089c        0x0 ./RTD/src/Clock_Ip_ExtOsc.o
 .text          0x0000089c        0x0 ./RTD/src/Clock_Ip_FracDiv.o
 .text          0x0000089c        0x0 ./RTD/src/Clock_Ip_Frequency.o
 .text          0x0000089c        0x0 ./RTD/src/Clock_Ip_Gate.o
 .text          0x0000089c        0x0 ./RTD/src/Clock_Ip_IntOsc.o
 .text          0x0000089c        0x0 ./RTD/src/Clock_Ip_Irq.o
 .text          0x0000089c        0x0 ./RTD/src/Clock_Ip_Monitor.o
 .text          0x0000089c        0x0 ./RTD/src/Clock_Ip_Pll.o
 .text          0x0000089c        0x0 ./RTD/src/Clock_Ip_ProgFreqSwitch.o
 .text          0x0000089c        0x0 ./RTD/src/Clock_Ip_Selector.o
 .text          0x0000089c        0x0 ./RTD/src/Clock_Ip_Specific.o
 .text          0x0000089c        0x0 ./RTD/src/Det.o
 .text          0x0000089c        0x0 ./RTD/src/Det_stub.o
 .text          0x0000089c        0x0 ./RTD/src/Gpio_Dio_Ip.o
 .text          0x0000089c        0x0 ./RTD/src/OsIf_Interrupts.o
 .text          0x0000089c        0x0 ./RTD/src/OsIf_Software_Semaphore.o
 .text          0x0000089c        0x0 ./RTD/src/OsIf_Timer.o
 .text          0x0000089c        0x0 ./RTD/src/OsIf_Timer_System.o
 .text          0x0000089c        0x0 ./RTD/src/OsIf_Timer_System_Internal_Systick.o
 .text          0x0000089c       0x14 ./RTD/src/Port_Ci_Port_Ip.o
 .text          0x000008b0        0x6 ./RTD/src/SchM_Dio.o
                0x000008b0                Dio_schm_read_msr
 .text          0x000008b6        0x6 ./RTD/src/SchM_Mcu.o
                0x000008b6                Mcu_schm_read_msr
 .text          0x000008bc        0x6 ./RTD/src/SchM_Port.o
                0x000008bc                Port_schm_read_msr
 .text          0x000008c2        0x0 ./board/Port_Ci_Port_Ip_Cfg.o
 .text          0x000008c2        0x0 ./generate/src/Clock_Ip_Cfg.o
 .text          0x000008c2        0x0 ./generate/src/OsIf_Cfg.o
 *fill*         0x000008c2        0x2 
 .text          0x000008c4       0xdc ./src/ADC.o
                0x000008c4                ADC_Init
                0x0000097c                ADC_Task
 .text          0x000009a0       0xe0 ./src/Delay.o
                0x000009a0                LPIT_Init
                0x000009cc                DelayUs
                0x00000a30                DelayMs
                0x00000a58                Systick_Init
 .text          0x00000a80      0x15c ./src/EEPROM.o
                0x00000ab0                EEPROM_Read
                0x00000ad2                EEPROM_Write
                0x00000b0c                EEPROM_Is_Valid
                0x00000b1c                EEPROM_Partition
                0x00000b7c                EEPROM_Init
 .text          0x00000bdc      0x4b8 ./src/GPIO.o
                0x00000c04                PINS_DRV_ClearPins
                0x00000c08                PINS_DRV_SetPins
                0x00000c0c                PINS_DRV_TogglePins
                0x00000c10                PINS_DRV_ReadPins
                0x00000c14                Interrupt_Init
                0x00000d24                ADC0_IRQHandler
                0x00000eb4                PORTA_IRQHandler
                0x00000f44                PORTB_IRQHandler
                0x00000fd8                PORTC_IRQHandler
                0x0000102c                PORTD_IRQHandler
                0x00001060                PORTE_IRQHandler
 .text          0x00001094      0xe38 ./src/HMI.o
                0x00001094                Update_Compressor_State
                0x000010e4                Update_Heater_State
                0x00001134                Update_Display
                0x000013ec                Update_Output
                0x00001968                HMI_Init
                0x00001a2c                Relay_Cntrl
                0x00001a98                Led_Cntrl
                0x00001b00                SysTick_Handler
                0x00001c3c                Error_Handler
                0x00001d68                Backlight_Cntrl
                0x00001d80                HMI_Process_Event
 .text          0x00001ecc      0x17c ./src/LCD.o
                0x00001f3c                LCD_Command
                0x00001f74                LCD_Init
                0x00001fc8                LCD_Clear
                0x00001fda                LCD_Char
                0x00002014                LCD_String
                0x00002026                LCD_String_XY
 .text          0x00002048       0x60 ./src/main.o
 .text          0x000020a8        0x0 c:/nxp/s32ds.3.6.5/s32ds/build_tools/gcc_v10.2/gcc-10.2-arm32-eabi/bin/../lib/gcc/arm-none-eabi/10.2.0/../../../../arm-none-eabi/lib/thumb/v7e-m+fp/hard\libc_nano.a(lib_a-memcmp.o)
 .text          0x000020a8        0x0 c:/nxp/s32ds.3.6.5/s32ds/build_tools/gcc_v10.2/gcc-10.2-arm32-eabi/bin/../lib/gcc/arm-none-eabi/10.2.0/../../../../arm-none-eabi/lib/thumb/v7e-m+fp/hard\libc_nano.a(lib_a-memset.o)
 .text          0x000020a8        0x0 c:/nxp/s32ds.3.6.5/s32ds/build_tools/gcc_v10.2/gcc-10.2-arm32-eabi/bin/../lib/gcc/arm-none-eabi/10.2.0/../../../../arm-none-eabi/lib/thumb/v7e-m+fp/hard\libc_nano.a(lib_a-snprintf.o)
 .text          0x000020a8        0x0 c:/nxp/s32ds.3.6.5/s32ds/build_tools/gcc_v10.2/gcc-10.2-arm32-eabi/bin/../lib/gcc/arm-none-eabi/10.2.0/../../../../arm-none-eabi/lib/thumb/v7e-m+fp/hard\libc_nano.a(lib_a-impure.o)
 .text          0x000020a8        0x0 c:/nxp/s32ds.3.6.5/s32ds/build_tools/gcc_v10.2/gcc-10.2-arm32-eabi/bin/../lib/gcc/arm-none-eabi/10.2.0/../../../../arm-none-eabi/lib/thumb/v7e-m+fp/hard\libc_nano.a(lib_a-nano-svfprintf.o)
 .text          0x000020a8        0x0 c:/nxp/s32ds.3.6.5/s32ds/build_tools/gcc_v10.2/gcc-10.2-arm32-eabi/bin/../lib/gcc/arm-none-eabi/10.2.0/../../../../arm-none-eabi/lib/thumb/v7e-m+fp/hard\libc_nano.a(lib_a-nano-vfprintf_i.o)
 *fill*         0x000020a8        0x8 
 .text          0x000020b0       0xa0 c:/nxp/s32ds.3.6.5/s32ds/build_tools/gcc_v10.2/gcc-10.2-arm32-eabi/bin/../lib/gcc/arm-none-eabi/10.2.0/../../../../arm-none-eabi/lib/thumb/v7e-m+fp/hard\libc_nano.a(lib_a-memchr.o)
                0x000020b0                memchr
 .text          0x00002150        0x0 c:/nxp/s32ds.3.6.5/s32ds/build_tools/gcc_v10.2/gcc-10.2-arm32-eabi/bin/../lib/gcc/arm-none-eabi/10.2.0/../../../../arm-none-eabi/lib/thumb/v7e-m+fp/hard\libc_nano.a(lib_a-memcpy-stub.o)
 .text          0x00002150        0x0 c:/nxp/s32ds.3.6.5/s32ds/build_tools/gcc_v10.2/gcc-10.2-arm32-eabi/bin/../lib/gcc/arm-none-eabi/10.2.0/../../../../arm-none-eabi/lib/thumb/v7e-m+fp/hard\libc_nano.a(lib_a-memmove.o)
 .text          0x00002150        0x0 c:/nxp/s32ds.3.6.5/s32ds/build_tools/gcc_v10.2/gcc-10.2-arm32-eabi/bin/../lib/gcc/arm-none-eabi/10.2.0/../../../../arm-none-eabi/lib/thumb/v7e-m+fp/hard\libc_nano.a(lib_a-nano-freer.o)
 .text          0x00002150        0x0 c:/nxp/s32ds.3.6.5/s32ds/build_tools/gcc_v10.2/gcc-10.2-arm32-eabi/bin/../lib/gcc/arm-none-eabi/10.2.0/../../../../arm-none-eabi/lib/thumb/v7e-m+fp/hard\libc_nano.a(lib_a-nano-mallocr.o)
 .text          0x00002150        0x0 c:/nxp/s32ds.3.6.5/s32ds/build_tools/gcc_v10.2/gcc-10.2-arm32-eabi/bin/../lib/gcc/arm-none-eabi/10.2.0/../../../../arm-none-eabi/lib/thumb/v7e-m+fp/hard\libc_nano.a(lib_a-nano-reallocr.o)
 .text          0x00002150        0x0 c:/nxp/s32ds.3.6.5/s32ds/build_tools/gcc_v10.2/gcc-10.2-arm32-eabi/bin/../lib/gcc/arm-none-eabi/10.2.0/../../../../arm-none-eabi/lib/thumb/v7e-m+fp/hard\libc_nano.a(lib_a-sbrkr.o)
 .text          0x00002150        0x0 c:/nxp/s32ds.3.6.5/s32ds/build_tools/gcc_v10.2/gcc-10.2-arm32-eabi/bin/../lib/gcc/arm-none-eabi/10.2.0/../../../../arm-none-eabi/lib/thumb/v7e-m+fp/hard\libc_nano.a(lib_a-mlock.o)
 .text          0x00002150        0x0 c:/nxp/s32ds.3.6.5/s32ds/build_tools/gcc_v10.2/gcc-10.2-arm32-eabi/bin/../lib/gcc/arm-none-eabi/10.2.0/../../../../arm-none-eabi/lib/thumb/v7e-m+fp/hard\libc_nano.a(lib_a-nano-msizer.o)
 .text          0x00002150        0x0 c:/nxp/s32ds.3.6.5/s32ds/build_tools/gcc_v10.2/gcc-10.2-arm32-eabi/bin/../lib/gcc/arm-none-eabi/10.2.0/../../../../arm-none-eabi/lib/thumb/v7e-m+fp/hard\libc_nano.a(lib_a-reent.o)
 .text          0x00002150        0x0 c:/nxp/s32ds.3.6.5/s32ds/build_tools/gcc_v10.2/gcc-10.2-arm32-eabi/bin/../lib/gcc/arm-none-eabi/10.2.0/../../../../arm-none-eabi/lib/thumb/v7e-m+fp/hard\libm.a(lib_a-wf_log.o)
 .text          0x00002150        0x0 c:/nxp/s32ds.3.6.5/s32ds/build_tools/gcc_v10.2/gcc-10.2-arm32-eabi/bin/../lib/gcc/arm-none-eabi/10.2.0/../../../../arm-none-eabi/lib/thumb/v7e-m+fp/hard\libm.a(lib_a-ef_log.o)
 .text          0x00002150        0x0 c:/nxp/s32ds.3.6.5/s32ds/build_tools/gcc_v10.2/gcc-10.2-arm32-eabi/bin/../lib/gcc/arm-none-eabi/10.2.0/../../../../arm-none-eabi/lib/thumb/v7e-m+fp/hard\libm.a(lib_a-sf_nan.o)
 .text          0x00002150        0x0 c:/nxp/s32ds.3.6.5/s32ds/build_tools/gcc_v10.2/gcc-10.2-arm32-eabi/bin/../lib/gcc/arm-none-eabi/10.2.0/../../../../arm-none-eabi/lib/thumb/v7e-m+fp/hard\libm.a(lib_a-s_lib_ver.o)
 .text          0x00002150       0xa0 c:/nxp/s32ds.3.6.5/s32ds/build_tools/gcc_v10.2/gcc-10.2-arm32-eabi/bin/../lib/gcc/arm-none-eabi/10.2.0/thumb/v7e-m+fp/hard\libgcc.a(_aeabi_ldivmod.o)
                0x00002150                __aeabi_ldivmod
 .text          0x000021f0       0x30 c:/nxp/s32ds.3.6.5/s32ds/build_tools/gcc_v10.2/gcc-10.2-arm32-eabi/bin/../lib/gcc/arm-none-eabi/10.2.0/thumb/v7e-m+fp/hard\libgcc.a(_aeabi_uldivmod.o)
                0x000021f0                __aeabi_uldivmod
 .text          0x00002220      0x2d8 c:/nxp/s32ds.3.6.5/s32ds/build_tools/gcc_v10.2/gcc-10.2-arm32-eabi/bin/../lib/gcc/arm-none-eabi/10.2.0/thumb/v7e-m+fp/hard\libgcc.a(_udivmoddi4.o)
                0x00002220                __udivmoddi4
 .text          0x000024f8        0x4 c:/nxp/s32ds.3.6.5/s32ds/build_tools/gcc_v10.2/gcc-10.2-arm32-eabi/bin/../lib/gcc/arm-none-eabi/10.2.0/thumb/v7e-m+fp/hard\libgcc.a(_dvmd_tls.o)
                0x000024f8                __aeabi_idiv0
                0x000024f8                __aeabi_ldiv0
 .text          0x000024fc        0x0 c:/nxp/s32ds.3.6.5/s32ds/build_tools/gcc_v10.2/gcc-10.2-arm32-eabi/bin/../lib/gcc/arm-none-eabi/10.2.0/../../../../arm-none-eabi/lib/thumb/v7e-m+fp/hard\libg_nano.a(lib_a-errno.o)
 .text          0x000024fc        0x0 c:/nxp/s32ds.3.6.5/s32ds/build_tools/gcc_v10.2/gcc-10.2-arm32-eabi/bin/../lib/gcc/arm-none-eabi/10.2.0/../../../../arm-none-eabi/lib/thumb/v7e-m+fp/hard\libnosys.a(sbrk.o)
 *(.text*)
 .text.memcmp   0x000024fc       0x20 c:/nxp/s32ds.3.6.5/s32ds/build_tools/gcc_v10.2/gcc-10.2-arm32-eabi/bin/../lib/gcc/arm-none-eabi/10.2.0/../../../../arm-none-eabi/lib/thumb/v7e-m+fp/hard\libc_nano.a(lib_a-memcmp.o)
                0x000024fc                memcmp
 .text.memset   0x0000251c       0x10 c:/nxp/s32ds.3.6.5/s32ds/build_tools/gcc_v10.2/gcc-10.2-arm32-eabi/bin/../lib/gcc/arm-none-eabi/10.2.0/../../../../arm-none-eabi/lib/thumb/v7e-m+fp/hard\libc_nano.a(lib_a-memset.o)
                0x0000251c                memset
 .text._snprintf_r
                0x0000252c       0x5e c:/nxp/s32ds.3.6.5/s32ds/build_tools/gcc_v10.2/gcc-10.2-arm32-eabi/bin/../lib/gcc/arm-none-eabi/10.2.0/../../../../arm-none-eabi/lib/thumb/v7e-m+fp/hard\libc_nano.a(lib_a-snprintf.o)
                0x0000252c                _snprintf_r
                0x0000252c                _sniprintf_r
 *fill*         0x0000258a        0x2 
 .text.snprintf
                0x0000258c       0x68 c:/nxp/s32ds.3.6.5/s32ds/build_tools/gcc_v10.2/gcc-10.2-arm32-eabi/bin/../lib/gcc/arm-none-eabi/10.2.0/../../../../arm-none-eabi/lib/thumb/v7e-m+fp/hard\libc_nano.a(lib_a-snprintf.o)
                0x0000258c                sniprintf
                0x0000258c                snprintf
 .text.__ssputs_r
                0x000025f4       0xb6 c:/nxp/s32ds.3.6.5/s32ds/build_tools/gcc_v10.2/gcc-10.2-arm32-eabi/bin/../lib/gcc/arm-none-eabi/10.2.0/../../../../arm-none-eabi/lib/thumb/v7e-m+fp/hard\libc_nano.a(lib_a-nano-svfprintf.o)
                0x000025f4                __ssputs_r
 .text.__ssprint_r
                0x000026aa       0xf6 c:/nxp/s32ds.3.6.5/s32ds/build_tools/gcc_v10.2/gcc-10.2-arm32-eabi/bin/../lib/gcc/arm-none-eabi/10.2.0/../../../../arm-none-eabi/lib/thumb/v7e-m+fp/hard\libc_nano.a(lib_a-nano-svfprintf.o)
                0x000026aa                __ssprint_r
 .text._svfprintf_r
                0x000027a0      0x200 c:/nxp/s32ds.3.6.5/s32ds/build_tools/gcc_v10.2/gcc-10.2-arm32-eabi/bin/../lib/gcc/arm-none-eabi/10.2.0/../../../../arm-none-eabi/lib/thumb/v7e-m+fp/hard\libc_nano.a(lib_a-nano-svfprintf.o)
                0x000027a0                _svfiprintf_r
                0x000027a0                _svfprintf_r
 .text._printf_common
                0x000029a0       0xda c:/nxp/s32ds.3.6.5/s32ds/build_tools/gcc_v10.2/gcc-10.2-arm32-eabi/bin/../lib/gcc/arm-none-eabi/10.2.0/../../../../arm-none-eabi/lib/thumb/v7e-m+fp/hard\libc_nano.a(lib_a-nano-vfprintf_i.o)
                0x000029a0                _printf_common
 *fill*         0x00002a7a        0x2 
 .text._printf_i
                0x00002a7c      0x24c c:/nxp/s32ds.3.6.5/s32ds/build_tools/gcc_v10.2/gcc-10.2-arm32-eabi/bin/../lib/gcc/arm-none-eabi/10.2.0/../../../../arm-none-eabi/lib/thumb/v7e-m+fp/hard\libc_nano.a(lib_a-nano-vfprintf_i.o)
                0x00002a7c                _printf_i
 .text.memcpy   0x00002cc8       0x1c c:/nxp/s32ds.3.6.5/s32ds/build_tools/gcc_v10.2/gcc-10.2-arm32-eabi/bin/../lib/gcc/arm-none-eabi/10.2.0/../../../../arm-none-eabi/lib/thumb/v7e-m+fp/hard\libc_nano.a(lib_a-memcpy-stub.o)
                0x00002cc8                memcpy
 .text.memmove  0x00002ce4       0x34 c:/nxp/s32ds.3.6.5/s32ds/build_tools/gcc_v10.2/gcc-10.2-arm32-eabi/bin/../lib/gcc/arm-none-eabi/10.2.0/../../../../arm-none-eabi/lib/thumb/v7e-m+fp/hard\libc_nano.a(lib_a-memmove.o)
                0x00002ce4                memmove
 .text._free_r  0x00002d18       0x98 c:/nxp/s32ds.3.6.5/s32ds/build_tools/gcc_v10.2/gcc-10.2-arm32-eabi/bin/../lib/gcc/arm-none-eabi/10.2.0/../../../../arm-none-eabi/lib/thumb/v7e-m+fp/hard\libc_nano.a(lib_a-nano-freer.o)
                0x00002d18                _free_r
 .text._malloc_r
                0x00002db0       0xb4 c:/nxp/s32ds.3.6.5/s32ds/build_tools/gcc_v10.2/gcc-10.2-arm32-eabi/bin/../lib/gcc/arm-none-eabi/10.2.0/../../../../arm-none-eabi/lib/thumb/v7e-m+fp/hard\libc_nano.a(lib_a-nano-mallocr.o)
                0x00002db0                _malloc_r
 .text._realloc_r
                0x00002e64       0x4c c:/nxp/s32ds.3.6.5/s32ds/build_tools/gcc_v10.2/gcc-10.2-arm32-eabi/bin/../lib/gcc/arm-none-eabi/10.2.0/../../../../arm-none-eabi/lib/thumb/v7e-m+fp/hard\libc_nano.a(lib_a-nano-reallocr.o)
                0x00002e64                _realloc_r
 .text._sbrk_r  0x00002eb0       0x20 c:/nxp/s32ds.3.6.5/s32ds/build_tools/gcc_v10.2/gcc-10.2-arm32-eabi/bin/../lib/gcc/arm-none-eabi/10.2.0/../../../../arm-none-eabi/lib/thumb/v7e-m+fp/hard\libc_nano.a(lib_a-sbrkr.o)
                0x00002eb0                _sbrk_r
 .text.__malloc_lock
                0x00002ed0        0x2 c:/nxp/s32ds.3.6.5/s32ds/build_tools/gcc_v10.2/gcc-10.2-arm32-eabi/bin/../lib/gcc/arm-none-eabi/10.2.0/../../../../arm-none-eabi/lib/thumb/v7e-m+fp/hard\libc_nano.a(lib_a-mlock.o)
                0x00002ed0                __malloc_lock
 .text.__malloc_unlock
                0x00002ed2        0x2 c:/nxp/s32ds.3.6.5/s32ds/build_tools/gcc_v10.2/gcc-10.2-arm32-eabi/bin/../lib/gcc/arm-none-eabi/10.2.0/../../../../arm-none-eabi/lib/thumb/v7e-m+fp/hard\libc_nano.a(lib_a-mlock.o)
                0x00002ed2                __malloc_unlock
 .text._malloc_usable_size_r
                0x00002ed4       0x10 c:/nxp/s32ds.3.6.5/s32ds/build_tools/gcc_v10.2/gcc-10.2-arm32-eabi/bin/../lib/gcc/arm-none-eabi/10.2.0/../../../../arm-none-eabi/lib/thumb/v7e-m+fp/hard\libc_nano.a(lib_a-nano-msizer.o)
                0x00002ed4                _malloc_usable_size_r
 .text.cleanup_glue
                0x00002ee4       0x1a c:/nxp/s32ds.3.6.5/s32ds/build_tools/gcc_v10.2/gcc-10.2-arm32-eabi/bin/../lib/gcc/arm-none-eabi/10.2.0/../../../../arm-none-eabi/lib/thumb/v7e-m+fp/hard\libc_nano.a(lib_a-reent.o)
                0x00002ee4                cleanup_glue
 *fill*         0x00002efe        0x2 
 .text._reclaim_reent
                0x00002f00       0xb8 c:/nxp/s32ds.3.6.5/s32ds/build_tools/gcc_v10.2/gcc-10.2-arm32-eabi/bin/../lib/gcc/arm-none-eabi/10.2.0/../../../../arm-none-eabi/lib/thumb/v7e-m+fp/hard\libc_nano.a(lib_a-reent.o)
                0x00002f00                _reclaim_reent
 .text.logf     0x00002fb8       0x6c c:/nxp/s32ds.3.6.5/s32ds/build_tools/gcc_v10.2/gcc-10.2-arm32-eabi/bin/../lib/gcc/arm-none-eabi/10.2.0/../../../../arm-none-eabi/lib/thumb/v7e-m+fp/hard\libm.a(lib_a-wf_log.o)
                0x00002fb8                logf
 .text.__ieee754_logf
                0x00003024      0x1e0 c:/nxp/s32ds.3.6.5/s32ds/build_tools/gcc_v10.2/gcc-10.2-arm32-eabi/bin/../lib/gcc/arm-none-eabi/10.2.0/../../../../arm-none-eabi/lib/thumb/v7e-m+fp/hard\libm.a(lib_a-ef_log.o)
                0x00003024                __ieee754_logf
 .text.nanf     0x00003204        0xc c:/nxp/s32ds.3.6.5/s32ds/build_tools/gcc_v10.2/gcc-10.2-arm32-eabi/bin/../lib/gcc/arm-none-eabi/10.2.0/../../../../arm-none-eabi/lib/thumb/v7e-m+fp/hard\libm.a(lib_a-sf_nan.o)
                0x00003204                nanf
 .text.__errno  0x00003210        0xc c:/nxp/s32ds.3.6.5/s32ds/build_tools/gcc_v10.2/gcc-10.2-arm32-eabi/bin/../lib/gcc/arm-none-eabi/10.2.0/../../../../arm-none-eabi/lib/thumb/v7e-m+fp/hard\libg_nano.a(lib_a-errno.o)
                0x00003210                __errno
 .text._sbrk    0x0000321c       0x1c c:/nxp/s32ds.3.6.5/s32ds/build_tools/gcc_v10.2/gcc-10.2-arm32-eabi/bin/../lib/gcc/arm-none-eabi/10.2.0/../../../../arm-none-eabi/lib/thumb/v7e-m+fp/hard\libnosys.a(sbrk.o)
                0x0000321c                _sbrk
                0x00003238                . = ALIGN (0x4)
 *(.mcal_text)
 .mcal_text     0x00003238      0x888 ./RTD/src/Clock_Ip.o
                0x0000323a                Clock_Ip_InitClock
                0x00003810                Clock_Ip_GetPllStatus
                0x000038b4                Clock_Ip_DistributePll
                0x000039a8                Clock_Ip_Init
                0x000039cc                Clock_Ip_DisableClockMonitor
                0x000039f0                Clock_Ip_InstallNotificationsCallback
                0x000039fc                Clock_Ip_DisableModuleClock
                0x00003a24                Clock_Ip_EnableModuleClock
                0x00003a4c                Clock_Ip_PowerNotifications
                0x00003a78                Clock_Ip_ReportClockErrors
                0x00003a84                Clock_Ip_StartTimeout
                0x00003aa4                Clock_Ip_TimeoutExpired
 .mcal_text     0x00003ac0      0x230 ./RTD/src/Clock_Ip_Divider.o
                0x00003ac2                Clock_Ip_SetScgAsyncDiv1_TrustedCall
                0x00003af8                Clock_Ip_SetScgAsyncDiv2_TrustedCall
                0x00003b30                Clock_Ip_SetScgRunDivcore_TrustedCall
                0x00003b50                Clock_Ip_SetScgRunDivbus_TrustedCall
                0x00003b70                Clock_Ip_SetScgRunDivslow_TrustedCall
                0x00003b90                Clock_Ip_SetScgVlprDivcore_TrustedCall
                0x00003bb0                Clock_Ip_SetScgVlprDivbus_TrustedCall
                0x00003bd0                Clock_Ip_SetScgVlprDivslow_TrustedCall
                0x00003bf0                Clock_Ip_SetScgHsrunDivcore_TrustedCall
                0x00003c10                Clock_Ip_SetScgHsrunDivbus_TrustedCall
                0x00003c30                Clock_Ip_SetScgHsrunDivslow_TrustedCall
                0x00003c50                Clock_Ip_SetSimClkoutDiv_TrustedCall
                0x00003c74                Clock_Ip_SetPccPcdDivFrac_TrustedCall
                0x00003cb8                Clock_Ip_SetSimTraceDivMul_TrustedCall
 .mcal_text     0x00003cf0        0x2 ./RTD/src/Clock_Ip_DividerTrigger.o
 *fill*         0x00003cf2        0x2 
 .mcal_text     0x00003cf4      0x1a0 ./RTD/src/Clock_Ip_ExtOsc.o
                0x00003d40                Clock_Ip_ResetSOSC_TrustedCall
                0x00003dc0                Clock_Ip_SetSOSC_TrustedCall
                0x00003e70                Clock_Ip_EnableSOSC_TrustedCall
 .mcal_text     0x00003e94        0x6 ./RTD/src/Clock_Ip_FracDiv.o
 .mcal_text     0x00003e9a        0x2 ./RTD/src/Clock_Ip_Frequency.o
                0x00003e9a                Clock_Ip_SetExternalSignalFrequency
 .mcal_text     0x00003e9c      0x17c ./RTD/src/Clock_Ip_Gate.o
                0x00003ea0                Clock_Ip_ClockSetPccCgcEnable_TrustedCall
                0x00003eec                Clock_Ip_ClockSetSimClkoutEnable_TrustedCall
                0x00003f24                Clock_Ip_ClockSetSimLPO32KEnable_TrustedCall
                0x00003f5c                Clock_Ip_ClockSetSimLPO1KEnable_TrustedCall
                0x00003f90                Clock_Ip_ClockSetSimGate_TrustedCall
                0x00003fdc                Clock_Ip_ClockSetSimTraceEnable_TrustedCall
 .mcal_text     0x00004018      0x538 ./RTD/src/Clock_Ip_IntOsc.o
                0x000040b4                Clock_Ip_SetSirc_TrustedCall
                0x000041a4                Clock_Ip_EnableSirc_TrustedCall
                0x00004204                Clock_Ip_DisableSirc_TrustedCall
                0x00004268                Clock_Ip_SetSircVlp_TrustedCall
                0x000042a4                Clock_Ip_EnableSircVlp_TrustedCall
                0x000042c8                Clock_Ip_DisableSircVlp_TrustedCall
                0x000042e0                Clock_Ip_SetSircStop_TrustedCall
                0x0000431c                Clock_Ip_EnableSircStop_TrustedCall
                0x00004340                Clock_Ip_DisableSircStop_TrustedCall
                0x00004358                Clock_Ip_SetFirc_TrustedCall
                0x00004490                Clock_Ip_EnableFirc_TrustedCall
                0x000044ec                Clock_Ip_DisableFirc_TrustedCall
 .mcal_text     0x00004550        0x6 ./RTD/src/Clock_Ip_Monitor.o
 *fill*         0x00004556        0x2 
 .mcal_text     0x00004558      0x1d4 ./RTD/src/Clock_Ip_Pll.o
                0x000045b0                Clock_Ip_ResetSpll_TrustedCall
                0x0000464c                Clock_Ip_SetSpll_TrustedCall
                0x000046a4                Clock_Ip_DisableSpll_TrustedCall
                0x00004708                Clock_Ip_EnableSpll_TrustedCall
 .mcal_text     0x0000472c        0x2 ./RTD/src/Clock_Ip_ProgFreqSwitch.o
 *fill*         0x0000472e        0x2 
 .mcal_text     0x00004730      0x4ec ./RTD/src/Clock_Ip_Selector.o
                0x00004732                Clock_Ip_ResetScgRunSel_TrustedCall
                0x000047c0                Clock_Ip_SetScgRunSel_TrustedCall
                0x00004854                Clock_Ip_SetScgVlprSel_TrustedCall
                0x00004880                Clock_Ip_ResetScgHsrunSel_TrustedCall
                0x0000490c                Clock_Ip_SetScgHsrunSel_TrustedCall
                0x000049a0                Clock_Ip_ResetSimRtcSel_TrustedCall
                0x000049c4                Clock_Ip_SetSimRtcSel_TrustedCall
                0x000049ec                Clock_Ip_ResetSimLpoSel_TrustedCall
                0x00004a10                Clock_Ip_SetSimLpoSel_TrustedCall
                0x00004a38                Clock_Ip_ResetScgClkoutSel_TrustedCall
                0x00004a5c                Clock_Ip_SetScgClkoutSel_TrustedCall
                0x00004a84                Clock_Ip_ResetSimFtmoptSel_TrustedCall
                0x00004acc                Clock_Ip_SetSimFtmoptSel_TrustedCall
                0x00004b14                Clock_Ip_ResetSimClkoutSel_TrustedCall
                0x00004b2c                Clock_Ip_SetSimClkoutSel_TrustedCall
                0x00004b54                Clock_Ip_ResetPccPcsSelect_TrustedCall
                0x00004b88                Clock_Ip_SetPccPcsSelect_TrustedCall
                0x00004bc8                Clock_Ip_ResetSimTraceSel_TrustedCall
                0x00004bf0                Clock_Ip_SetSimTraceSel_TrustedCall
 .mcal_text     0x00004c1c      0x7a4 ./RTD/src/Clock_Ip_Specific.o
                0x00004e00                SetFircToResetValue_TrustedCall
                0x00004e1c                SetSimLpoclksRegister_TrustedCall
                0x00004e90                Clock_Ip_ClockPowerNotifications
                0x00005054                Clock_Ip_Command
 .mcal_text     0x000053c0      0x508 ./RTD/src/Det.o
                0x000053c0                Det_Start
                0x000053c2                Det_InitDataNode
                0x0000544a                Det_LinkNodeToHead
                0x0000547a                Det_DelAllNodesSameId
                0x00005578                Det_FreeNodesInLinkedList
                0x000055ae                Det_Init
                0x000057b4                Det_ReportError
                0x00005810                Det_ReportRuntimeError
                0x0000586c                Det_ReportTransientFault
 .mcal_text     0x000058c8      0x1c8 ./RTD/src/Det_stub.o
                0x000058c8                Det_TestLastReportError
                0x00005914                Det_TestLastReportRuntimeError
                0x00005960                Det_TestLastReportTransientFault
                0x000059ac                Det_TestNoError
                0x000059f8                Det_TestNoRuntimeError
                0x00005a44                Det_TestNoTransientFault
 .mcal_text     0x00005a90       0x4c ./RTD/src/Gpio_Dio_Ip.o
                0x00005a90                Gpio_Dio_Ip_WritePin
                0x00005ab4                Gpio_Dio_Ip_WritePins
                0x00005ab8                Gpio_Dio_Ip_GetPinsOutput
                0x00005abc                Gpio_Dio_Ip_SetPins
                0x00005ac0                Gpio_Dio_Ip_ClearPins
                0x00005ac4                Gpio_Dio_Ip_TogglePins
                0x00005ac8                Gpio_Dio_Ip_ReadPins
                0x00005acc                Gpio_Dio_Ip_ReadPin
 .mcal_text     0x00005adc       0x1e ./RTD/src/OsIf_Timer.o
                0x00005adc                OsIf_Init
                0x00005ae4                OsIf_GetCounter
                0x00005ae8                OsIf_GetElapsed
                0x00005af0                OsIf_SetTimerFrequency
                0x00005af2                OsIf_MicrosToTicks
 .mcal_text     0x00005afa       0x4a ./RTD/src/OsIf_Timer_System_Internal_Systick.o
                0x00005afa                OsIf_Timer_System_Internal_Init
                0x00005b10                OsIf_Timer_System_Internal_GetCounter
                0x00005b1c                OsIf_Timer_System_Internal_GetElapsed
 .mcal_text     0x00005b44      0x2ec ./RTD/src/Port_Ci_Port_Ip.o
                0x00005b44                Port_Ci_Port_Ip_ConfigureInterleave
                0x00005bd8                Port_Ci_Port_Ip_Init
                0x00005d38                Port_Ci_Port_Ip_SetMuxModeSel
                0x00005d82                Port_Ci_Port_Ip_EnableDigitalFilter
                0x00005db0                Port_Ci_Port_Ip_DisableDigitalFilter
                0x00005de0                Port_Ci_Port_Ip_ConfigDigitalFilter
                0x00005e08                Port_Ci_Port_Ip_SetGlobalPinControl
 .mcal_text     0x00005e30       0xc8 ./RTD/src/SchM_Dio.o
                0x00005e30                SchM_Enter_Dio_DIO_EXCLUSIVE_AREA_00
                0x00005e64                SchM_Exit_Dio_DIO_EXCLUSIVE_AREA_00
                0x00005e94                SchM_Enter_Dio_DIO_EXCLUSIVE_AREA_01
                0x00005ec8                SchM_Exit_Dio_DIO_EXCLUSIVE_AREA_01
 .mcal_text     0x00005ef8      0x12c ./RTD/src/SchM_Mcu.o
                0x00005ef8                SchM_Enter_Mcu_MCU_EXCLUSIVE_AREA_00
                0x00005f2c                SchM_Exit_Mcu_MCU_EXCLUSIVE_AREA_00
                0x00005f5c                SchM_Enter_Mcu_MCU_EXCLUSIVE_AREA_01
                0x00005f90                SchM_Exit_Mcu_MCU_EXCLUSIVE_AREA_01
                0x00005fc0                SchM_Enter_Mcu_MCU_EXCLUSIVE_AREA_02
                0x00005ff4                SchM_Exit_Mcu_MCU_EXCLUSIVE_AREA_02
 .mcal_text     0x00006024      0xaf0 ./RTD/src/SchM_Port.o
                0x00006024                SchM_Enter_Port_PORT_EXCLUSIVE_AREA_00
                0x00006058                SchM_Exit_Port_PORT_EXCLUSIVE_AREA_00
                0x00006088                SchM_Enter_Port_PORT_EXCLUSIVE_AREA_01
                0x000060bc                SchM_Exit_Port_PORT_EXCLUSIVE_AREA_01
                0x000060ec                SchM_Enter_Port_PORT_EXCLUSIVE_AREA_02
                0x00006120                SchM_Exit_Port_PORT_EXCLUSIVE_AREA_02
                0x00006150                SchM_Enter_Port_PORT_EXCLUSIVE_AREA_03
                0x00006184                SchM_Exit_Port_PORT_EXCLUSIVE_AREA_03
                0x000061b4                SchM_Enter_Port_PORT_EXCLUSIVE_AREA_04
                0x000061e8                SchM_Exit_Port_PORT_EXCLUSIVE_AREA_04
                0x00006218                SchM_Enter_Port_PORT_EXCLUSIVE_AREA_05
                0x0000624c                SchM_Exit_Port_PORT_EXCLUSIVE_AREA_05
                0x0000627c                SchM_Enter_Port_PORT_EXCLUSIVE_AREA_06
                0x000062b0                SchM_Exit_Port_PORT_EXCLUSIVE_AREA_06
                0x000062e0                SchM_Enter_Port_PORT_EXCLUSIVE_AREA_07
                0x00006314                SchM_Exit_Port_PORT_EXCLUSIVE_AREA_07
                0x00006344                SchM_Enter_Port_PORT_EXCLUSIVE_AREA_08
                0x00006378                SchM_Exit_Port_PORT_EXCLUSIVE_AREA_08
                0x000063a8                SchM_Enter_Port_PORT_EXCLUSIVE_AREA_09
                0x000063dc                SchM_Exit_Port_PORT_EXCLUSIVE_AREA_09
                0x0000640c                SchM_Enter_Port_PORT_EXCLUSIVE_AREA_10
                0x00006440                SchM_Exit_Port_PORT_EXCLUSIVE_AREA_10
                0x00006470                SchM_Enter_Port_PORT_EXCLUSIVE_AREA_11
                0x000064a4                SchM_Exit_Port_PORT_EXCLUSIVE_AREA_11
                0x000064d4                SchM_Enter_Port_PORT_EXCLUSIVE_AREA_12
                0x00006508                SchM_Exit_Port_PORT_EXCLUSIVE_AREA_12
                0x00006538                SchM_Enter_Port_PORT_EXCLUSIVE_AREA_13
                0x0000656c                SchM_Exit_Port_PORT_EXCLUSIVE_AREA_13
                0x0000659c                SchM_Enter_Port_PORT_EXCLUSIVE_AREA_14
                0x000065d0                SchM_Exit_Port_PORT_EXCLUSIVE_AREA_14
                0x00006600                SchM_Enter_Port_PORT_EXCLUSIVE_AREA_15
                0x00006634                SchM_Exit_Port_PORT_EXCLUSIVE_AREA_15
                0x00006664                SchM_Enter_Port_PORT_EXCLUSIVE_AREA_16
                0x00006698                SchM_Exit_Port_PORT_EXCLUSIVE_AREA_16
                0x000066c8                SchM_Enter_Port_PORT_EXCLUSIVE_AREA_17
                0x000066fc                SchM_Exit_Port_PORT_EXCLUSIVE_AREA_17
                0x0000672c                SchM_Enter_Port_PORT_EXCLUSIVE_AREA_18
                0x00006760                SchM_Exit_Port_PORT_EXCLUSIVE_AREA_18
                0x00006790                SchM_Enter_Port_PORT_EXCLUSIVE_AREA_19
                0x000067c4                SchM_Exit_Port_PORT_EXCLUSIVE_AREA_19
                0x000067f4                SchM_Enter_Port_PORT_EXCLUSIVE_AREA_20
                0x00006828                SchM_Exit_Port_PORT_EXCLUSIVE_AREA_20
                0x00006858                SchM_Enter_Port_PORT_EXCLUSIVE_AREA_21
                0x0000688c                SchM_Exit_Port_PORT_EXCLUSIVE_AREA_21
                0x000068bc                SchM_Enter_Port_PORT_EXCLUSIVE_AREA_22
                0x000068f0                SchM_Exit_Port_PORT_EXCLUSIVE_AREA_22
                0x00006920                SchM_Enter_Port_PORT_EXCLUSIVE_AREA_23
                0x00006954                SchM_Exit_Port_PORT_EXCLUSIVE_AREA_23
                0x00006984                SchM_Enter_Port_PORT_EXCLUSIVE_AREA_24
                0x000069b8                SchM_Exit_Port_PORT_EXCLUSIVE_AREA_24
                0x000069e8                SchM_Enter_Port_PORT_EXCLUSIVE_AREA_25
                0x00006a1c                SchM_Exit_Port_PORT_EXCLUSIVE_AREA_25
                0x00006a4c                SchM_Enter_Port_PORT_EXCLUSIVE_AREA_26
                0x00006a80                SchM_Exit_Port_PORT_EXCLUSIVE_AREA_26
                0x00006ab0                SchM_Enter_Port_PORT_EXCLUSIVE_AREA_27
                0x00006ae4                SchM_Exit_Port_PORT_EXCLUSIVE_AREA_27
                0x00006b14                . = ALIGN (0x4)
                0x00006b14                acfls_code_rom_start = .
                0x00006b14                . = ALIGN (0x4)
 *(.acfls_code_rom)
                0x00006b14                . = ALIGN (0x4)
                0x00006b14                acfls_code_rom_end = .
                0x00006b14                acmem_43_infls_code_rom_start = .
 *(.acmem_43_infls_code_rom)
                0x00006b14                . = ALIGN (0x4)
                0x00006b14                acmem_43_infls_code_rom_end = .
 *(.init)
                0x00006b14                . = ALIGN (0x4)
 *(.fini)
                0x00006b14                . = ALIGN (0x4)
 *(.rodata)
 .rodata        0x00006b14       0x10 ./src/HMI.o
 .rodata        0x00006b24       0x10 ./src/main.o
 *(.rodata*)
 .rodata.str1.1
                0x00006b34       0x6b ./src/HMI.o
                                 0x71 (size before relaxing)
 .rodata.str1.1
                0x00006b9f       0x4a ./src/main.o
 *fill*         0x00006be9        0x3 
 .rodata._global_impure_ptr
                0x00006bec        0x4 c:/nxp/s32ds.3.6.5/s32ds/build_tools/gcc_v10.2/gcc-10.2-arm32-eabi/bin/../lib/gcc/arm-none-eabi/10.2.0/../../../../arm-none-eabi/lib/thumb/v7e-m+fp/hard\libc_nano.a(lib_a-impure.o)
                0x00006bec                _global_impure_ptr
 .rodata._svfprintf_r.str1.1
                0x00006bf0       0x11 c:/nxp/s32ds.3.6.5/s32ds/build_tools/gcc_v10.2/gcc-10.2-arm32-eabi/bin/../lib/gcc/arm-none-eabi/10.2.0/../../../../arm-none-eabi/lib/thumb/v7e-m+fp/hard\libc_nano.a(lib_a-nano-svfprintf.o)
 .rodata._printf_i.str1.1
                0x00006c01       0x22 c:/nxp/s32ds.3.6.5/s32ds/build_tools/gcc_v10.2/gcc-10.2-arm32-eabi/bin/../lib/gcc/arm-none-eabi/10.2.0/../../../../arm-none-eabi/lib/thumb/v7e-m+fp/hard\libc_nano.a(lib_a-nano-vfprintf_i.o)
 .rodata.logf.str1.1
                0x00006c23       0x22 c:/nxp/s32ds.3.6.5/s32ds/build_tools/gcc_v10.2/gcc-10.2-arm32-eabi/bin/../lib/gcc/arm-none-eabi/10.2.0/../../../../arm-none-eabi/lib/thumb/v7e-m+fp/hard\libm.a(lib_a-wf_log.o)
                                  0x1 (size before relaxing)
                0x00006c48                . = ALIGN (0x4)
 *fill*         0x00006c23        0x1 
 *(.mcal_const_cfg)
 .mcal_const_cfg
                0x00006c24      0x400 ./generate/src/Clock_Ip_Cfg.o
                0x00006c24                Clock_Ip_aClockConfig
                0x00007024                . = ALIGN (0x4)
 *(.mcal_const)
 .mcal_const    0x00007024      0x59e ./RTD/src/Clock_Ip_Data.o
                0x00007024                Clock_Ip_aeHwDfsName
                0x00007028                Clock_Ip_aeHwPllName
                0x0000702c                Clock_Ip_aeSourceTypeClockName
                0x000070e8                Clock_Ip_apxScgPeriphAsyncDivs
                0x000070f8                Clock_Ip_au8DividerValueHardwareValue
                0x00007139                Clock_Ip_au8SelectorEntrySIMHardwareValue
                0x00007168                Clock_Ip_au8SelectorEntryPcsHardwareValue
                0x00007197                Clock_Ip_au8SelectorEntryScsHardwareValue
                0x000071c6                Clock_Ip_au16SelectorEntryHardwareValue
                0x0000721d                Clock_Ip_au8ClockFeatures
                0x0000752c                Clock_Ip_au8CmuCallbackIndex
                0x0000753b                Clock_Ip_au8PcfsCallbackIndex
                0x0000754a                Clock_Ip_au8SelectorCallbackIndex
                0x00007559                Clock_Ip_au8PllCallbackIndex
                0x00007568                Clock_Ip_au8FractionalDividerCallbackIndex
                0x00007577                Clock_Ip_au8GateCallbackIndex
                0x00007586                Clock_Ip_au8IrcoscCallbackIndex
                0x00007595                Clock_Ip_au8XoscCallbackIndex
                0x000075a4                Clock_Ip_au8DividerTriggerCallbackIndex
                0x000075b3                Clock_Ip_au8DividerCallbackIndex
 *fill*         0x000075c2        0x2 
 .mcal_const    0x000075c4       0x3c ./RTD/src/Clock_Ip_Divider.o
                0x000075c4                Clock_Ip_axDividerCallbacks
 .mcal_const    0x00007600        0x8 ./RTD/src/Clock_Ip_DividerTrigger.o
                0x00007600                Clock_Ip_axDividerTriggerCallbacks
 .mcal_const    0x00007608       0x20 ./RTD/src/Clock_Ip_ExtOsc.o
                0x00007608                Clock_Ip_axExtOscCallbacks
 .mcal_const    0x00007628        0xc ./RTD/src/Clock_Ip_FracDiv.o
                0x00007628                Clock_Ip_axFracDivCallbacks
 .mcal_const    0x00007634       0x38 ./RTD/src/Clock_Ip_Gate.o
                0x00007634                Clock_Ip_axGateCallbacks
 .mcal_const    0x0000766c       0x3c ./RTD/src/Clock_Ip_IntOsc.o
                0x0000766c                Clock_Ip_axIntOscCallbacks
 .mcal_const    0x000076a8       0x10 ./RTD/src/Clock_Ip_Monitor.o
                0x000076a8                Clock_Ip_axCmuCallbacks
 .mcal_const    0x000076b8       0x28 ./RTD/src/Clock_Ip_Pll.o
                0x000076b8                Clock_Ip_axPllCallbacks
 .mcal_const    0x000076e0        0x4 ./RTD/src/Clock_Ip_ProgFreqSwitch.o
                0x000076e0                Clock_Ip_axPcfsCallbacks
 .mcal_const    0x000076e4       0x58 ./RTD/src/Clock_Ip_Selector.o
                0x000076e4                Clock_Ip_axSelectorCallbacks
 .mcal_const    0x0000773c       0x20 ./RTD/src/Clock_Ip_Specific.o
 .mcal_const    0x0000775c       0x28 ./RTD/src/Port_Ci_Port_Ip.o
                0x0000775c                Port_au32PortCiGpioBaseAddr
                0x00007770                Port_au32PortCiPortBaseAddr
                0x00007784                . = ALIGN (0x4)
 *(.mcal_const_no_cacheable)
                0x00007784                . = ALIGN (0x4)
                0x00007784                __init_table = .
 *(.init_table)
 .init_table    0x00007784       0x1c ./Project_Settings/Startup_Code/startup_cm4.o
                0x000077a0                . = ALIGN (0x4)
                0x000077a0                __zero_table = .
 *(.zero_table)
 .zero_table    0x000077a0        0xc ./Project_Settings/Startup_Code/startup_cm4.o
                0x000077ac                . = ALIGN (0x4)
 *(.acmcu_code_rom)
                0x000077ac                . = ALIGN (0x4)
                0x000077ac                _etext = .
                0x000077ac                __DATA_ROM = .

.glue_7         0x000077ac        0x0
 .glue_7        0x000077ac        0x0 linker stubs

.glue_7t        0x000077ac        0x0
 .glue_7t       0x000077ac        0x0 linker stubs

.vfp11_veneer   0x000077ac        0x0
 .vfp11_veneer  0x000077ac        0x0 linker stubs

.v4_bx          0x000077ac        0x0
 .v4_bx         0x000077ac        0x0 linker stubs

.iplt           0x000077ac        0x0
 .iplt          0x000077ac        0x0 ./Project_Settings/Startup_Code/Vector_Table.o

.igot.plt       0x000077ac        0x0
 .igot.plt      0x000077ac        0x0 ./Project_Settings/Startup_Code/Vector_Table.o
                0x000077ac                . = ALIGN (0x4)
                [!provide]                PROVIDE (__exidx_start = .)

.ARM.exidx      0x1fff8100        0x8
 *(.ARM.exidx* .gnu.linkonce.armexidx.*)
 .ARM.exidx     0x1fff8100        0x8 c:/nxp/s32ds.3.6.5/s32ds/build_tools/gcc_v10.2/gcc-10.2-arm32-eabi/bin/../lib/gcc/arm-none-eabi/10.2.0/thumb/v7e-m+fp/hard\libgcc.a(_udivmoddi4.o)
                0x1fff8108                . = ALIGN (0x4)
                [!provide]                PROVIDE (__exidx_end = .)

.ARM.extab      0x1fff8108        0x0
 *(.ARM.extab*)
 .ARM.extab     0x1fff8108        0x0 c:/nxp/s32ds.3.6.5/s32ds/build_tools/gcc_v10.2/gcc-10.2-arm32-eabi/bin/../lib/gcc/arm-none-eabi/10.2.0/thumb/v7e-m+fp/hard\libgcc.a(_udivmoddi4.o)
                0x1fff8108                . = ALIGN (0x4)

.rel.dyn        0x1fff8108        0x0
 .rel.iplt      0x1fff8108        0x0 ./Project_Settings/Startup_Code/Vector_Table.o

.sram_interrupts
                0x1fff8108      0xa08
                0x1fff8800                . = ALIGN (0x800)
 *fill*         0x1fff8108      0x6f8 
                0x1fff8800                __interrupts_ram_start = .
                0x1fff8b10                . = (. + (__interrupts_rom_end - __interrupts_rom_start))
 *fill*         0x1fff8800      0x310 
                0x1fff8b10                . = ALIGN (0x4)
                0x1fff8b10                __interrupts_ram_end = .

.sram_data      0x1fff8b10      0x620 load address 0x000077ac
                0x1fff8b10                . = ALIGN (0x4)
                0x1fff8b10                __data_ram_start = .
 *(.ramcode)
                0x1fff8b10                . = ALIGN (0x4)
 *(.data)
 .data          0x1fff8b10        0x0 ./Project_Settings/Startup_Code/Vector_Table.o
 .data          0x1fff8b10        0x0 ./Project_Settings/Startup_Code/exceptions.o
 .data          0x1fff8b10        0x0 ./Project_Settings/Startup_Code/nvic.o
 .data          0x1fff8b10        0x0 ./Project_Settings/Startup_Code/startup.o
 .data          0x1fff8b10        0x0 ./Project_Settings/Startup_Code/startup_cm4.o
 .data          0x1fff8b10        0x0 ./Project_Settings/Startup_Code/system.o
 .data          0x1fff8b10        0x4 ./RTD/src/Clock_Ip.o
 .data          0x1fff8b14        0x0 ./RTD/src/Clock_Ip_Data.o
 .data          0x1fff8b14        0x0 ./RTD/src/Clock_Ip_Divider.o
 .data          0x1fff8b14        0x0 ./RTD/src/Clock_Ip_DividerTrigger.o
 .data          0x1fff8b14        0x0 ./RTD/src/Clock_Ip_ExtOsc.o
 .data          0x1fff8b14        0x0 ./RTD/src/Clock_Ip_FracDiv.o
 .data          0x1fff8b14        0x0 ./RTD/src/Clock_Ip_Frequency.o
 .data          0x1fff8b14        0x0 ./RTD/src/Clock_Ip_Gate.o
 .data          0x1fff8b14        0x0 ./RTD/src/Clock_Ip_IntOsc.o
 .data          0x1fff8b14        0x0 ./RTD/src/Clock_Ip_Irq.o
 .data          0x1fff8b14        0x0 ./RTD/src/Clock_Ip_Monitor.o
 .data          0x1fff8b14        0x0 ./RTD/src/Clock_Ip_Pll.o
 .data          0x1fff8b14        0x0 ./RTD/src/Clock_Ip_ProgFreqSwitch.o
 .data          0x1fff8b14        0x0 ./RTD/src/Clock_Ip_Selector.o
 .data          0x1fff8b14        0x0 ./RTD/src/Clock_Ip_Specific.o
 .data          0x1fff8b14        0x0 ./RTD/src/Det.o
 .data          0x1fff8b14        0x0 ./RTD/src/Det_stub.o
 .data          0x1fff8b14        0x0 ./RTD/src/Gpio_Dio_Ip.o
 .data          0x1fff8b14        0x0 ./RTD/src/OsIf_Interrupts.o
 .data          0x1fff8b14        0x0 ./RTD/src/OsIf_Software_Semaphore.o
 .data          0x1fff8b14        0x0 ./RTD/src/OsIf_Timer.o
 .data          0x1fff8b14        0x0 ./RTD/src/OsIf_Timer_System.o
 .data          0x1fff8b14        0x0 ./RTD/src/OsIf_Timer_System_Internal_Systick.o
 .data          0x1fff8b14        0x0 ./RTD/src/Port_Ci_Port_Ip.o
 .data          0x1fff8b14        0x0 ./RTD/src/SchM_Dio.o
 .data          0x1fff8b14        0x0 ./RTD/src/SchM_Mcu.o
 .data          0x1fff8b14        0x0 ./RTD/src/SchM_Port.o
 .data          0x1fff8b14      0x578 ./board/Port_Ci_Port_Ip_Cfg.o
                0x1fff8b14                g_pin_mux_InitConfigArr_PortContainer_0_BOARD_InitPeripherals
 .data          0x1fff908c        0x0 ./generate/src/Clock_Ip_Cfg.o
 .data          0x1fff908c        0x0 ./generate/src/OsIf_Cfg.o
 .data          0x1fff908c        0x0 ./src/ADC.o
 .data          0x1fff908c        0x0 ./src/Delay.o
 .data          0x1fff908c        0x0 ./src/EEPROM.o
 .data          0x1fff908c        0x0 ./src/GPIO.o
 .data          0x1fff908c        0xc ./src/HMI.o
 .data          0x1fff9098        0x0 ./src/LCD.o
 .data          0x1fff9098       0x18 ./src/main.o
                0x1fff9098                Error_Msg1
                0x1fff909c                Error_Msg3
                0x1fff90a0                Error_Msg2
                0x1fff90a4                Start_Msg1
                0x1fff90a8                Start_Msg2
                0x1fff90ac                Error_Msg4
 .data          0x1fff90b0        0x0 c:/nxp/s32ds.3.6.5/s32ds/build_tools/gcc_v10.2/gcc-10.2-arm32-eabi/bin/../lib/gcc/arm-none-eabi/10.2.0/../../../../arm-none-eabi/lib/thumb/v7e-m+fp/hard\libc_nano.a(lib_a-memcmp.o)
 .data          0x1fff90b0        0x0 c:/nxp/s32ds.3.6.5/s32ds/build_tools/gcc_v10.2/gcc-10.2-arm32-eabi/bin/../lib/gcc/arm-none-eabi/10.2.0/../../../../arm-none-eabi/lib/thumb/v7e-m+fp/hard\libc_nano.a(lib_a-memset.o)
 .data          0x1fff90b0        0x0 c:/nxp/s32ds.3.6.5/s32ds/build_tools/gcc_v10.2/gcc-10.2-arm32-eabi/bin/../lib/gcc/arm-none-eabi/10.2.0/../../../../arm-none-eabi/lib/thumb/v7e-m+fp/hard\libc_nano.a(lib_a-snprintf.o)
 .data          0x1fff90b0        0x0 c:/nxp/s32ds.3.6.5/s32ds/build_tools/gcc_v10.2/gcc-10.2-arm32-eabi/bin/../lib/gcc/arm-none-eabi/10.2.0/../../../../arm-none-eabi/lib/thumb/v7e-m+fp/hard\libc_nano.a(lib_a-impure.o)
 .data          0x1fff90b0        0x0 c:/nxp/s32ds.3.6.5/s32ds/build_tools/gcc_v10.2/gcc-10.2-arm32-eabi/bin/../lib/gcc/arm-none-eabi/10.2.0/../../../../arm-none-eabi/lib/thumb/v7e-m+fp/hard\libc_nano.a(lib_a-nano-svfprintf.o)
 .data          0x1fff90b0        0x0 c:/nxp/s32ds.3.6.5/s32ds/build_tools/gcc_v10.2/gcc-10.2-arm32-eabi/bin/../lib/gcc/arm-none-eabi/10.2.0/../../../../arm-none-eabi/lib/thumb/v7e-m+fp/hard\libc_nano.a(lib_a-nano-vfprintf_i.o)
 .data          0x1fff90b0        0x0 c:/nxp/s32ds.3.6.5/s32ds/build_tools/gcc_v10.2/gcc-10.2-arm32-eabi/bin/../lib/gcc/arm-none-eabi/10.2.0/../../../../arm-none-eabi/lib/thumb/v7e-m+fp/hard\libc_nano.a(lib_a-memchr.o)
 .data          0x1fff90b0        0x0 c:/nxp/s32ds.3.6.5/s32ds/build_tools/gcc_v10.2/gcc-10.2-arm32-eabi/bin/../lib/gcc/arm-none-eabi/10.2.0/../../../../arm-none-eabi/lib/thumb/v7e-m+fp/hard\libc_nano.a(lib_a-memcpy-stub.o)
 .data          0x1fff90b0        0x0 c:/nxp/s32ds.3.6.5/s32ds/build_tools/gcc_v10.2/gcc-10.2-arm32-eabi/bin/../lib/gcc/arm-none-eabi/10.2.0/../../../../arm-none-eabi/lib/thumb/v7e-m+fp/hard\libc_nano.a(lib_a-memmove.o)
 .data          0x1fff90b0        0x0 c:/nxp/s32ds.3.6.5/s32ds/build_tools/gcc_v10.2/gcc-10.2-arm32-eabi/bin/../lib/gcc/arm-none-eabi/10.2.0/../../../../arm-none-eabi/lib/thumb/v7e-m+fp/hard\libc_nano.a(lib_a-nano-freer.o)
 .data          0x1fff90b0        0x0 c:/nxp/s32ds.3.6.5/s32ds/build_tools/gcc_v10.2/gcc-10.2-arm32-eabi/bin/../lib/gcc/arm-none-eabi/10.2.0/../../../../arm-none-eabi/lib/thumb/v7e-m+fp/hard\libc_nano.a(lib_a-nano-mallocr.o)
 .data          0x1fff90b0        0x0 c:/nxp/s32ds.3.6.5/s32ds/build_tools/gcc_v10.2/gcc-10.2-arm32-eabi/bin/../lib/gcc/arm-none-eabi/10.2.0/../../../../arm-none-eabi/lib/thumb/v7e-m+fp/hard\libc_nano.a(lib_a-nano-reallocr.o)
 .data          0x1fff90b0        0x0 c:/nxp/s32ds.3.6.5/s32ds/build_tools/gcc_v10.2/gcc-10.2-arm32-eabi/bin/../lib/gcc/arm-none-eabi/10.2.0/../../../../arm-none-eabi/lib/thumb/v7e-m+fp/hard\libc_nano.a(lib_a-sbrkr.o)
 .data          0x1fff90b0        0x0 c:/nxp/s32ds.3.6.5/s32ds/build_tools/gcc_v10.2/gcc-10.2-arm32-eabi/bin/../lib/gcc/arm-none-eabi/10.2.0/../../../../arm-none-eabi/lib/thumb/v7e-m+fp/hard\libc_nano.a(lib_a-mlock.o)
 .data          0x1fff90b0        0x0 c:/nxp/s32ds.3.6.5/s32ds/build_tools/gcc_v10.2/gcc-10.2-arm32-eabi/bin/../lib/gcc/arm-none-eabi/10.2.0/../../../../arm-none-eabi/lib/thumb/v7e-m+fp/hard\libc_nano.a(lib_a-nano-msizer.o)
 .data          0x1fff90b0        0x0 c:/nxp/s32ds.3.6.5/s32ds/build_tools/gcc_v10.2/gcc-10.2-arm32-eabi/bin/../lib/gcc/arm-none-eabi/10.2.0/../../../../arm-none-eabi/lib/thumb/v7e-m+fp/hard\libc_nano.a(lib_a-reent.o)
 .data          0x1fff90b0        0x0 c:/nxp/s32ds.3.6.5/s32ds/build_tools/gcc_v10.2/gcc-10.2-arm32-eabi/bin/../lib/gcc/arm-none-eabi/10.2.0/../../../../arm-none-eabi/lib/thumb/v7e-m+fp/hard\libm.a(lib_a-wf_log.o)
 .data          0x1fff90b0        0x0 c:/nxp/s32ds.3.6.5/s32ds/build_tools/gcc_v10.2/gcc-10.2-arm32-eabi/bin/../lib/gcc/arm-none-eabi/10.2.0/../../../../arm-none-eabi/lib/thumb/v7e-m+fp/hard\libm.a(lib_a-ef_log.o)
 .data          0x1fff90b0        0x0 c:/nxp/s32ds.3.6.5/s32ds/build_tools/gcc_v10.2/gcc-10.2-arm32-eabi/bin/../lib/gcc/arm-none-eabi/10.2.0/../../../../arm-none-eabi/lib/thumb/v7e-m+fp/hard\libm.a(lib_a-sf_nan.o)
 .data          0x1fff90b0        0x0 c:/nxp/s32ds.3.6.5/s32ds/build_tools/gcc_v10.2/gcc-10.2-arm32-eabi/bin/../lib/gcc/arm-none-eabi/10.2.0/../../../../arm-none-eabi/lib/thumb/v7e-m+fp/hard\libm.a(lib_a-s_lib_ver.o)
 .data          0x1fff90b0        0x0 c:/nxp/s32ds.3.6.5/s32ds/build_tools/gcc_v10.2/gcc-10.2-arm32-eabi/bin/../lib/gcc/arm-none-eabi/10.2.0/thumb/v7e-m+fp/hard\libgcc.a(_aeabi_ldivmod.o)
 .data          0x1fff90b0        0x0 c:/nxp/s32ds.3.6.5/s32ds/build_tools/gcc_v10.2/gcc-10.2-arm32-eabi/bin/../lib/gcc/arm-none-eabi/10.2.0/thumb/v7e-m+fp/hard\libgcc.a(_aeabi_uldivmod.o)
 .data          0x1fff90b0        0x0 c:/nxp/s32ds.3.6.5/s32ds/build_tools/gcc_v10.2/gcc-10.2-arm32-eabi/bin/../lib/gcc/arm-none-eabi/10.2.0/thumb/v7e-m+fp/hard\libgcc.a(_udivmoddi4.o)
 .data          0x1fff90b0        0x0 c:/nxp/s32ds.3.6.5/s32ds/build_tools/gcc_v10.2/gcc-10.2-arm32-eabi/bin/../lib/gcc/arm-none-eabi/10.2.0/thumb/v7e-m+fp/hard\libgcc.a(_dvmd_tls.o)
 .data          0x1fff90b0        0x0 c:/nxp/s32ds.3.6.5/s32ds/build_tools/gcc_v10.2/gcc-10.2-arm32-eabi/bin/../lib/gcc/arm-none-eabi/10.2.0/../../../../arm-none-eabi/lib/thumb/v7e-m+fp/hard\libg_nano.a(lib_a-errno.o)
 .data          0x1fff90b0        0x0 c:/nxp/s32ds.3.6.5/s32ds/build_tools/gcc_v10.2/gcc-10.2-arm32-eabi/bin/../lib/gcc/arm-none-eabi/10.2.0/../../../../arm-none-eabi/lib/thumb/v7e-m+fp/hard\libnosys.a(sbrk.o)
 *(.data*)
 .data._impure_ptr
                0x1fff90b0        0x4 c:/nxp/s32ds.3.6.5/s32ds/build_tools/gcc_v10.2/gcc-10.2-arm32-eabi/bin/../lib/gcc/arm-none-eabi/10.2.0/../../../../arm-none-eabi/lib/thumb/v7e-m+fp/hard\libc_nano.a(lib_a-impure.o)
                0x1fff90b0                _impure_ptr
 .data.impure_data
                0x1fff90b4       0x60 c:/nxp/s32ds.3.6.5/s32ds/build_tools/gcc_v10.2/gcc-10.2-arm32-eabi/bin/../lib/gcc/arm-none-eabi/10.2.0/../../../../arm-none-eabi/lib/thumb/v7e-m+fp/hard\libc_nano.a(lib_a-impure.o)
 .data.__fdlib_version
                0x1fff9114        0x1 c:/nxp/s32ds.3.6.5/s32ds/build_tools/gcc_v10.2/gcc-10.2-arm32-eabi/bin/../lib/gcc/arm-none-eabi/10.2.0/../../../../arm-none-eabi/lib/thumb/v7e-m+fp/hard\libm.a(lib_a-s_lib_ver.o)
                0x1fff9114                __fdlib_version
                0x1fff9118                . = ALIGN (0x4)
 *fill*         0x1fff9115        0x3 
 *(.mcal_data)
 .mcal_data     0x1fff9118        0x1 ./RTD/src/Clock_Ip.o
                0x1fff9118                Clock_Ip_bSentFromUpdateDriverContext
 .mcal_data     0x1fff9119        0x2 ./RTD/src/Clock_Ip_Specific.o
 *fill*         0x1fff911b        0x1 
 .mcal_data     0x1fff911c       0x14 ./RTD/src/Gpio_Dio_Ip.o
                0x1fff911c                GpioBaseAdresses
                0x1fff9130                . = ALIGN (0x4)
 *(.mcal_data_no_cacheable)
                0x1fff9130                . = ALIGN (0x4)
 *(.mcal_shared_data)
                0x1fff9130                . = ALIGN (0x4)
                0x1fff9130                __data_ram_end = .
                0x00007dcc                __DATA_ROM_END = (__DATA_ROM + (__data_ram_end - __data_ram_start))

.sram_bss       0x1fff9130      0x5f0 load address 0x00007dcc
                0x1fff9130                . = ALIGN (0x10)
                0x1fff9130                __sram_bss_start = .
 *(.bss)
 .bss           0x1fff9130        0x0 ./Project_Settings/Startup_Code/Vector_Table.o
 .bss           0x1fff9130        0x0 ./Project_Settings/Startup_Code/exceptions.o
 .bss           0x1fff9130        0x0 ./Project_Settings/Startup_Code/nvic.o
 .bss           0x1fff9130        0x0 ./Project_Settings/Startup_Code/startup.o
 .bss           0x1fff9130        0x0 ./Project_Settings/Startup_Code/startup_cm4.o
 .bss           0x1fff9130        0x4 ./Project_Settings/Startup_Code/system.o
                0x1fff9130                RESET_CATCH_CORE
 .bss           0x1fff9134        0x0 ./RTD/src/Clock_Ip.o
 .bss           0x1fff9134        0x0 ./RTD/src/Clock_Ip_Data.o
 .bss           0x1fff9134        0x0 ./RTD/src/Clock_Ip_Divider.o
 .bss           0x1fff9134        0x0 ./RTD/src/Clock_Ip_DividerTrigger.o
 .bss           0x1fff9134        0x0 ./RTD/src/Clock_Ip_ExtOsc.o
 .bss           0x1fff9134        0x0 ./RTD/src/Clock_Ip_FracDiv.o
 .bss           0x1fff9134        0x0 ./RTD/src/Clock_Ip_Frequency.o
 .bss           0x1fff9134        0x0 ./RTD/src/Clock_Ip_Gate.o
 .bss           0x1fff9134        0x0 ./RTD/src/Clock_Ip_IntOsc.o
 .bss           0x1fff9134        0x0 ./RTD/src/Clock_Ip_Irq.o
 .bss           0x1fff9134        0x0 ./RTD/src/Clock_Ip_Monitor.o
 .bss           0x1fff9134        0x0 ./RTD/src/Clock_Ip_Pll.o
 .bss           0x1fff9134        0x0 ./RTD/src/Clock_Ip_ProgFreqSwitch.o
 .bss           0x1fff9134        0x0 ./RTD/src/Clock_Ip_Selector.o
 .bss           0x1fff9134        0x0 ./RTD/src/Clock_Ip_Specific.o
 .bss           0x1fff9134        0x0 ./RTD/src/Det.o
 .bss           0x1fff9134        0x0 ./RTD/src/Det_stub.o
 .bss           0x1fff9134        0x0 ./RTD/src/Gpio_Dio_Ip.o
 .bss           0x1fff9134        0x0 ./RTD/src/OsIf_Interrupts.o
 .bss           0x1fff9134        0x0 ./RTD/src/OsIf_Software_Semaphore.o
 .bss           0x1fff9134        0x0 ./RTD/src/OsIf_Timer.o
 .bss           0x1fff9134        0x0 ./RTD/src/OsIf_Timer_System.o
 .bss           0x1fff9134        0x0 ./RTD/src/OsIf_Timer_System_Internal_Systick.o
 .bss           0x1fff9134        0x0 ./RTD/src/Port_Ci_Port_Ip.o
 .bss           0x1fff9134        0x0 ./RTD/src/SchM_Dio.o
 .bss           0x1fff9134        0x0 ./RTD/src/SchM_Mcu.o
 .bss           0x1fff9134        0x0 ./RTD/src/SchM_Port.o
 .bss           0x1fff9134        0x0 ./board/Port_Ci_Port_Ip_Cfg.o
 .bss           0x1fff9134        0x0 ./generate/src/Clock_Ip_Cfg.o
 .bss           0x1fff9134        0x0 ./generate/src/OsIf_Cfg.o
 .bss           0x1fff9134       0x20 ./src/ADC.o
                0x1fff9134                ADC_Init_Timeout_Flag
                0x1fff9138                ADC_Init_Timeout_Count
                0x1fff913c                ADC_Ctrl
                0x1fff9140                Current_ADC_Channel
                0x1fff9144                ADC_Data
 .bss           0x1fff9154        0xc ./src/Delay.o
                0x1fff9154                LPIT_Timeout_Flag
                0x1fff9158                LPIT_Timeout_Count
                0x1fff915c                Tick_Count
 .bss           0x1fff9160       0x50 ./src/EEPROM.o
                0x1fff9160                CCIF_TIMEOUT_FLAG
                0x1fff9164                CCIF_TIMEOUT_COUNT
                0x1fff9168                EEERDY_TIMEOUT_FLAG
                0x1fff916c                EEERDY_TIMEOUT_COUNT
                0x1fff9170                EEPROM
 .bss           0x1fff91b0       0x24 ./src/GPIO.o
                0x1fff91b0                Last_Tick
 .bss           0x1fff91d4       0xc4 ./src/HMI.o
                0x1fff91e0                Manual_Mode_Count
                0x1fff91e8                HMI
                0x1fff922c                Global_Tick_Count
                0x1fff9238                Manual_Mode_Flag
                0x1fff9244                Check_Status_Flag
                0x1fff9248                First_EEPROM_Data
                0x1fff9288                Event
                0x1fff928c                Current_Error
                0x1fff9294                comp_ct_val
 .bss           0x1fff9298        0x0 ./src/LCD.o
 .bss           0x1fff9298       0x64 ./src/main.o
                0x1fff9298                ADC_Bsy_Timeout_Flag
                0x1fff929c                ADC_Bsy_Timeout_Count
                0x1fff92a0                EEPROM_Timeout_Flag
                0x1fff92a4                EEPROM_Timeout_Count
                0x1fff92e9                ADC_Timeout_Flag
                0x1fff92ec                ADC_Timeout_Count
                0x1fff92f4                EEPROM_Write_Timeout_Flag
                0x1fff92f8                EEPROM_Write_Timeout_Count
 .bss           0x1fff92fc        0x0 c:/nxp/s32ds.3.6.5/s32ds/build_tools/gcc_v10.2/gcc-10.2-arm32-eabi/bin/../lib/gcc/arm-none-eabi/10.2.0/../../../../arm-none-eabi/lib/thumb/v7e-m+fp/hard\libc_nano.a(lib_a-memcmp.o)
 .bss           0x1fff92fc        0x0 c:/nxp/s32ds.3.6.5/s32ds/build_tools/gcc_v10.2/gcc-10.2-arm32-eabi/bin/../lib/gcc/arm-none-eabi/10.2.0/../../../../arm-none-eabi/lib/thumb/v7e-m+fp/hard\libc_nano.a(lib_a-memset.o)
 .bss           0x1fff92fc        0x0 c:/nxp/s32ds.3.6.5/s32ds/build_tools/gcc_v10.2/gcc-10.2-arm32-eabi/bin/../lib/gcc/arm-none-eabi/10.2.0/../../../../arm-none-eabi/lib/thumb/v7e-m+fp/hard\libc_nano.a(lib_a-snprintf.o)
 .bss           0x1fff92fc        0x0 c:/nxp/s32ds.3.6.5/s32ds/build_tools/gcc_v10.2/gcc-10.2-arm32-eabi/bin/../lib/gcc/arm-none-eabi/10.2.0/../../../../arm-none-eabi/lib/thumb/v7e-m+fp/hard\libc_nano.a(lib_a-impure.o)
 .bss           0x1fff92fc        0x0 c:/nxp/s32ds.3.6.5/s32ds/build_tools/gcc_v10.2/gcc-10.2-arm32-eabi/bin/../lib/gcc/arm-none-eabi/10.2.0/../../../../arm-none-eabi/lib/thumb/v7e-m+fp/hard\libc_nano.a(lib_a-nano-svfprintf.o)
 .bss           0x1fff92fc        0x0 c:/nxp/s32ds.3.6.5/s32ds/build_tools/gcc_v10.2/gcc-10.2-arm32-eabi/bin/../lib/gcc/arm-none-eabi/10.2.0/../../../../arm-none-eabi/lib/thumb/v7e-m+fp/hard\libc_nano.a(lib_a-nano-vfprintf_i.o)
 .bss           0x1fff92fc        0x0 c:/nxp/s32ds.3.6.5/s32ds/build_tools/gcc_v10.2/gcc-10.2-arm32-eabi/bin/../lib/gcc/arm-none-eabi/10.2.0/../../../../arm-none-eabi/lib/thumb/v7e-m+fp/hard\libc_nano.a(lib_a-memchr.o)
 .bss           0x1fff92fc        0x0 c:/nxp/s32ds.3.6.5/s32ds/build_tools/gcc_v10.2/gcc-10.2-arm32-eabi/bin/../lib/gcc/arm-none-eabi/10.2.0/../../../../arm-none-eabi/lib/thumb/v7e-m+fp/hard\libc_nano.a(lib_a-memcpy-stub.o)
 .bss           0x1fff92fc        0x0 c:/nxp/s32ds.3.6.5/s32ds/build_tools/gcc_v10.2/gcc-10.2-arm32-eabi/bin/../lib/gcc/arm-none-eabi/10.2.0/../../../../arm-none-eabi/lib/thumb/v7e-m+fp/hard\libc_nano.a(lib_a-memmove.o)
 .bss           0x1fff92fc        0x0 c:/nxp/s32ds.3.6.5/s32ds/build_tools/gcc_v10.2/gcc-10.2-arm32-eabi/bin/../lib/gcc/arm-none-eabi/10.2.0/../../../../arm-none-eabi/lib/thumb/v7e-m+fp/hard\libc_nano.a(lib_a-nano-freer.o)
 .bss           0x1fff92fc        0x0 c:/nxp/s32ds.3.6.5/s32ds/build_tools/gcc_v10.2/gcc-10.2-arm32-eabi/bin/../lib/gcc/arm-none-eabi/10.2.0/../../../../arm-none-eabi/lib/thumb/v7e-m+fp/hard\libc_nano.a(lib_a-nano-mallocr.o)
 .bss           0x1fff92fc        0x0 c:/nxp/s32ds.3.6.5/s32ds/build_tools/gcc_v10.2/gcc-10.2-arm32-eabi/bin/../lib/gcc/arm-none-eabi/10.2.0/../../../../arm-none-eabi/lib/thumb/v7e-m+fp/hard\libc_nano.a(lib_a-nano-reallocr.o)
 .bss           0x1fff92fc        0x0 c:/nxp/s32ds.3.6.5/s32ds/build_tools/gcc_v10.2/gcc-10.2-arm32-eabi/bin/../lib/gcc/arm-none-eabi/10.2.0/../../../../arm-none-eabi/lib/thumb/v7e-m+fp/hard\libc_nano.a(lib_a-sbrkr.o)
 .bss           0x1fff92fc        0x0 c:/nxp/s32ds.3.6.5/s32ds/build_tools/gcc_v10.2/gcc-10.2-arm32-eabi/bin/../lib/gcc/arm-none-eabi/10.2.0/../../../../arm-none-eabi/lib/thumb/v7e-m+fp/hard\libc_nano.a(lib_a-mlock.o)
 .bss           0x1fff92fc        0x0 c:/nxp/s32ds.3.6.5/s32ds/build_tools/gcc_v10.2/gcc-10.2-arm32-eabi/bin/../lib/gcc/arm-none-eabi/10.2.0/../../../../arm-none-eabi/lib/thumb/v7e-m+fp/hard\libc_nano.a(lib_a-nano-msizer.o)
 .bss           0x1fff92fc        0x0 c:/nxp/s32ds.3.6.5/s32ds/build_tools/gcc_v10.2/gcc-10.2-arm32-eabi/bin/../lib/gcc/arm-none-eabi/10.2.0/../../../../arm-none-eabi/lib/thumb/v7e-m+fp/hard\libc_nano.a(lib_a-reent.o)
 .bss           0x1fff92fc        0x0 c:/nxp/s32ds.3.6.5/s32ds/build_tools/gcc_v10.2/gcc-10.2-arm32-eabi/bin/../lib/gcc/arm-none-eabi/10.2.0/../../../../arm-none-eabi/lib/thumb/v7e-m+fp/hard\libm.a(lib_a-wf_log.o)
 .bss           0x1fff92fc        0x0 c:/nxp/s32ds.3.6.5/s32ds/build_tools/gcc_v10.2/gcc-10.2-arm32-eabi/bin/../lib/gcc/arm-none-eabi/10.2.0/../../../../arm-none-eabi/lib/thumb/v7e-m+fp/hard\libm.a(lib_a-ef_log.o)
 .bss           0x1fff92fc        0x0 c:/nxp/s32ds.3.6.5/s32ds/build_tools/gcc_v10.2/gcc-10.2-arm32-eabi/bin/../lib/gcc/arm-none-eabi/10.2.0/../../../../arm-none-eabi/lib/thumb/v7e-m+fp/hard\libm.a(lib_a-sf_nan.o)
 .bss           0x1fff92fc        0x0 c:/nxp/s32ds.3.6.5/s32ds/build_tools/gcc_v10.2/gcc-10.2-arm32-eabi/bin/../lib/gcc/arm-none-eabi/10.2.0/../../../../arm-none-eabi/lib/thumb/v7e-m+fp/hard\libm.a(lib_a-s_lib_ver.o)
 .bss           0x1fff92fc        0x0 c:/nxp/s32ds.3.6.5/s32ds/build_tools/gcc_v10.2/gcc-10.2-arm32-eabi/bin/../lib/gcc/arm-none-eabi/10.2.0/thumb/v7e-m+fp/hard\libgcc.a(_aeabi_ldivmod.o)
 .bss           0x1fff92fc        0x0 c:/nxp/s32ds.3.6.5/s32ds/build_tools/gcc_v10.2/gcc-10.2-arm32-eabi/bin/../lib/gcc/arm-none-eabi/10.2.0/thumb/v7e-m+fp/hard\libgcc.a(_aeabi_uldivmod.o)
 .bss           0x1fff92fc        0x0 c:/nxp/s32ds.3.6.5/s32ds/build_tools/gcc_v10.2/gcc-10.2-arm32-eabi/bin/../lib/gcc/arm-none-eabi/10.2.0/thumb/v7e-m+fp/hard\libgcc.a(_udivmoddi4.o)
 .bss           0x1fff92fc        0x0 c:/nxp/s32ds.3.6.5/s32ds/build_tools/gcc_v10.2/gcc-10.2-arm32-eabi/bin/../lib/gcc/arm-none-eabi/10.2.0/thumb/v7e-m+fp/hard\libgcc.a(_dvmd_tls.o)
 .bss           0x1fff92fc        0x0 c:/nxp/s32ds.3.6.5/s32ds/build_tools/gcc_v10.2/gcc-10.2-arm32-eabi/bin/../lib/gcc/arm-none-eabi/10.2.0/../../../../arm-none-eabi/lib/thumb/v7e-m+fp/hard\libg_nano.a(lib_a-errno.o)
 .bss           0x1fff92fc        0x0 c:/nxp/s32ds.3.6.5/s32ds/build_tools/gcc_v10.2/gcc-10.2-arm32-eabi/bin/../lib/gcc/arm-none-eabi/10.2.0/../../../../arm-none-eabi/lib/thumb/v7e-m+fp/hard\libnosys.a(sbrk.o)
 *(.bss*)
 .bss.__malloc_free_list
                0x1fff92fc        0x4 c:/nxp/s32ds.3.6.5/s32ds/build_tools/gcc_v10.2/gcc-10.2-arm32-eabi/bin/../lib/gcc/arm-none-eabi/10.2.0/../../../../arm-none-eabi/lib/thumb/v7e-m+fp/hard\libc_nano.a(lib_a-nano-mallocr.o)
                0x1fff92fc                __malloc_free_list
 .bss.__malloc_sbrk_start
                0x1fff9300        0x4 c:/nxp/s32ds.3.6.5/s32ds/build_tools/gcc_v10.2/gcc-10.2-arm32-eabi/bin/../lib/gcc/arm-none-eabi/10.2.0/../../../../arm-none-eabi/lib/thumb/v7e-m+fp/hard\libc_nano.a(lib_a-nano-mallocr.o)
                0x1fff9300                __malloc_sbrk_start
 .bss.errno     0x1fff9304        0x4 c:/nxp/s32ds.3.6.5/s32ds/build_tools/gcc_v10.2/gcc-10.2-arm32-eabi/bin/../lib/gcc/arm-none-eabi/10.2.0/../../../../arm-none-eabi/lib/thumb/v7e-m+fp/hard\libc_nano.a(lib_a-reent.o)
                0x1fff9304                errno
 .bss.heap_end.0
                0x1fff9308        0x4 c:/nxp/s32ds.3.6.5/s32ds/build_tools/gcc_v10.2/gcc-10.2-arm32-eabi/bin/../lib/gcc/arm-none-eabi/10.2.0/../../../../arm-none-eabi/lib/thumb/v7e-m+fp/hard\libnosys.a(sbrk.o)
                0x1fff9310                . = ALIGN (0x10)
 *fill*         0x1fff930c        0x4 
 *(.mcal_bss)
 .mcal_bss      0x1fff9310       0x61 ./RTD/src/Clock_Ip.o
                0x1fff9310                Clock_Ip_FreqIds
 *fill*         0x1fff9371        0x3 
 .mcal_bss      0x1fff9374      0x13c ./RTD/src/Clock_Ip_Specific.o
                0x1fff94b0                . = ALIGN (0x10)
                0x1fff94b0                __non_cacheable_bss_start = .
 *(.mcal_bss_no_cacheable)
 .mcal_bss_no_cacheable
                0x1fff94b0      0x168 ./RTD/src/Det.o
                0x1fff94b0                Det_NextIdxList
                0x1fff94c4                Det_RuntimeErrorId
                0x1fff94d0                Det_aErrorState
                0x1fff94f4                Det_Runtime_NextIdxList
                0x1fff9508                Det_aRuntimeErrorState
                0x1fff952c                Det_ModuleId
                0x1fff9540                Det_numTransientEventErrors
                0x1fff9544                Det_TransientInstanceId
                0x1fff954e                Det_RuntimeModuleId
                0x1fff9562                Det_TransientFaultId
                0x1fff956c                Det_OverflowErrorFlag
                0x1fff956e                Det_Transient_Head
                0x1fff9570                Det_RuntimeInstanceId
                0x1fff957c                Det_ModuleState
                0x1fff9580                Det_OverflowRuntimeErrorFlag
                0x1fff9581                Det_RuntimeApiId
                0x1fff958b                Det_OverflowTransientErrorFlag
                0x1fff958c                Det_Head
                0x1fff9590                Det_numEventErrors
                0x1fff9594                Det_Runtime_Head
                0x1fff9596                Det_Tail
                0x1fff9598                Det_InstanceId
                0x1fff95a4                Det_numRuntimeEventErrors
                0x1fff95a8                Det_Runtime_Tail
                0x1fff95aa                Det_TransientApiId
                0x1fff95b4                Det_ApiId
                0x1fff95be                Det_Transient_NextIdxList
                0x1fff95d4                Det_aTransientErrorState
                0x1fff95f8                Det_Transient_Tail
                0x1fff95fa                Det_ErrorId
                0x1fff9604                Det_TransientModuleId
 .mcal_bss_no_cacheable
                0x1fff9618       0x10 ./RTD/src/SchM_Dio.o
 .mcal_bss_no_cacheable
                0x1fff9628       0x18 ./RTD/src/SchM_Mcu.o
 .mcal_bss_no_cacheable
                0x1fff9640       0xe0 ./RTD/src/SchM_Port.o
                0x1fff9720                . = ALIGN (0x10)
                0x1fff9720                __non_cacheable_bss_end = .
                0x1fff9720                __shareable_bss_start = .
 *(.mcal_shared_bss)
                0x1fff9720                . = ALIGN (0x10)
                0x1fff9720                __shareable_bss_end = .
                0x1fff9720                __sram_bss_end = .

.acfls_code_ram
                0x1fff9720        0x0
                0x1fff9720                . = (. + (acfls_code_rom_end - acfls_code_rom_start))

.acmem_43_infls_code_ram
                0x1fff9720        0x0
                0x1fff9720                . = (. + (acmem_43_infls_code_rom_end - acmem_43_infls_code_rom_start))

.heap           0x1fff9720      0x200 load address 0x000083bc
                0x1fff9720                . = ALIGN (0x4)
                0x1fff9720                _end = .
                0x1fff9720                end = .
                0x1fff9720                _heap_start = .
                0x1fff9920                . = (. + HEAP_SIZE)
 *fill*         0x1fff9720      0x200 
                0x1fff9920                _heap_end = .

int_results     0x1fff8000      0x100
                0x1fff8000                . = ALIGN (0x4)
 *(.int_results)
                0x1fff8100                . = (. + 0x100)
 *fill*         0x1fff8000      0x100 
                0x20006000                __Stack_end_c0 = ORIGIN (int_sram_stack_c0)
                0x20007000                __Stack_start_c0 = (ORIGIN (int_sram_stack_c0) + LENGTH (int_sram_stack_c0))
                0x1fff8000                __INT_SRAM_START = ORIGIN (int_sram_results)
                0x20007000                __INT_SRAM_END = ORIGIN (ram_rsvd2)
                0x1fff8b10                __RAM_INIT_START = __data_ram_start
                0x1fff9130                __RAM_INIT_END = __data_ram_end
                0x000077ac                __ROM_INIT_START = __DATA_ROM
                0x00007dcc                __ROM_INIT_END = __DATA_ROM_END
                0x1fff9130                __BSS_SRAM_START = __sram_bss_start
                0x1fff9720                __BSS_SRAM_END = __sram_bss_end
                0x000005f0                __BSS_SRAM_SIZE = (__sram_bss_end - __sram_bss_start)
                0x1fff8800                __RAM_INTERRUPT_START = __interrupts_ram_start
                0x00000000                __ROM_INTERRUPT_START = __interrupts_rom_start
                0x00000310                __ROM_INTERRUPT_END = __interrupts_rom_end
                0x00007784                __INIT_TABLE = __init_table
                0x000077a0                __ZERO_TABLE = __zero_table
                0x00000001                __RAM_INIT = 0x1
                0x00006b14                Fls_ACEraseRomStart = acfls_code_rom_start
                0x00006b14                Fls_ACEraseRomEnd = acfls_code_rom_end
                0x00000000                Fls_ACEraseSize = (((acfls_code_rom_end - acfls_code_rom_start) + 0x3) / 0x4)
                0x00006b14                Fls_ACWriteRomStart = acfls_code_rom_start
                0x00006b14                Fls_ACWriteRomEnd = acfls_code_rom_end
                0x00000000                Fls_ACWriteSize = (((acfls_code_rom_end - acfls_code_rom_start) + 0x3) / 0x4)
                0x1fff9720                _ERASE_FUNC_ADDRESS_ = ADDR (.acfls_code_ram)
                0x1fff9720                _WRITE_FUNC_ADDRESS_ = ADDR (.acfls_code_ram)
                0x00006b14                Mem_43_INFLS_ACEraseRomStart = acmem_43_infls_code_rom_start
                0x00006b14                Mem_43_INFLS_ACEraseRomEnd = acmem_43_infls_code_rom_end
                0x00000000                Mem_43_INFLS_ACEraseSize = (((acmem_43_infls_code_rom_end - acmem_43_infls_code_rom_start) + 0x3) / 0x4)
                0x00006b14                Mem_43_INFLS_ACWriteRomStart = acmem_43_infls_code_rom_start
                0x00006b14                Mem_43_INFLS_ACWriteRomEnd = acmem_43_infls_code_rom_end
                0x00000000                Mem_43_INFLS_ACWriteSize = (((acmem_43_infls_code_rom_end - acmem_43_infls_code_rom_start) + 0x3) / 0x4)
                0x1fff9720                _MEM_43_INFLS_ERASE_FUNC_ADDRESS_ = ADDR (.acmem_43_infls_code_ram)
                0x1fff9720                _MEM_43_INFLS_WRITE_FUNC_ADDRESS_ = ADDR (.acmem_43_infls_code_ram)
                0x1fff8800                __ENTRY_VTABLE = __RAM_INTERRUPT_START
OUTPUT(HMI_V1.elf elf32-littlearm)
LOAD linker stubs

.ARM.attributes
                0x00000000       0x30
 .ARM.attributes
                0x00000000       0x20 ./Project_Settings/Startup_Code/Vector_Table.o
 .ARM.attributes
                0x00000020       0x34 ./Project_Settings/Startup_Code/exceptions.o
 .ARM.attributes
                0x00000054       0x34 ./Project_Settings/Startup_Code/nvic.o
 .ARM.attributes
                0x00000088       0x34 ./Project_Settings/Startup_Code/startup.o
 .ARM.attributes
                0x000000bc       0x1f ./Project_Settings/Startup_Code/startup_cm4.o
 .ARM.attributes
                0x000000db       0x34 ./Project_Settings/Startup_Code/system.o
 .ARM.attributes
                0x0000010f       0x34 ./RTD/src/Clock_Ip.o
 .ARM.attributes
                0x00000143       0x39 ./RTD/src/Clock_Ip_Data.o
 .ARM.attributes
                0x0000017c       0x34 ./RTD/src/Clock_Ip_Divider.o
 .ARM.attributes
                0x000001b0       0x34 ./RTD/src/Clock_Ip_DividerTrigger.o
 .ARM.attributes
                0x000001e4       0x34 ./RTD/src/Clock_Ip_ExtOsc.o
 .ARM.attributes
                0x00000218       0x34 ./RTD/src/Clock_Ip_FracDiv.o
 .ARM.attributes
                0x0000024c       0x34 ./RTD/src/Clock_Ip_Frequency.o
 .ARM.attributes
                0x00000280       0x34 ./RTD/src/Clock_Ip_Gate.o
 .ARM.attributes
                0x000002b4       0x34 ./RTD/src/Clock_Ip_IntOsc.o
 .ARM.attributes
                0x000002e8       0x39 ./RTD/src/Clock_Ip_Irq.o
 .ARM.attributes
                0x00000321       0x34 ./RTD/src/Clock_Ip_Monitor.o
 .ARM.attributes
                0x00000355       0x34 ./RTD/src/Clock_Ip_Pll.o
 .ARM.attributes
                0x00000389       0x34 ./RTD/src/Clock_Ip_ProgFreqSwitch.o
 .ARM.attributes
                0x000003bd       0x34 ./RTD/src/Clock_Ip_Selector.o
 .ARM.attributes
                0x000003f1       0x34 ./RTD/src/Clock_Ip_Specific.o
 .ARM.attributes
                0x00000425       0x34 ./RTD/src/Det.o
 .ARM.attributes
                0x00000459       0x34 ./RTD/src/Det_stub.o
 .ARM.attributes
                0x0000048d       0x34 ./RTD/src/Gpio_Dio_Ip.o
 .ARM.attributes
                0x000004c1       0x39 ./RTD/src/OsIf_Interrupts.o
 .ARM.attributes
                0x000004fa       0x39 ./RTD/src/OsIf_Software_Semaphore.o
 .ARM.attributes
                0x00000533       0x34 ./RTD/src/OsIf_Timer.o
 .ARM.attributes
                0x00000567       0x39 ./RTD/src/OsIf_Timer_System.o
 .ARM.attributes
                0x000005a0       0x34 ./RTD/src/OsIf_Timer_System_Internal_Systick.o
 .ARM.attributes
                0x000005d4       0x34 ./RTD/src/Port_Ci_Port_Ip.o
 .ARM.attributes
                0x00000608       0x34 ./RTD/src/SchM_Dio.o
 .ARM.attributes
                0x0000063c       0x34 ./RTD/src/SchM_Mcu.o
 .ARM.attributes
                0x00000670       0x34 ./RTD/src/SchM_Port.o
 .ARM.attributes
                0x000006a4       0x39 ./board/Port_Ci_Port_Ip_Cfg.o
 .ARM.attributes
                0x000006dd       0x39 ./generate/src/Clock_Ip_Cfg.o
 .ARM.attributes
                0x00000716       0x39 ./generate/src/OsIf_Cfg.o
 .ARM.attributes
                0x0000074f       0x34 ./src/ADC.o
 .ARM.attributes
                0x00000783       0x34 ./src/Delay.o
 .ARM.attributes
                0x000007b7       0x34 ./src/EEPROM.o
 .ARM.attributes
                0x000007eb       0x34 ./src/GPIO.o
 .ARM.attributes
                0x0000081f       0x34 ./src/HMI.o
 .ARM.attributes
                0x00000853       0x34 ./src/LCD.o
 .ARM.attributes
                0x00000887       0x34 ./src/main.o
 .ARM.attributes
                0x000008bb       0x34 c:/nxp/s32ds.3.6.5/s32ds/build_tools/gcc_v10.2/gcc-10.2-arm32-eabi/bin/../lib/gcc/arm-none-eabi/10.2.0/../../../../arm-none-eabi/lib/thumb/v7e-m+fp/hard\libc_nano.a(lib_a-memcmp.o)
 .ARM.attributes
                0x000008ef       0x34 c:/nxp/s32ds.3.6.5/s32ds/build_tools/gcc_v10.2/gcc-10.2-arm32-eabi/bin/../lib/gcc/arm-none-eabi/10.2.0/../../../../arm-none-eabi/lib/thumb/v7e-m+fp/hard\libc_nano.a(lib_a-memset.o)
 .ARM.attributes
                0x00000923       0x34 c:/nxp/s32ds.3.6.5/s32ds/build_tools/gcc_v10.2/gcc-10.2-arm32-eabi/bin/../lib/gcc/arm-none-eabi/10.2.0/../../../../arm-none-eabi/lib/thumb/v7e-m+fp/hard\libc_nano.a(lib_a-snprintf.o)
 .ARM.attributes
                0x00000957       0x32 c:/nxp/s32ds.3.6.5/s32ds/build_tools/gcc_v10.2/gcc-10.2-arm32-eabi/bin/../lib/gcc/arm-none-eabi/10.2.0/../../../../arm-none-eabi/lib/thumb/v7e-m+fp/hard\libc_nano.a(lib_a-impure.o)
 .ARM.attributes
                0x00000989       0x34 c:/nxp/s32ds.3.6.5/s32ds/build_tools/gcc_v10.2/gcc-10.2-arm32-eabi/bin/../lib/gcc/arm-none-eabi/10.2.0/../../../../arm-none-eabi/lib/thumb/v7e-m+fp/hard\libc_nano.a(lib_a-nano-svfprintf.o)
 .ARM.attributes
                0x000009bd       0x34 c:/nxp/s32ds.3.6.5/s32ds/build_tools/gcc_v10.2/gcc-10.2-arm32-eabi/bin/../lib/gcc/arm-none-eabi/10.2.0/../../../../arm-none-eabi/lib/thumb/v7e-m+fp/hard\libc_nano.a(lib_a-nano-vfprintf_i.o)
 .ARM.attributes
                0x000009f1       0x1c c:/nxp/s32ds.3.6.5/s32ds/build_tools/gcc_v10.2/gcc-10.2-arm32-eabi/bin/../lib/gcc/arm-none-eabi/10.2.0/../../../../arm-none-eabi/lib/thumb/v7e-m+fp/hard\libc_nano.a(lib_a-memchr.o)
 .ARM.attributes
                0x00000a0d       0x34 c:/nxp/s32ds.3.6.5/s32ds/build_tools/gcc_v10.2/gcc-10.2-arm32-eabi/bin/../lib/gcc/arm-none-eabi/10.2.0/../../../../arm-none-eabi/lib/thumb/v7e-m+fp/hard\libc_nano.a(lib_a-memcpy-stub.o)
 .ARM.attributes
                0x00000a41       0x34 c:/nxp/s32ds.3.6.5/s32ds/build_tools/gcc_v10.2/gcc-10.2-arm32-eabi/bin/../lib/gcc/arm-none-eabi/10.2.0/../../../../arm-none-eabi/lib/thumb/v7e-m+fp/hard\libc_nano.a(lib_a-memmove.o)
 .ARM.attributes
                0x00000a75       0x34 c:/nxp/s32ds.3.6.5/s32ds/build_tools/gcc_v10.2/gcc-10.2-arm32-eabi/bin/../lib/gcc/arm-none-eabi/10.2.0/../../../../arm-none-eabi/lib/thumb/v7e-m+fp/hard\libc_nano.a(lib_a-nano-freer.o)
 .ARM.attributes
                0x00000aa9       0x34 c:/nxp/s32ds.3.6.5/s32ds/build_tools/gcc_v10.2/gcc-10.2-arm32-eabi/bin/../lib/gcc/arm-none-eabi/10.2.0/../../../../arm-none-eabi/lib/thumb/v7e-m+fp/hard\libc_nano.a(lib_a-nano-mallocr.o)
 .ARM.attributes
                0x00000add       0x34 c:/nxp/s32ds.3.6.5/s32ds/build_tools/gcc_v10.2/gcc-10.2-arm32-eabi/bin/../lib/gcc/arm-none-eabi/10.2.0/../../../../arm-none-eabi/lib/thumb/v7e-m+fp/hard\libc_nano.a(lib_a-nano-reallocr.o)
 .ARM.attributes
                0x00000b11       0x34 c:/nxp/s32ds.3.6.5/s32ds/build_tools/gcc_v10.2/gcc-10.2-arm32-eabi/bin/../lib/gcc/arm-none-eabi/10.2.0/../../../../arm-none-eabi/lib/thumb/v7e-m+fp/hard\libc_nano.a(lib_a-sbrkr.o)
 .ARM.attributes
                0x00000b45       0x34 c:/nxp/s32ds.3.6.5/s32ds/build_tools/gcc_v10.2/gcc-10.2-arm32-eabi/bin/../lib/gcc/arm-none-eabi/10.2.0/../../../../arm-none-eabi/lib/thumb/v7e-m+fp/hard\libc_nano.a(lib_a-mlock.o)
 .ARM.attributes
                0x00000b79       0x34 c:/nxp/s32ds.3.6.5/s32ds/build_tools/gcc_v10.2/gcc-10.2-arm32-eabi/bin/../lib/gcc/arm-none-eabi/10.2.0/../../../../arm-none-eabi/lib/thumb/v7e-m+fp/hard\libc_nano.a(lib_a-nano-msizer.o)
 .ARM.attributes
                0x00000bad       0x34 c:/nxp/s32ds.3.6.5/s32ds/build_tools/gcc_v10.2/gcc-10.2-arm32-eabi/bin/../lib/gcc/arm-none-eabi/10.2.0/../../../../arm-none-eabi/lib/thumb/v7e-m+fp/hard\libc_nano.a(lib_a-reent.o)
 .ARM.attributes
                0x00000be1       0x34 c:/nxp/s32ds.3.6.5/s32ds/build_tools/gcc_v10.2/gcc-10.2-arm32-eabi/bin/../lib/gcc/arm-none-eabi/10.2.0/../../../../arm-none-eabi/lib/thumb/v7e-m+fp/hard\libm.a(lib_a-wf_log.o)
 .ARM.attributes
                0x00000c15       0x34 c:/nxp/s32ds.3.6.5/s32ds/build_tools/gcc_v10.2/gcc-10.2-arm32-eabi/bin/../lib/gcc/arm-none-eabi/10.2.0/../../../../arm-none-eabi/lib/thumb/v7e-m+fp/hard\libm.a(lib_a-ef_log.o)
 .ARM.attributes
                0x00000c49       0x34 c:/nxp/s32ds.3.6.5/s32ds/build_tools/gcc_v10.2/gcc-10.2-arm32-eabi/bin/../lib/gcc/arm-none-eabi/10.2.0/../../../../arm-none-eabi/lib/thumb/v7e-m+fp/hard\libm.a(lib_a-sf_nan.o)
 .ARM.attributes
                0x00000c7d       0x32 c:/nxp/s32ds.3.6.5/s32ds/build_tools/gcc_v10.2/gcc-10.2-arm32-eabi/bin/../lib/gcc/arm-none-eabi/10.2.0/../../../../arm-none-eabi/lib/thumb/v7e-m+fp/hard\libm.a(lib_a-s_lib_ver.o)
 .ARM.attributes
                0x00000caf       0x1e c:/nxp/s32ds.3.6.5/s32ds/build_tools/gcc_v10.2/gcc-10.2-arm32-eabi/bin/../lib/gcc/arm-none-eabi/10.2.0/thumb/v7e-m+fp/hard\libgcc.a(_aeabi_ldivmod.o)
 .ARM.attributes
                0x00000ccd       0x1e c:/nxp/s32ds.3.6.5/s32ds/build_tools/gcc_v10.2/gcc-10.2-arm32-eabi/bin/../lib/gcc/arm-none-eabi/10.2.0/thumb/v7e-m+fp/hard\libgcc.a(_aeabi_uldivmod.o)
 .ARM.attributes
                0x00000ceb       0x34 c:/nxp/s32ds.3.6.5/s32ds/build_tools/gcc_v10.2/gcc-10.2-arm32-eabi/bin/../lib/gcc/arm-none-eabi/10.2.0/thumb/v7e-m+fp/hard\libgcc.a(_udivmoddi4.o)
 .ARM.attributes
                0x00000d1f       0x1e c:/nxp/s32ds.3.6.5/s32ds/build_tools/gcc_v10.2/gcc-10.2-arm32-eabi/bin/../lib/gcc/arm-none-eabi/10.2.0/thumb/v7e-m+fp/hard\libgcc.a(_dvmd_tls.o)
 .ARM.attributes
                0x00000d3d       0x34 c:/nxp/s32ds.3.6.5/s32ds/build_tools/gcc_v10.2/gcc-10.2-arm32-eabi/bin/../lib/gcc/arm-none-eabi/10.2.0/../../../../arm-none-eabi/lib/thumb/v7e-m+fp/hard\libg_nano.a(lib_a-errno.o)
 .ARM.attributes
                0x00000d71       0x34 c:/nxp/s32ds.3.6.5/s32ds/build_tools/gcc_v10.2/gcc-10.2-arm32-eabi/bin/../lib/gcc/arm-none-eabi/10.2.0/../../../../arm-none-eabi/lib/thumb/v7e-m+fp/hard\libnosys.a(sbrk.o)

.comment        0x00000000       0x88
 .comment       0x00000000       0x88 ./Project_Settings/Startup_Code/exceptions.o
                                 0x89 (size before relaxing)
 .comment       0x00000088       0x89 ./Project_Settings/Startup_Code/nvic.o
 .comment       0x00000088       0x89 ./Project_Settings/Startup_Code/startup.o
 .comment       0x00000088       0x89 ./Project_Settings/Startup_Code/system.o
 .comment       0x00000088       0x89 ./RTD/src/Clock_Ip.o
 .comment       0x00000088       0x89 ./RTD/src/Clock_Ip_Data.o
 .comment       0x00000088       0x89 ./RTD/src/Clock_Ip_Divider.o
 .comment       0x00000088       0x89 ./RTD/src/Clock_Ip_DividerTrigger.o
 .comment       0x00000088       0x89 ./RTD/src/Clock_Ip_ExtOsc.o
 .comment       0x00000088       0x89 ./RTD/src/Clock_Ip_FracDiv.o
 .comment       0x00000088       0x89 ./RTD/src/Clock_Ip_Frequency.o
 .comment       0x00000088       0x89 ./RTD/src/Clock_Ip_Gate.o
 .comment       0x00000088       0x89 ./RTD/src/Clock_Ip_IntOsc.o
 .comment       0x00000088       0x89 ./RTD/src/Clock_Ip_Irq.o
 .comment       0x00000088       0x89 ./RTD/src/Clock_Ip_Monitor.o
 .comment       0x00000088       0x89 ./RTD/src/Clock_Ip_Pll.o
 .comment       0x00000088       0x89 ./RTD/src/Clock_Ip_ProgFreqSwitch.o
 .comment       0x00000088       0x89 ./RTD/src/Clock_Ip_Selector.o
 .comment       0x00000088       0x89 ./RTD/src/Clock_Ip_Specific.o
 .comment       0x00000088       0x89 ./RTD/src/Det.o
 .comment       0x00000088       0x89 ./RTD/src/Det_stub.o
 .comment       0x00000088       0x89 ./RTD/src/Gpio_Dio_Ip.o
 .comment       0x00000088       0x89 ./RTD/src/OsIf_Interrupts.o
 .comment       0x00000088       0x89 ./RTD/src/OsIf_Software_Semaphore.o
 .comment       0x00000088       0x89 ./RTD/src/OsIf_Timer.o
 .comment       0x00000088       0x89 ./RTD/src/OsIf_Timer_System.o
 .comment       0x00000088       0x89 ./RTD/src/OsIf_Timer_System_Internal_Systick.o
 .comment       0x00000088       0x89 ./RTD/src/Port_Ci_Port_Ip.o
 .comment       0x00000088       0x89 ./RTD/src/SchM_Dio.o
 .comment       0x00000088       0x89 ./RTD/src/SchM_Mcu.o
 .comment       0x00000088       0x89 ./RTD/src/SchM_Port.o
 .comment       0x00000088       0x89 ./board/Port_Ci_Port_Ip_Cfg.o
 .comment       0x00000088       0x89 ./generate/src/Clock_Ip_Cfg.o
 .comment       0x00000088       0x89 ./generate/src/OsIf_Cfg.o
 .comment       0x00000088       0x89 ./src/ADC.o
 .comment       0x00000088       0x89 ./src/Delay.o
 .comment       0x00000088       0x89 ./src/EEPROM.o
 .comment       0x00000088       0x89 ./src/GPIO.o
 .comment       0x00000088       0x89 ./src/HMI.o
 .comment       0x00000088       0x89 ./src/LCD.o
 .comment       0x00000088       0x89 ./src/main.o
 .comment       0x00000088       0x89 c:/nxp/s32ds.3.6.5/s32ds/build_tools/gcc_v10.2/gcc-10.2-arm32-eabi/bin/../lib/gcc/arm-none-eabi/10.2.0/../../../../arm-none-eabi/lib/thumb/v7e-m+fp/hard\libc_nano.a(lib_a-memcmp.o)
 .comment       0x00000088       0x89 c:/nxp/s32ds.3.6.5/s32ds/build_tools/gcc_v10.2/gcc-10.2-arm32-eabi/bin/../lib/gcc/arm-none-eabi/10.2.0/../../../../arm-none-eabi/lib/thumb/v7e-m+fp/hard\libc_nano.a(lib_a-memset.o)
 .comment       0x00000088       0x89 c:/nxp/s32ds.3.6.5/s32ds/build_tools/gcc_v10.2/gcc-10.2-arm32-eabi/bin/../lib/gcc/arm-none-eabi/10.2.0/../../../../arm-none-eabi/lib/thumb/v7e-m+fp/hard\libc_nano.a(lib_a-snprintf.o)
 .comment       0x00000088       0x89 c:/nxp/s32ds.3.6.5/s32ds/build_tools/gcc_v10.2/gcc-10.2-arm32-eabi/bin/../lib/gcc/arm-none-eabi/10.2.0/../../../../arm-none-eabi/lib/thumb/v7e-m+fp/hard\libc_nano.a(lib_a-impure.o)
 .comment       0x00000088       0x89 c:/nxp/s32ds.3.6.5/s32ds/build_tools/gcc_v10.2/gcc-10.2-arm32-eabi/bin/../lib/gcc/arm-none-eabi/10.2.0/../../../../arm-none-eabi/lib/thumb/v7e-m+fp/hard\libc_nano.a(lib_a-nano-svfprintf.o)
 .comment       0x00000088       0x89 c:/nxp/s32ds.3.6.5/s32ds/build_tools/gcc_v10.2/gcc-10.2-arm32-eabi/bin/../lib/gcc/arm-none-eabi/10.2.0/../../../../arm-none-eabi/lib/thumb/v7e-m+fp/hard\libc_nano.a(lib_a-nano-vfprintf_i.o)
 .comment       0x00000088       0x89 c:/nxp/s32ds.3.6.5/s32ds/build_tools/gcc_v10.2/gcc-10.2-arm32-eabi/bin/../lib/gcc/arm-none-eabi/10.2.0/../../../../arm-none-eabi/lib/thumb/v7e-m+fp/hard\libc_nano.a(lib_a-memcpy-stub.o)
 .comment       0x00000088       0x89 c:/nxp/s32ds.3.6.5/s32ds/build_tools/gcc_v10.2/gcc-10.2-arm32-eabi/bin/../lib/gcc/arm-none-eabi/10.2.0/../../../../arm-none-eabi/lib/thumb/v7e-m+fp/hard\libc_nano.a(lib_a-memmove.o)
 .comment       0x00000088       0x89 c:/nxp/s32ds.3.6.5/s32ds/build_tools/gcc_v10.2/gcc-10.2-arm32-eabi/bin/../lib/gcc/arm-none-eabi/10.2.0/../../../../arm-none-eabi/lib/thumb/v7e-m+fp/hard\libc_nano.a(lib_a-nano-freer.o)
 .comment       0x00000088       0x89 c:/nxp/s32ds.3.6.5/s32ds/build_tools/gcc_v10.2/gcc-10.2-arm32-eabi/bin/../lib/gcc/arm-none-eabi/10.2.0/../../../../arm-none-eabi/lib/thumb/v7e-m+fp/hard\libc_nano.a(lib_a-nano-mallocr.o)
 .comment       0x00000088       0x89 c:/nxp/s32ds.3.6.5/s32ds/build_tools/gcc_v10.2/gcc-10.2-arm32-eabi/bin/../lib/gcc/arm-none-eabi/10.2.0/../../../../arm-none-eabi/lib/thumb/v7e-m+fp/hard\libc_nano.a(lib_a-nano-reallocr.o)
 .comment       0x00000088       0x89 c:/nxp/s32ds.3.6.5/s32ds/build_tools/gcc_v10.2/gcc-10.2-arm32-eabi/bin/../lib/gcc/arm-none-eabi/10.2.0/../../../../arm-none-eabi/lib/thumb/v7e-m+fp/hard\libc_nano.a(lib_a-sbrkr.o)
 .comment       0x00000088       0x89 c:/nxp/s32ds.3.6.5/s32ds/build_tools/gcc_v10.2/gcc-10.2-arm32-eabi/bin/../lib/gcc/arm-none-eabi/10.2.0/../../../../arm-none-eabi/lib/thumb/v7e-m+fp/hard\libc_nano.a(lib_a-mlock.o)
 .comment       0x00000088       0x89 c:/nxp/s32ds.3.6.5/s32ds/build_tools/gcc_v10.2/gcc-10.2-arm32-eabi/bin/../lib/gcc/arm-none-eabi/10.2.0/../../../../arm-none-eabi/lib/thumb/v7e-m+fp/hard\libc_nano.a(lib_a-nano-msizer.o)
 .comment       0x00000088       0x89 c:/nxp/s32ds.3.6.5/s32ds/build_tools/gcc_v10.2/gcc-10.2-arm32-eabi/bin/../lib/gcc/arm-none-eabi/10.2.0/../../../../arm-none-eabi/lib/thumb/v7e-m+fp/hard\libc_nano.a(lib_a-reent.o)
 .comment       0x00000088       0x89 c:/nxp/s32ds.3.6.5/s32ds/build_tools/gcc_v10.2/gcc-10.2-arm32-eabi/bin/../lib/gcc/arm-none-eabi/10.2.0/../../../../arm-none-eabi/lib/thumb/v7e-m+fp/hard\libm.a(lib_a-wf_log.o)
 .comment       0x00000088       0x89 c:/nxp/s32ds.3.6.5/s32ds/build_tools/gcc_v10.2/gcc-10.2-arm32-eabi/bin/../lib/gcc/arm-none-eabi/10.2.0/../../../../arm-none-eabi/lib/thumb/v7e-m+fp/hard\libm.a(lib_a-ef_log.o)
 .comment       0x00000088       0x89 c:/nxp/s32ds.3.6.5/s32ds/build_tools/gcc_v10.2/gcc-10.2-arm32-eabi/bin/../lib/gcc/arm-none-eabi/10.2.0/../../../../arm-none-eabi/lib/thumb/v7e-m+fp/hard\libm.a(lib_a-sf_nan.o)